******************************************************************************
                  TI ARM Linker PC v20.2.2                     
******************************************************************************
>> Linked Thu Nov  5 12:04:33 2020

OUTPUT FILE NAME:   <asgn3c_EK_TM4C123GXL_TI2.out>
ENTRY POINT SYMBOL: "_c_int00"  address: 00004dd5


MEMORY CONFIGURATION

         name            origin    length      used     unused   attr    fill
----------------------  --------  ---------  --------  --------  ----  --------
  FLASH                 00000000   00040000  00009c64  0003639c  R  X
  SRAM                  20000000   00008000  00004424  00003bdc  RW X


SEGMENT ALLOCATION MAP

run origin  load origin   length   init length attrs members
----------  ----------- ---------- ----------- ----- -------
00000000    00000000    00009c70   00009c70    r-x
  00000000    00000000    0000003c   0000003c    r-- .resetVecs
  00000040    00000040    0000700a   0000700a    r-x .text
  0000704c    0000704c    00002926   00002926    r-- .const
  00009978    00009978    000002f8   000002f8    r-- .cinit
20000000    20000000    00000360   00000000    rw-
  20000000    20000000    00000360   00000000    rw- .vecs
20000400    20000400    000040c4   00000000    rw-
  20000400    20000400    000029b0   00000000    rw- .bss
  20002db0    20002db0    00001000   00000000    rw- .stack
  20003db0    20003db0    00000714   00000000    rw- .data


SECTION ALLOCATION MAP

 output                                  attributes/
section   page    origin      length       input sections
--------  ----  ----------  ----------   ----------------
.text      0    00000040    0000700a     
                  00000040    00000430     sysbios.aem4f : BIOS.obj (.text:ti_sysbios_family_arm_m3_Hwi_excDumpRegs__I)
                  00000470    0000034c     ti.targets.arm.rtsarm.aem4f : System.oem4f (.text:xdc_runtime_System_doPrint__I)
                  000007bc    00000004     driverlib.lib : timer.obj (.text:TimerIntClear)
                  000007c0    00000304     sysbios.aem4f : BIOS.obj (.text:ti_sysbios_knl_Semaphore_pend__E)
                  00000ac4    00000004     driverlib.lib : uart.obj (.text:UARTIntClear)
                  00000ac8    0000026c     sysbios.aem4f : BIOS.obj (.text:ti_sysbios_heaps_HeapMem_free__E)
                  00000d34    00000004     rtsv7M4_T_le_v4SPD16_eabi.lib : exit.c.obj (.text:abort:abort)
                  00000d38    00000250     sysbios.aem4f : BIOS.obj (.text:ti_sysbios_heaps_HeapMem_alloc__E)
                  00000f88    000001f4                   : BIOS.obj (.text:ti_sysbios_family_arm_m3_Hwi_excHandlerMax__I)
                  0000117c    00000004     asgn3c_pem4f.oem4f (.text:ti_sysbios_BIOS_RtsGateProxy_enter__E)
                  00001180    000001d8     sysbios.aem4f : BIOS.obj (.text:ti_sysbios_knl_Task_sleep__E)
                  00001358    00000178                   : BIOS.obj (.text:ti_sysbios_family_arm_lm4_TimestampProvider_get64__E)
                  000014d0    00000174                   : BIOS.obj (.text:ti_sysbios_family_arm_m3_Hwi_excBusFault__I)
                  00001644    00000004     asgn3c_pem4f.oem4f (.text:ti_sysbios_BIOS_RtsGateProxy_leave__E)
                  00001648    00000164     sysbios.aem4f : BIOS.obj (.text:ti_sysbios_family_arm_m3_Hwi_excUsageFault__I)
                  000017ac    00000150     drivers_tivaware.aem4f : GPIOTiva.oem4f (.text:GPIO_setConfig)
                  000018fc    00000148                            : UARTTivaDMA.oem4f (.text:UARTTivaDMA_open)
                  00001a44    00000004     sysbios.aem4f : BIOS.obj (.text:ti_sysbios_family_arm_lm4_Timer_masterEnable__I)
                  00001a48    00000148                   : BIOS.obj (.text:ti_sysbios_family_arm_m3_Hwi_excMemFault__I)
                  00001b90    0000013c                   : BIOS.obj (.text:ti_sysbios_heaps_HeapMem_Instance_init__E)
                  00001ccc    00000138     asgn3c_pem4f.oem4f (.text:ti_uia_loggers_LoggerStopMode_writeMemoryRange__E)
                  00001e04    00000130     driverlib.lib : gpio.obj (.text:GPIOPadConfigSet)
                  00001f34    00000124     asgn3c.obj (.text:consoleFxn)
                  00002058    00000118     ti.targets.arm.rtsarm.aem4f : Error.oem4f (.text:xdc_runtime_Error_policyDefault__E)
                  00002170    0000010c     asgn3c_pem4f.oem4f (.text:ti_uia_loggers_LoggerStopMode_write8__E)
                  0000227c    00000004     asgn3c_pem4f.oem4f (.text:ti_sysbios_family_arm_m3_Hwi_destruct)
                  00002280    00000108     sysbios.aem4f : BIOS.obj (.text:ti_sysbios_family_arm_lm4_Timer_start__E)
                  00002388    00000100     Boot.aem4f : Boot_sysctl.oem4f (.text:ti_catalog_arm_cortexm4_tiva_ce_Boot_sysCtlClockSetI__I)
                  00002488    00000100     sysbios.aem4f : BIOS.obj (.text:ti_sysbios_knl_Event_post__E)
                  00002588    00000100     ti.targets.arm.rtsarm.aem4f : Core-mem.oem4f (.text:xdc_runtime_Core_createObject__I)
                  00002688    000000fc     sysbios.aem4f : BIOS.obj (.text:ti_sysbios_knl_Semaphore_post__E)
                  00002784    00000004     asgn3c_pem4f.oem4f (.text:ti_sysbios_family_arm_m3_TaskSupport_Module__startupDone__S)
                  00002788    000000f8     sysbios.aem4f : BIOS.obj (.text:ti_sysbios_utils_Load_updateThreadContexts__E)
                  00002880    000000f8     ti.targets.arm.rtsarm.aem4f : Startup.oem4f (.text:xdc_runtime_Startup_startMods__I)
                  00002978    000000f8     asgn3c_pem4f.oem4f (.text:xdc_runtime_System_printfExtend__I)
                  00002a70    000000f4     sysbios.aem4f : m3_Hwi_asm.obj (.text:ti_sysbios_family_arm_m3_Hwi_dispatch__I)
                  00002b64    000000f4     asgn3c_pem4f.oem4f (.text:ti_uia_loggers_LoggerStopMode_write4__E)
                  00002c58    000000ec     sysbios.aem4f : BIOS.obj (.text:ti_sysbios_knl_Task_postInit__I)
                  00002d44    000000e8     asgn3c_pem4f.oem4f (.text:ti_uia_loggers_LoggerStopMode_write1__E)
                  00002e2c    000000e8     asgn3c_pem4f.oem4f (.text:ti_uia_loggers_LoggerStopMode_write2__E)
                  00002f14    00000004     asgn3c_pem4f.oem4f (.text:ti_sysbios_heaps_HeapMem_Module_GateProxy_enter__E)
                  00002f18    000000d8     sysbios.aem4f : BIOS.obj (.text:ti_sysbios_family_arm_lm4_TimestampProvider_get32__E)
                  00002ff0    000000d8     asgn3c_pem4f.oem4f (.text:ti_uia_loggers_LoggerStopMode_write0__E)
                  000030c8    000000cc     ti.targets.arm.rtsarm.aem4f : Core-smem.oem4f (.text:xdc_runtime_Core_constructObject__I)
                  00003194    00000004     asgn3c_pem4f.oem4f (.text:ti_sysbios_heaps_HeapMem_Module_GateProxy_leave__E)
                  00003198    000000bc     sysbios.aem4f : BIOS.obj (.text:ti_sysbios_family_arm_m3_Hwi_excDebugMon__I)
                  00003254    00000004     asgn3c_pem4f.oem4f (.text:ti_sysbios_knl_Clock_TimerProxy_getMaxTicks__E)
                  00003258    000000bc     sysbios.aem4f : BIOS.obj (.text:ti_sysbios_family_arm_m3_Hwi_excHardFault__I)
                  00003314    00000004     asgn3c_pem4f.oem4f (.text:ti_sysbios_knl_Clock_TimerProxy_getPeriod__E)
                  00003318    000000b4     sysbios.aem4f : BIOS.obj (.text:ti_sysbios_gates_GateMutex_enter__E)
                  000033cc    00000004     asgn3c_pem4f.oem4f (.text:ti_sysbios_knl_Queue_destruct)
                  000033d0    000000b4     sysbios.aem4f : BIOS.obj (.text:ti_sysbios_knl_Task_checkStacks__E)
                  00003484    00000004     asgn3c_pem4f.oem4f (.text:ti_sysbios_knl_Semaphore_destruct)
                  00003488    000000b0     sysbios.aem4f : BIOS.obj (.text:ti_sysbios_utils_Load_idleFxn__E)
                  00003538    000000ac                   : BIOS.obj (.text:ti_sysbios_family_arm_lm4_Timer_enableTiva__I)
                  000035e4    000000a0     auto_init.aem4f : auto_init.oem4f (.text)
                  00003684    000000a0     ti.targets.arm.rtsarm.aem4f : Text.oem4f (.text:xdc_runtime_Text_putMod__E)
                  00003724    0000009c     rtsv7M4_T_le_v4SPD16_eabi.lib : memcpy_t2.asm.obj (.text)
                  000037c0    0000009a     ti.targets.arm.rtsarm.aem4f : Text.oem4f (.text:xdc_runtime_Text_putSite__E)
                  0000385a    00000002     rtsv7M4_T_le_v4SPD16_eabi.lib : _lock.c.obj (.text:_nop)
                  0000385c    00000098     drivers_tivaware.aem4f : UARTTivaDMA.oem4f (.text:UARTTivaDMA_configDMA)
                  000038f4    00000098     Boot.aem4f : Boot.oem4f (.text:ti_catalog_arm_cortexm4_tiva_ce_Boot_sysCtlClockSet__E)
                  0000398c    00000004     ti.uia.loggers.aem4f : LoggerStopMode.oem4f (.text:ti_uia_loggers_LoggerStopMode_getContents__E)
                  00003990    00000098     sysbios.aem4f : BIOS.obj (.text:ti_sysbios_knl_Task_schedule__I)
                  00003a28    00000094                   : BIOS.obj (.text:ti_sysbios_family_arm_m3_Hwi_Instance_init__E)
                  00003abc    00000004     asgn3c_pem4f.oem4f (.text:ti_uia_loggers_LoggerStopMode_getFilterLevel__E)
                  00003ac0    00000094     sysbios.aem4f : BIOS.obj (.text:ti_sysbios_family_arm_m3_Hwi_initNVIC__E)
                  00003b54    00000004     ti.uia.loggers.aem4f : LoggerStopMode.oem4f (.text:ti_uia_loggers_LoggerStopMode_getInstanceId__E)
                  00003b58    00000094     sysbios.aem4f : BIOS.obj (.text:ti_sysbios_knl_Task_exit__E)
                  00003bec    00000004     ti.uia.loggers.aem4f : LoggerStopMode.oem4f (.text:ti_uia_loggers_LoggerStopMode_getMaxLength__E)
                  00003bf0    00000090     sysbios.aem4f : BIOS.obj (.text:ti_sysbios_knl_Task_Module_startup__E)
                  00003c80    00000090                   : BIOS.obj (.text:ti_sysbios_knl_Task_startCore__E)
                  00003d10    00000090                   : BIOS.obj (.text:ti_sysbios_utils_Load_startup__E)
                  00003da0    00000090     ti.uia.loggers.aem4f : LoggerStopMode.oem4f (.text:ti_uia_loggers_LoggerStopMode_initQueueDescriptor__E)
                  00003e30    0000008c     drivers_tivaware.aem4f : GPIOTiva.oem4f (.text:GPIO_init)
                  00003ebc    00000004     ti.uia.loggers.aem4f : LoggerStopMode.oem4f (.text:ti_uia_loggers_LoggerStopMode_getPriority__E)
                  00003ec0    0000008c     sysbios.aem4f : BIOS.obj (.text:ti_sysbios_family_arm_lm4_Timer_enableTimers__I)
                  00003f4c    0000008c                   : m3_TaskSupport_asm.obj (.text:ti_sysbios_family_arm_m3_TaskSupport_buildTaskStack)
                  00003fd8    00000088     EK_TM4C123GXL.obj (.text:EK_TM4C123GXL_initDMA)
                  00004060    00000084     sysbios.aem4f : BIOS.obj (.text:ti_sysbios_family_arm_m3_Hwi_postInit__I)
                  000040e4    00000004     ti.uia.loggers.aem4f : LoggerStopMode.oem4f (.text:ti_uia_loggers_LoggerStopMode_getTransferType__E)
                  000040e8    00000084     sysbios.aem4f : BIOS.obj (.text:ti_sysbios_utils_Load_updateLoads__E)
                  0000416c    00000084     driverlib.lib : udma.obj (.text:uDMAChannelTransferSet)
                  000041f0    00000080     drivers_tivaware.aem4f : UARTTivaDMA.oem4f (.text:UARTTivaDMA_hwiIntFxn)
                  00004270    0000007a     driverlib.lib : adc.obj (.text:ADCSequenceStepConfigure)
                  000042ea    0000007a     rtsv7M4_T_le_v4SPD16_eabi.lib : memset_t2.asm.obj (.text)
                  00004364    00000074     ti.uia.runtime.aem4f : QueueDescriptor.oem4f (.text:ti_uia_runtime_QueueDescriptor_addToList__E)
                  000043d8    00000070     sysbios.aem4f : BIOS.obj (.text:ti_sysbios_knl_Clock_workFunc__E)
                  00004448    00000070                   : BIOS.obj (.text:ti_sysbios_knl_Semaphore_Instance_init__E)
                  000044b8    0000006d     ti.targets.arm.rtsarm.aem4f : System.oem4f (.text:xdc_runtime_System_formatNum__I)
                  00004525    00000001     --HOLE-- [fill = 0]
                  00004526    00000002     rtsv7M4_T_le_v4SPD16_eabi.lib : div0.asm.obj (.text)
                  00004528    0000006c     sysbios.aem4f : BIOS.obj (.text:ti_sysbios_knl_Swi_restoreHwi__E)
                  00004594    00000004     ti.targets.arm.rtsarm.aem4f : Error.oem4f (.text:xdc_runtime_Error_getSite__E)
                  00004598    0000006c     sysbios.aem4f : BIOS.obj (.text:ti_sysbios_utils_Load_taskCreateHook__E)
                  00004604    0000006c     ti.targets.arm.rtsarm.aem4f : Error.oem4f (.text:xdc_runtime_Error_print__E)
                  00004670    0000006c                                 : Memory.oem4f (.text:xdc_runtime_Memory_alloc__E)
                  000046dc    00000068     rtsv7M4_T_le_v4SPD16_eabi.lib : copy_decompress_lzss.c.obj (.text:decompress:lzss:__TI_decompress_lzss)
                  00004744    00000004     asgn3c_pem4f.oem4f (.text:xdc_runtime_System_Module_GateProxy_enter__E)
                  00004748    00000068     sysbios.aem4f : BIOS.obj (.text:ti_sysbios_utils_Load_addTask__E)
                  000047b0    00000066     drivers_tivaware.aem4f : UARTTivaDMA.oem4f (.text:UARTTivaDMA_readPolling)
                  00004816    00000066     ti.uia.loggers.aem4f : LoggerStopMode.oem4f (.text:ti_uia_loggers_LoggerStopMode_flush__E)
                  0000487c    00000066     ti.targets.arm.rtsarm.aem4f : Core-mem.oem4f (.text:xdc_runtime_Core_deleteObject__I)
                  000048e2    00000002     asgn3c_pem4f.oem4f (.text:ti_sysbios_BIOS_nullFunc__I)
                  000048e4    00000064     asgn3c.obj (.text:ADCInit)
                  00004948    00000064     drivers_tivaware.aem4f : GPIOTiva.oem4f (.text:GPIO_hwiIntFxn)
                  000049ac    00000064     asgn3c.obj (.text:main)
                  00004a10    00000064     sysbios.aem4f : BIOS.obj (.text:ti_sysbios_family_arm_lm4_Timer_Module_startup__E)
                  00004a74    00000064     asgn3c_pem4f.oem4f (.text:ti_sysbios_family_arm_m3_Hwi_create)
                  00004ad8    00000064     sysbios.aem4f : BIOS.obj (.text:ti_sysbios_family_arm_m3_Hwi_dispatchC__I)
                  00004b3c    00000060     driverlib.lib : timer.obj (.text:TimerConfigure)
                  00004b9c    00000004     asgn3c_pem4f.oem4f (.text:xdc_runtime_System_Module_GateProxy_leave__E)
                  00004ba0    00000060     sysbios.aem4f : BIOS.obj (.text:ti_sysbios_utils_Load_updateCurrentThreadTime__E)
                  00004c00    0000005c                   : BIOS.obj (.text:ti_sysbios_knl_Swi_run__I)
                  00004c5c    00000004     ti.targets.arm.rtsarm.aem4f : System.oem4f (.text:xdc_runtime_System_aprintf_va__F)
                  00004c60    0000005c     sysbios.aem4f : BIOS.obj (.text:ti_sysbios_knl_Swi_schedule__I)
                  00004cbc    00000004     ti.targets.arm.rtsarm.aem4f : System.oem4f (.text:xdc_runtime_System_printf_va__F)
                  00004cc0    0000005c     sysbios.aem4f : BIOS.obj (.text:ti_sysbios_knl_Task_unblockI__E)
                  00004d1c    0000005c     asgn3c.obj (.text:timerTask)
                  00004d78    0000005b     ti.targets.arm.rtsarm.aem4f : Text.oem4f (.text:xdc_runtime_Text_putLab__E)
                  00004dd3    00000001     --HOLE-- [fill = 0]
                  00004dd4    00000058     boot.aem4f : boot.oem4f (.text)
                  00004e2c    00000058     rtsv7M4_T_le_v4SPD16_eabi.lib : hostwrite.c.obj (.text:HOSTwrite)
                  00004e84    00000058     asgn3c_pem4f.oem4f (.text:ti_sysbios_family_arm_m3_Hwi_construct)
                  00004edc    00000058     sysbios.aem4f : m3_Hwi_asm_switch.obj (.text:ti_sysbios_family_arm_m3_Hwi_initStacks__E)
                  00004f34    00000056     driverlib.lib : gpio.obj (.text:GPIOIntTypeSet)
                  00004f8a    00000056     drivers_tivaware.aem4f : UARTTivaDMA.oem4f (.text:UARTTivaDMA_read)
                  00004fe0    00000056                            : UARTTivaDMA.oem4f (.text:UARTTivaDMA_write)
                  00005036    00000002     asgn3c_pem4f.oem4f (.text:ti_uia_loggers_LoggerStopMode_setFilterLevel__E)
                  00005038    00000054     sysbios.aem4f : BIOS.obj (.text:ti_sysbios_utils_Load_taskSwitchHook__E)
                  0000508c    00000054     ti.targets.arm.rtsarm.aem4f : Assert.oem4f (.text:xdc_runtime_Assert_raise__I)
                  000050e0    00000050     drivers_tivaware.aem4f : GPIOTiva.oem4f (.text:GPIO_setCallback)
                  00005130    00000050                            : GPIOTiva.oem4f (.text:GPIO_toggle)
                  00005180    00000050                            : GPIOTiva.oem4f (.text:GPIO_write)
                  000051d0    00000050     driverlib.lib : sysctl.obj (.text:SysCtlPeripheralReset)
                  00005220    00000050     sysbios.aem4f : BIOS.obj (.text:ti_sysbios_family_arm_m3_Hwi_Module_startup__E)
                  00005270    00000050                   : BIOS.obj (.text:ti_sysbios_utils_Load_logLoads__I)
                  000052c0    00000050     ti.targets.arm.rtsarm.aem4f : Startup.oem4f (.text:xdc_runtime_Startup_exec__E)
                  00005310    00000050                                 : Text.oem4f (.text:xdc_runtime_Text_visitRope2__I)
                  00005360    0000004c     rtsv7M4_T_le_v4SPD16_eabi.lib : cpy_tbl.c.obj (.text:copy_in)
                  000053ac    00000002     ti.uia.loggers.aem4f : LoggerStopMode.oem4f (.text:ti_uia_loggers_LoggerStopMode_setPriority__E)
                  000053ae    00000002     asgn3c_pem4f.oem4f (.text:xdc_runtime_Startup_reset__I)
                  000053b0    0000004c     sysbios.aem4f : BIOS.obj (.text:ti_sysbios_heaps_HeapMem_getStats__E)
                  000053fc    00000004     --HOLE-- [fill = 0]
                  00005400    0000004c                   : BIOS.obj (.text:ti_sysbios_knl_Swi_runLoop__I)
                  0000544c    00000004     --HOLE-- [fill = 0]
                  00005450    0000004c                   : BIOS.obj (.text:ti_sysbios_knl_Task_allBlockedFunction__I)
                  0000549c    0000004c     ti.uia.loggers.aem4f : LoggerStopMode.oem4f (.text:ti_uia_loggers_LoggerStopMode_Module_startup__E)
                  000054e8    00000048     driverlib.lib : gpio.obj (.text:GPIOPinConfigure)
                  00005530    00000048     sysbios.aem4f : BIOS.obj (.text:ti_sysbios_family_arm_m3_Hwi_disableInterrupt__E)
                  00005578    00000048                   : BIOS.obj (.text:ti_sysbios_family_arm_m3_Hwi_enableInterrupt__E)
                  000055c0    00000048                   : BIOS.obj (.text:ti_sysbios_family_arm_m3_Hwi_excReserved__I)
                  00005608    00000048                   : BIOS.obj (.text:ti_sysbios_utils_Load_taskDeleteHook__E)
                  00005650    00000046     ti.targets.arm.rtsarm.aem4f : Core-params.oem4f (.text:xdc_runtime_Core_assignParams__I)
                  00005696    00000002     --HOLE-- [fill = 0]
                  00005698    00000044     sysbios.aem4f : BIOS.obj (.text:ti_sysbios_family_arm_lm4_Timer_isrStub__E)
                  000056dc    00000004     --HOLE-- [fill = 0]
                  000056e0    00000044                   : BIOS.obj (.text:ti_sysbios_family_arm_m3_Hwi_getStackInfo__E)
                  00005724    00000004     --HOLE-- [fill = 0]
                  00005728    00000044                   : BIOS.obj (.text:ti_sysbios_knl_Swi_post__E)
                  0000576c    00000004     --HOLE-- [fill = 0]
                  00005770    00000044                   : BIOS.obj (.text:ti_sysbios_utils_Load_removeTask__E)
                  000057b4    00000044     ti.uia.loggers.aem4f : LoggerStopMode.oem4f (.text:ti_uia_loggers_LoggerStopMode_initBuffer__I)
                  000057f8    00000044     ti.targets.arm.rtsarm.aem4f : Error.oem4f (.text:xdc_runtime_Error_setX__E)
                  0000583c    00000044                                 : SysMin.oem4f (.text:xdc_runtime_SysMin_flush__E)
                  00005880    00000044                                 : Text.oem4f (.text:xdc_runtime_Text_xprintf__I)
                  000058c4    00000042     driverlib.lib : uart.obj (.text:UARTConfigSetExpClk)
                  00005906    00000042     drivers_tivaware.aem4f : UARTTivaDMA.oem4f (.text:UARTTivaDMA_writePolling)
                  00005948    00000040     EK_TM4C123GXL.obj (.text:EK_TM4C123GXL_initGeneral)
                  00005988    00000040     asgn3c.obj (.text:adcTaskFxn)
                  000059c8    00000040     rtsv7M4_T_le_v4SPD16_eabi.lib : u_divt2.asm.obj (.text)
                  00005a08    00000040     sysbios.aem4f : BIOS.obj (.text:ti_sysbios_family_arm_lm4_Timer_startup__E)
                  00005a48    0000003e     driverlib.lib : adc.obj (.text:ADCSequenceConfigure)
                  00005a86    0000003c     drivers_tivaware.aem4f : UARTTivaDMA.oem4f (.text:UARTTivaDMA_close)
                  00005ac2    00000002     --HOLE-- [fill = 0]
                  00005ac4    0000003c     EK_TM4C123GXL.obj (.text:dmaErrorHwi)
                  00005b00    0000003c     sysbios.aem4f : BIOS.obj (.text:ti_sysbios_family_arm_m3_Hwi_excSvCall__I)
                  00005b3c    00000004     --HOLE-- [fill = 0]
                  00005b40    0000003c                   : BIOS.obj (.text:ti_sysbios_heaps_HeapMem_init__I)
                  00005b7c    00000004     --HOLE-- [fill = 0]
                  00005b80    0000003c                   : BIOS.obj (.text:ti_sysbios_knl_Swi_restore__E)
                  00005bbc    00000038     drivers_tivaware.aem4f : UART.oem4f (.text:UART_init)
                  00005bf4    00000038     rtsv7M4_T_le_v4SPD16_eabi.lib : trgmsg.c.obj (.text:__TI_writemsg)
                  00005c2c    00000004     --HOLE-- [fill = 0]
                  00005c30    00000038     sysbios.aem4f : BIOS.obj (.text:ti_sysbios_family_arm_m3_Hwi_excNoIsr__I)
                  00005c68    00000038                   : BIOS.obj (.text:ti_sysbios_knl_Task_processVitalTaskFlag__I)
                  00005ca0    00000038     ti.targets.arm.rtsarm.aem4f : SysMin.oem4f (.text:xdc_runtime_SysMin_putch__E)
                  00005cd8    00000038                                 : System.oem4f (.text:xdc_runtime_System_atexit__E)
                  00005d10    00000034     driverlib.lib : sysctl.obj (.text:SysCtlPeripheralEnable)
                  00005d44    00000034     rtsv7M4_T_le_v4SPD16_eabi.lib : trgmsg.c.obj (.text:__TI_readmsg)
                  00005d78    00000034     sysbios.aem4f : BIOS.obj (.text:ti_sysbios_family_arm_m3_Hwi_Instance_finalize__E)
                  00005dac    00000004     --HOLE-- [fill = 0]
                  00005db0    00000034                   : BIOS.obj (.text:ti_sysbios_family_arm_m3_Hwi_excNmi__I)
                  00005de4    00000004     --HOLE-- [fill = 0]
                  00005de8    00000034                   : BIOS.obj (.text:ti_sysbios_hal_Hwi_checkStack)
                  00005e1c    00000034     ti.uia.loggers.aem4f : LoggerStopMode.oem4f (.text:ti_uia_loggers_LoggerStopMode_reset__E)
                  00005e50    00000034     ti.targets.arm.rtsarm.aem4f : Core-label.oem4f (.text:xdc_runtime_Core_assignLabel__I)
                  00005e84    00000033                                 : Text.oem4f (.text:xdc_runtime_Text_printVisFxn__I)
                  00005eb7    00000001     --HOLE-- [fill = 0]
                  00005eb8    00000032     sysbios.aem4f : BIOS.obj (.text:ti_sysbios_hal_Hwi_initStack)
                  00005eea    00000006     driverlib.lib : gpio.obj (.text:GPIOIntClear)
                  00005ef0    00000032     sysbios.aem4f : BIOS.obj (.text:ti_sysbios_knl_Semaphore_pendTimeout__I)
                  00005f22    00000002     --HOLE-- [fill = 0]
                  00005f24    00000030     EK_TM4C123GXL.obj (.text:EK_TM4C123GXL_initGPIO)
                  00005f54    00000030     EK_TM4C123GXL.obj (.text:EK_TM4C123GXL_initUART)
                  00005f84    00000030     drivers_tivaware.aem4f : UART.oem4f (.text:UART_open)
                  00005fb4    00000030     asgn3c_pem4f.oem4f (.text:ti_sysbios_BIOS_atExitFunc__I)
                  00005fe4    00000004     --HOLE-- [fill = 0]
                  00005fe8    00000030     sysbios.aem4f : BIOS.obj (.text:ti_sysbios_family_arm_lm4_Timer_stop__E)
                  00006018    00000030                   : BIOS.obj (.text:ti_sysbios_family_arm_m3_TaskSupport_start__E)
                  00006048    00000030     asgn3c_pem4f.oem4f (.text:ti_sysbios_gates_GateHwi_Object__create__S)
                  00006078    00000030     asgn3c_pem4f.oem4f (.text:ti_sysbios_gates_GateMutex_Object__create__S)
                  000060a8    00000030     asgn3c_pem4f.oem4f (.text:ti_sysbios_heaps_HeapMem_Object__create__S)
                  000060d8    00000030     asgn3c_pem4f.oem4f (.text:ti_sysbios_knl_Semaphore_construct)
                  00006108    00000030     asgn3c_pem4f.oem4f (.text:ti_uia_loggers_LoggerStopMode_Object__create__S)
                  00006138    00000030     ti.targets.arm.rtsarm.aem4f : SysMin.oem4f (.text:xdc_runtime_SysMin_abort__E)
                  00006168    00000030                                 : System.oem4f (.text:xdc_runtime_System_processAtExit__E)
                  00006198    0000002e     drivers_tivaware.aem4f : UARTTivaDMA.oem4f (.text:readCancel)
                  000061c6    0000002e                            : UARTTivaDMA.oem4f (.text:writeCancel)
                  000061f4    0000002c     asgn3c_pem4f.oem4f (.text:ti_sysbios_knl_Clock_doTick__I)
                  00006220    0000002c     asgn3c_pem4f.oem4f (.text:ti_sysbios_knl_Queue_construct)
                  0000624c    00000004     --HOLE-- [fill = 0]
                  00006250    0000002c     sysbios.aem4f : BIOS.obj (.text:ti_sysbios_knl_Task_restore__E)
                  0000627c    0000002c     driverlib.lib : udma.obj (.text:uDMAChannelAssign)
                  000062a8    0000002c     ti.targets.arm.rtsarm.aem4f : Text.oem4f (.text:xdc_runtime_Text_cordText__E)
                  000062d4    0000002a     driverlib.lib : gpio.obj (.text:GPIODirModeSet)
                  000062fe    0000002a     ti.targets.arm.rtsarm.aem4f : System.oem4f (.text:xdc_runtime_System_putchar__I)
                  00006328    00000028     asgn3c_pem4f.oem4f (.text:ti_sysbios_BIOS_startFunc__I)
                  00006350    00000028     sysbios.aem4f : BIOS.obj (.text:ti_sysbios_knl_Semaphore_Instance_finalize__E)
                  00006378    00000028                   : BIOS.obj (.text:ti_sysbios_knl_Swi_Module_startup__E)
                  000063a0    00000026                   : m3_Hwi_asm.obj (.text:ti_sysbios_family_arm_m3_Hwi_pendSV__I)
                  000063c6    00000026     ti.targets.arm.rtsarm.aem4f : System.oem4f (.text:xdc_runtime_System_avprintf__E)
                  000063ec    00000024     asgn3c_pem4f.oem4f (.text:ti_sysbios_BIOS_registerRTSLock__I)
                  00006410    00000024     asgn3c_pem4f.oem4f (.text:ti_sysbios_BIOS_removeRTSLock__I)
                  00006434    00000024     asgn3c_pem4f.oem4f (.text:ti_sysbios_gates_GateMutex_Object__delete__S)
                  00006458    00000024     sysbios.aem4f : BIOS.obj (.text:ti_sysbios_knl_Clock_Module_startup__E)
                  0000647c    00000004     --HOLE-- [fill = 0]
                  00006480    00000024                   : BIOS.obj (.text:ti_sysbios_knl_Task_restoreHwi__E)
                  000064a4    00000024     driverlib.lib : udma.obj (.text:uDMAChannelControlSet)
                  000064c8    00000024                   : udma.obj (.text:uDMAChannelSizeGet)
                  000064ec    00000024     ti.targets.arm.rtsarm.aem4f : System.oem4f (.text:xdc_runtime_System_vprintf__E)
                  00006510    00000022     sysbios.aem4f : BIOS.obj (.text:ti_sysbios_family_arm_lm4_Timer_write__I)
                  00006532    00000022     asgn3c_pem4f.oem4f (.text:xdc_runtime_SysMin_output__I)
                  00006554    00000020     asgn3c_pem4f.oem4f (.text:ti_sysbios_BIOS_rtsLock__I)
                  00006574    00000004     --HOLE-- [fill = 0]
                  00006578    00000020     sysbios.aem4f : BIOS.obj (.text:ti_sysbios_family_arm_m3_Hwi_clearInterrupt__E)
                  00006598    00000020                   : m3_Hwi_asm.obj (.text:ti_sysbios_family_arm_m3_Hwi_excHandlerAsm__I)
                  000065b8    00000020                   : BIOS.obj (.text:ti_sysbios_family_arm_m3_Hwi_excHandler__I)
                  000065d8    00000020     asgn3c_pem4f.oem4f (.text:ti_sysbios_gates_GateHwi_Object__delete__S)
                  000065f8    00000020     asgn3c_pem4f.oem4f (.text:ti_sysbios_heaps_HeapMem_Object__delete__S)
                  00006618    00000020     sysbios.aem4f : BIOS.obj (.text:ti_sysbios_knl_Idle_run__E)
                  00006638    00000020     asgn3c_pem4f.oem4f (.text:ti_sysbios_knl_Semaphore_Object__destruct__S)
                  00006658    00000020     asgn3c_pem4f.oem4f (.text:ti_uia_loggers_LoggerStopMode_Object__delete__S)
                  00006678    00000020     ti.targets.arm.rtsarm.aem4f : Registry.oem4f (.text:xdc_runtime_Registry_findById__E)
                  00006698    00000020                                 : SysMin.oem4f (.text:xdc_runtime_SysMin_Module_startup__E)
                  000066b8    0000001e     driverlib.lib : adc.obj (.text:ADCSequenceDataGet)
                  000066d6    0000001e     asgn3c_pem4f.oem4f (.text:ti_sysbios_BIOS_errorRaiseHook__I)
                  000066f4    0000001e     sysbios.aem4f : m3_Hwi_asm_switch.obj (.text:ti_sysbios_family_xxx_Hwi_switchAndRunFunc)
                  00006712    00000002     --HOLE-- [fill = 0]
                  00006714    0000001c     driverlib.lib : sysctl.obj (.text:SysCtlGPIOAHBEnable)
                  00006730    0000001c                   : uart.obj (.text:UARTDisable)
                  0000674c    0000001c     drivers_tivaware.aem4f : GPIOTiva.oem4f (.text:getGpioIntIndex)
                  00006768    0000001c     asgn3c_pem4f.oem4f (.text:ti_sysbios_family_arm_m3_Hwi_Object__destruct__S)
                  00006784    00000004     --HOLE-- [fill = 0]
                  00006788    0000001c     sysbios.aem4f : BIOS.obj (.text:ti_sysbios_gates_GateMutex_Instance_init__E)
                  000067a4    0000001c     asgn3c_pem4f.oem4f (.text:ti_sysbios_knl_Queue_Object__destruct__S)
                  000067c0    0000001c     sysbios.aem4f : BIOS.obj (.text:ti_sysbios_knl_Queue_put__E)
                  000067dc    00000004     --HOLE-- [fill = 0]
                  000067e0    0000001c                   : BIOS.obj (.text:ti_sysbios_knl_Task_enter__I)
                  000067fc    0000001c     ti.uia.loggers.aem4f : LoggerStopMode.oem4f (.text:ti_uia_loggers_LoggerStopMode_Instance_init__E)
                  00006818    0000001c     ti.targets.arm.rtsarm.aem4f : Error.oem4f (.text:xdc_runtime_Error_raiseX__E)
                  00006834    0000001c                                 : Memory.oem4f (.text:xdc_runtime_Memory_valloc__E)
                  00006850    0000001c                                 : SysMin.oem4f (.text:xdc_runtime_SysMin_exit__E)
                  0000686c    0000001c                                 : System.oem4f (.text:xdc_runtime_System_abort__E)
                  00006888    0000001a     asgn3c_pem4f.oem4f (.text:ti_sysbios_family_arm_m3_Hwi_Handle__label__S)
                  000068a2    0000001a     asgn3c_pem4f.oem4f (.text:ti_sysbios_gates_GateHwi_Handle__label__S)
                  000068bc    0000001a     asgn3c_pem4f.oem4f (.text:ti_sysbios_gates_GateMutex_Handle__label__S)
                  000068d6    0000001a     asgn3c_pem4f.oem4f (.text:ti_sysbios_heaps_HeapMem_Handle__label__S)
                  000068f0    0000001a     asgn3c_pem4f.oem4f (.text:ti_sysbios_knl_Swi_Handle__label__S)
                  0000690a    0000001a     asgn3c_pem4f.oem4f (.text:ti_sysbios_knl_Task_Handle__label__S)
                  00006924    00000004     --HOLE-- [fill = 0]
                  00006928    0000001a     sysbios.aem4f : BIOS.obj (.text:ti_sysbios_knl_Task_sleepTimeout__I)
                  00006942    0000001a     asgn3c_pem4f.oem4f (.text:ti_uia_loggers_LoggerStopMode_Handle__label__S)
                  0000695c    0000001a     asgn3c_pem4f.oem4f (.text:xdc_runtime_System_aprintf__E)
                  00006976    0000001a     asgn3c_pem4f.oem4f (.text:xdc_runtime_System_printf__E)
                  00006990    00000018     driverlib.lib : adc.obj (.text:ADCProcessorTrigger)
                  000069a8    00000018     drivers_tivaware.aem4f : UARTTivaDMA.oem4f (.text:UARTTivaDMA_readCancel)
                  000069c0    00000018                            : UARTTivaDMA.oem4f (.text:UARTTivaDMA_writeCancel)
                  000069d8    00000018                            : UART.oem4f (.text:UART_Params_init)
                  000069f0    00000018     rtsv7M4_T_le_v4SPD16_eabi.lib : args_main.c.obj (.text:_args_main)
                  00006a08    00000018     asgn3c_pem4f.oem4f (.text:ti_sysbios_BIOS_rtsUnlock__I)
                  00006a20    00000018     asgn3c_pem4f.oem4f (.text:ti_sysbios_family_arm_lm4_Timer_Module__startupDone__F)
                  00006a38    00000018     asgn3c_pem4f.oem4f (.text:ti_sysbios_family_arm_m3_Hwi_Module__startupDone__F)
                  00006a50    00000018     sysbios.aem4f : m3_TaskSupport_asm.obj (.text:ti_sysbios_family_arm_m3_TaskSupport_swap__E)
                  00006a68    00000018                   : BIOS.obj (.text:ti_sysbios_gates_GateMutex_leave__E)
                  00006a80    00000018     driverlib.lib : udma.obj (.text:uDMAChannelDisable)
                  00006a98    00000018                   : udma.obj (.text:uDMAChannelEnable)
                  00006ab0    00000018                   : udma.obj (.text:uDMAChannelIsEnabled)
                  00006ac8    00000018     ti.targets.arm.rtsarm.aem4f : Error.oem4f (.text:xdc_runtime_Error_check__E)
                  00006ae0    00000018                                 : System.oem4f (.text:xdc_runtime_System_exit__E)
                  00006af8    00000018                                 : Text.oem4f (.text:xdc_runtime_Text_ropeText__E)
                  00006b10    00000016     asgn3c.obj (.text:heartBeatFxn)
                  00006b26    00000016     asgn3c_pem4f.oem4f (.text:ti_sysbios_BIOS_exitFunc__I)
                  00006b3c    00000016     EK_TM4C123GXL.obj (.text:ti_sysbios_family_arm_m3_Hwi_Params_init)
                  00006b52    00000016     ti.uia.loggers.aem4f : LoggerStopMode.oem4f (.text:ti_uia_loggers_LoggerStopMode_disable__E)
                  00006b68    00000016                          : LoggerStopMode.oem4f (.text:ti_uia_loggers_LoggerStopMode_enable__E)
                  00006b7e    00000014     driverlib.lib : uart.obj (.text:UARTEnable)
                  00006b92    00000014     rtsv7M4_T_le_v4SPD16_eabi.lib : strlen.c.obj (.text:strlen)
                  00006ba6    00000002     --HOLE-- [fill = 0]
                  00006ba8    00000014     asgn3c_pem4f.oem4f (.text:ti_sysbios_family_arm_m3_Hwi_Object__get__S)
                  00006bbc    00000004     --HOLE-- [fill = 0]
                  00006bc0    00000014     sysbios.aem4f : BIOS.obj (.text:ti_sysbios_family_arm_m3_Hwi_switchFromBootStack__E)
                  00006bd4    00000014     asgn3c_pem4f.oem4f (.text:ti_sysbios_heaps_HeapMem_Object__get__S)
                  00006be8    00000014     asgn3c_pem4f.oem4f (.text:ti_sysbios_knl_Swi_Object__get__S)
                  00006bfc    00000014     asgn3c_pem4f.oem4f (.text:ti_sysbios_knl_Task_Object__get__S)
                  00006c10    00000012     driverlib.lib : adc.obj (.text:ADCHardwareOversampleConfigure)
                  00006c22    00000012                   : gpio.obj (.text:GPIOPinTypeADC)
                  00006c34    00000012                   : gpio.obj (.text:GPIOPinTypeGPIOInput)
                  00006c46    00000012                   : gpio.obj (.text:GPIOPinTypeUART)
                  00006c58    00000012                   : timer.obj (.text:TimerLoadSet)
                  00006c6a    00000006                   : gpio.obj (.text:GPIOPinRead)
                  00006c70    00000012     sysbios.aem4f : BIOS.obj (.text:ti_sysbios_hal_Hwi_Module_startup__E)
                  00006c82    00000006     driverlib.lib : gpio.obj (.text:GPIOPinWrite)
                  00006c88    00000012     sysbios.aem4f : BIOS.obj (.text:ti_sysbios_hal_Timer_Module_startup__E)
                  00006c9a    00000006     driverlib.lib : uart.obj (.text:UARTFIFOLevelSet)
                  00006ca0    00000012     sysbios.aem4f : BIOS.obj (.text:ti_sysbios_knl_Event_sync__E)
                  00006cb2    00000012     asgn3c_pem4f.oem4f (.text:xdc_runtime_Startup_exec__I)
                  00006cc4    00000004     --HOLE-- [fill = 0]
                  00006cc8    00000010     sysbios.aem4f : BIOS.obj (.text:ti_sysbios_BIOS_getCpuFreq__E)
                  00006cd8    00000010                   : BIOS.obj (.text:ti_sysbios_BIOS_setThreadType__E)
                  00006ce8    00000010                   : BIOS.obj (.text:ti_sysbios_BIOS_start__E)
                  00006cf8    00000010                   : BIOS.obj (.text:ti_sysbios_family_arm_lm4_TimestampProvider_rolloverFunc__E)
                  00006d08    00000010                   : m3_TaskSupport_asm.obj (.text:ti_sysbios_family_arm_m3_TaskSupport_glue)
                  00006d18    00000010                   : BIOS.obj (.text:ti_sysbios_gates_GateMutex_Instance_finalize__E)
                  00006d28    00000010                   : BIOS.obj (.text:ti_sysbios_knl_Swi_disable__E)
                  00006d38    00000010                   : BIOS.obj (.text:ti_sysbios_knl_Task_disable__E)
                  00006d48    00000010     asgn3c_pem4f.oem4f (.text:ti_uia_loggers_LoggerStopMode_Object__get__S)
                  00006d58    00000010     ti.uia.loggers.aem4f : LoggerStopMode.oem4f (.text:ti_uia_loggers_LoggerStopMode_isEmpty__E)
                  00006d68    00000010     driverlib.lib : udma.obj (.text:uDMAEnable)
                  00006d78    00000010     ti.targets.arm.rtsarm.aem4f : Gate.oem4f (.text:xdc_runtime_Gate_leaveSystem__E)
                  00006d88    00000010                                 : Memory.oem4f (.text:xdc_runtime_Memory_free__E)
                  00006d98    00000010                                 : SysMin.oem4f (.text:xdc_runtime_SysMin_ready__E)
                  00006da8    00000010                                 : System.oem4f (.text:xdc_runtime_System_vsnprintf__E)
                  00006db8    00000010     asgn3c_pem4f.oem4f (.text:xdc_runtime_Text_visitRope__I)
                  00006dc8    0000000e     driverlib.lib : adc.obj (.text:ADCSequenceEnable)
                  00006dd6    0000000e                   : gpio.obj (.text:GPIOIntStatus)
                  00006de4    0000000e                   : timer.obj (.text:TimerEnable)
                  00006df2    0000000e     rtsv7M4_T_le_v4SPD16_eabi.lib : copy_decompress_none.c.obj (.text:decompress:none:__TI_decompress_none)
                  00006e00    0000000e     sysbios.aem4f : BIOS.obj (.text:ti_sysbios_knl_Idle_loop__E)
                  00006e0e    00000002     --HOLE-- [fill = 0]
                  00006e10    0000000e                   : BIOS.obj (.text:ti_sysbios_knl_Queue_empty__E)
                  00006e1e    00000002     --HOLE-- [fill = 0]
                  00006e20    0000000c     asgn3c_pem4f.oem4f (.text:.bootCodeSection:ti_catalog_arm_cortexm4_tiva_ce_Boot_init__I)
                  00006e2c    0000000c     driverlib.lib : adc.obj (.text:ADCReferenceSet)
                  00006e38    0000000c     rtsv7M4_T_le_v4SPD16_eabi.lib : _lock.c.obj (.text:_register_lock)
                  00006e44    0000000c                                   : _lock.c.obj (.text:_register_unlock)
                  00006e50    0000000c                                   : copy_zero_init.c.obj (.text:decompress:ZI:__TI_zero_init)
                  00006e5c    00000004     --HOLE-- [fill = 0]
                  00006e60    0000000c     sysbios.aem4f : BIOS.obj (.text:ti_sysbios_family_arm_lm4_Timer_getMaxTicks__E)
                  00006e6c    00000004     --HOLE-- [fill = 0]
                  00006e70    0000000c                   : BIOS.obj (.text:ti_sysbios_family_arm_lm4_TimestampProvider_startTimer__E)
                  00006e7c    0000000c     asgn3c_pem4f.oem4f (.text:ti_sysbios_family_arm_m3_Hwi_Params__init__S)
                  00006e88    0000000c     sysbios.aem4f : BIOS.obj (.text:ti_sysbios_family_arm_m3_Hwi_disableFxn__E)
                  00006e94    00000004     --HOLE-- [fill = 0]
                  00006e98    0000000c                   : BIOS.obj (.text:ti_sysbios_family_arm_m3_TaskSupport_checkStack__E)
                  00006ea4    00000004     --HOLE-- [fill = 0]
                  00006ea8    0000000c                   : BIOS.obj (.text:ti_sysbios_gates_GateHwi_enter__E)
                  00006eb4    0000000c     asgn3c_pem4f.oem4f (.text:ti_sysbios_knl_Queue_Object__get__S)
                  00006ec0    0000000c     asgn3c_pem4f.oem4f (.text:ti_sysbios_knl_Semaphore_Params__init__S)
                  00006ecc    00000004     --HOLE-- [fill = 0]
                  00006ed0    0000000c     sysbios.aem4f : BIOS.obj (.text:ti_sysbios_utils_Load_taskRegHook__E)
                  00006edc    0000000c     driverlib.lib : udma.obj (.text:uDMAControlBaseSet)
                  00006ee8    0000000c                   : udma.obj (.text:uDMAErrorStatusClear)
                  00006ef4    0000000c                   : udma.obj (.text:uDMAErrorStatusGet)
                  00006f00    0000000c     ti.targets.arm.rtsarm.aem4f : Error.oem4f (.text:xdc_runtime_Error_init__E)
                  00006f0c    0000000c                                 : Gate.oem4f (.text:xdc_runtime_Gate_enterSystem__E)
                  00006f18    0000000c                                 : Memory.oem4f (.text:xdc_runtime_Memory_calloc__E)
                  00006f24    0000000c                                 : Memory.oem4f (.text:xdc_runtime_Memory_getMaxDefaultTypeAlign__E)
                  00006f30    0000000a     driverlib.lib : adc.obj (.text:ADCIntClear)
                  00006f3a    0000000a                   : uart.obj (.text:UARTCharGet)
                  00006f44    0000000a                   : uart.obj (.text:UARTCharPut)
                  00006f4e    0000000a                   : uart.obj (.text:UARTDMADisable)
                  00006f58    0000000a                   : uart.obj (.text:UARTIntDisable)
                  00006f62    0000000a                   : uart.obj (.text:UARTIntStatus)
                  00006f6c    0000000a     drivers_tivaware.aem4f : UART.oem4f (.text:UART_write)
                  00006f76    0000000a     asgn3c_pem4f.oem4f (.text:xdc_runtime_IHeap_alloc)
                  00006f80    0000000a     asgn3c_pem4f.oem4f (.text:xdc_runtime_IHeap_free)
                  00006f8a    00000008     driverlib.lib : timer.obj (.text:TimerIntEnable)
                  00006f92    00000008                   : uart.obj (.text:UARTDMAEnable)
                  00006f9a    00000008                   : uart.obj (.text:UARTIntEnable)
                  00006fa2    00000008     drivers_tivaware.aem4f : UARTTivaDMA.oem4f (.text:UARTTivaDMA_init)
                  00006faa    00000008                            : UARTTivaDMA.oem4f (.text:readSemCallback)
                  00006fb2    00000008     sysbios.aem4f : BIOS.obj (.text:ti_sysbios_family_arm_lm4_Timer_masterDisable__I)
                  00006fba    00000006     drivers_tivaware.aem4f : UARTTivaDMA.oem4f (.text:UARTTivaDMA_control)
                  00006fc0    00000008     sysbios.aem4f : BIOS.obj (.text:ti_sysbios_family_arm_m3_Hwi_doSwiRestore__I)
                  00006fc8    00000008                   : BIOS.obj (.text:ti_sysbios_family_arm_m3_Hwi_startup__E)
                  00006fd0    00000008     drivers_tivaware.aem4f : UARTTivaDMA.oem4f (.text:writeSemCallback)
                  00006fd8    00000006     Boot.aem4f : Boot_sysctl.oem4f (.text:ti_catalog_arm_cortexm4_tiva_ce_Boot_sysCtlDelayI__I)
                  00006fde    00000002     --HOLE-- [fill = 0]
                  00006fe0    00000006     sysbios.aem4f : BIOS.obj (.text:ti_sysbios_family_arm_lm4_TimestampProvider_Module_startup__E)
                  00006fe6    00000002     --HOLE-- [fill = 0]
                  00006fe8    00000006                   : BIOS.obj (.text:ti_sysbios_family_arm_m3_Hwi_doTaskRestore__I)
                  00006fee    00000002     --HOLE-- [fill = 0]
                  00006ff0    00000006                   : BIOS.obj (.text:ti_sysbios_family_arm_m3_Hwi_restoreFxn__E)
                  00006ff6    00000002     --HOLE-- [fill = 0]
                  00006ff8    00000006                   : BIOS.obj (.text:ti_sysbios_gates_GateHwi_leave__E)
                  00006ffe    00000002     --HOLE-- [fill = 0]
                  00007000    00000006                   : BIOS.obj (.text:ti_sysbios_heaps_HeapMem_isBlocking__E)
                  00007006    00000002     --HOLE-- [fill = 0]
                  00007008    00000006                   : BIOS.obj (.text:ti_sysbios_knl_Queue_Instance_init__E)
                  0000700e    00000002     --HOLE-- [fill = 0]
                  00007010    00000006                   : BIOS.obj (.text:ti_sysbios_knl_Swi_startup__E)
                  00007016    00000006     ti.targets.arm.rtsarm.aem4f : System.oem4f (.text:xdc_runtime_System_Module_startup__E)
                  0000701c    00000004     --HOLE-- [fill = 0]
                  00007020    00000004     sysbios.aem4f : BIOS.obj (.text:ti_sysbios_family_arm_lm4_Timer_getPeriod__E)
                  00007024    00000004     --HOLE-- [fill = 0]
                  00007028    00000004                   : BIOS.obj (.text:ti_sysbios_gates_GateHwi_query__E)
                  0000702c    00000004     --HOLE-- [fill = 0]
                  00007030    00000004                   : BIOS.obj (.text:ti_sysbios_gates_GateMutex_query__E)
                  00007034    00000004     --HOLE-- [fill = 0]
                  00007038    00000004                   : BIOS.obj (.text:ti_sysbios_knl_Task_startup__E)
                  0000703c    00000004     --HOLE-- [fill = 0]
                  00007040    00000002                   : BIOS.obj (.text:ti_sysbios_gates_GateHwi_Instance_init__E)
                  00007042    00000006     --HOLE-- [fill = 0]
                  00007048    00000002                   : BIOS.obj (.text:ti_sysbios_knl_Clock_logTick__E)

.const     0    0000704c    00002926     
                  0000704c    00002070     asgn3c_pem4f.oem4f (.const:xdc_runtime_Text_charTab__A)
                  000090bc    00000108     asgn3c_pem4f.oem4f (.const:xdc_runtime_Text_nodeTab__A)
                  000091c4    00000090     driverlib.lib : gpio.obj (.const:g_pui32GPIOBaseAddrs)
                  00009254    00000060     asgn3c_pem4f.oem4f (.const:ti_uia_loggers_LoggerStopMode_Module__FXNS__C)
                  000092b4    00000054     drivers_tivaware.aem4f : GPIOTiva.oem4f (.const:.string)
                  00009308    00000048     asgn3c_pem4f.oem4f (.const:.string)
                  00009350    00000048     drivers_tivaware.aem4f : GPIOTiva.oem4f (.const:gpioBaseAddresses)
                  00009398    00000030     asgn3c_pem4f.oem4f (.const:ti_sysbios_family_arm_m3_Hwi_Object__PARAMS__C)
                  000093c8    0000002c     drivers_tivaware.aem4f : UARTTivaDMA.oem4f (.const)
                  000093f4    0000002c     asgn3c_pem4f.oem4f (.const:xdc_runtime_Startup_sfxnTab__A)
                  00009420    00000028     drivers_tivaware.aem4f : UARTTivaDMA.oem4f (.const:UARTTivaDMA_fxnTable)
                  00009448    00000028     asgn3c_pem4f.oem4f (.const:ti_sysbios_heaps_HeapMem_Module__FXNS__C)
                  00009470    00000028     asgn3c_pem4f.oem4f (.const:ti_uia_loggers_LoggerStopMode_Object__PARAMS__C)
                  00009498    00000024     drivers_tivaware.aem4f : UART.oem4f (.const:UART_defaultParams)
                  000094bc    00000024     asgn3c_pem4f.oem4f (.const:ti_sysbios_gates_GateHwi_Module__FXNS__C)
                  000094e0    00000024     asgn3c_pem4f.oem4f (.const:ti_sysbios_gates_GateMutex_Module__FXNS__C)
                  00009504    00000024     asgn3c_pem4f.oem4f (.const:ti_sysbios_heaps_HeapMem_Object__PARAMS__C)
                  00009528    00000024     asgn3c_pem4f.oem4f (.const:ti_sysbios_knl_Semaphore_Object__PARAMS__C)
                  0000954c    00000020     asgn3c_pem4f.oem4f (.const:ti_sysbios_family_arm_m3_Hwi_Object__DESC__C)
                  0000956c    00000020     asgn3c_pem4f.oem4f (.const:ti_sysbios_gates_GateHwi_Object__DESC__C)
                  0000958c    00000020     asgn3c_pem4f.oem4f (.const:ti_sysbios_gates_GateMutex_Object__DESC__C)
                  000095ac    00000020     asgn3c_pem4f.oem4f (.const:ti_sysbios_heaps_HeapMem_Object__DESC__C)
                  000095cc    00000020     asgn3c_pem4f.oem4f (.const:ti_sysbios_knl_Queue_Object__DESC__C)
                  000095ec    00000020     asgn3c_pem4f.oem4f (.const:ti_sysbios_knl_Semaphore_Object__DESC__C)
                  0000960c    00000020     asgn3c_pem4f.oem4f (.const:ti_uia_loggers_LoggerStopMode_Object__DESC__C)
                  0000962c    00000018     EK_TM4C123GXL.obj (.const:UART_config)
                  00009644    00000018     asgn3c_pem4f.oem4f (.const:ti_sysbios_gates_GateHwi_Object__PARAMS__C)
                  0000965c    00000018     asgn3c_pem4f.oem4f (.const:ti_sysbios_gates_GateMutex_Object__PARAMS__C)
                  00009674    00000018     asgn3c_pem4f.oem4f (.const:ti_sysbios_knl_Queue_Object__PARAMS__C)
                  0000968c    00000018     asgn3c_pem4f.oem4f (.const:ti_sysbios_knl_Task_hooks__A)
                  000096a4    00000016     asgn3c_pem4f.oem4f (.const:xdc_runtime_Startup_sfxnRts__A)
                  000096ba    00000002     asgn3c_pem4f.oem4f (.const:ti_catalog_arm_cortexm4_tiva_ce_Boot_Module__id__C)
                  000096bc    00000014     EK_TM4C123GXL.obj (.const:GPIOTiva_config)
                  000096d0    00000014     asgn3c_pem4f.oem4f (.const)
                  000096e4    00000014     EK_TM4C123GXL.obj (.const:uartTivaHWAttrs)
                  000096f8    00000014     asgn3c_pem4f.oem4f (.const:xdc_runtime_Startup_firstFxns__A)
                  0000970c    00000010     asgn3c.obj (.const:.string:$P$T0$1)
                  0000971c    0000000c     asgn3c.obj (.const:.string:$P$T1$2)
                  00009728    0000000c     asgn3c_pem4f.oem4f (.const:ti_sysbios_knl_Idle_funcList__A)
                  00009734    0000000a     asgn3c.obj (.const:.string:$P$T3$4)
                  0000973e    00000002     asgn3c_pem4f.oem4f (.const:ti_sysbios_family_arm_lm4_TimestampProvider_useClockTimer__C)
                  00009740    00000008     asgn3c_pem4f.oem4f (.const:ti_sysbios_family_arm_m3_Hwi_excHookFuncs__A)
                  00009748    00000008     asgn3c_pem4f.oem4f (.const:ti_sysbios_knl_Idle_funcList__C)
                  00009750    00000008     asgn3c_pem4f.oem4f (.const:ti_sysbios_knl_Task_hooks__C)
                  00009758    00000008     asgn3c_pem4f.oem4f (.const:xdc_runtime_Startup_firstFxns__C)
                  00009760    00000008     asgn3c_pem4f.oem4f (.const:xdc_runtime_Startup_lastFxns__C)
                  00009768    00000004     asgn3c_pem4f.oem4f (.const:ti_catalog_arm_cortexm4_tiva_ce_Boot_A_mustUseEnhancedClockMode__C)
                  0000976c    00000004     asgn3c_pem4f.oem4f (.const:ti_catalog_arm_cortexm4_tiva_ce_Boot_Module__diagsEnabled__C)
                  00009770    00000004     asgn3c_pem4f.oem4f (.const:ti_catalog_arm_cortexm4_tiva_ce_Boot_Module__diagsIncluded__C)
                  00009774    00000004     asgn3c_pem4f.oem4f (.const:ti_catalog_arm_cortexm4_tiva_ce_Boot_Module__diagsMask__C)
                  00009778    00000004     asgn3c_pem4f.oem4f (.const:ti_sysbios_family_arm_lm4_Timer_enableFunc__C)
                  0000977c    00000004     asgn3c_pem4f.oem4f (.const:ti_sysbios_family_arm_lm4_Timer_numTimerDevices__C)
                  00009780    00000004     asgn3c_pem4f.oem4f (.const:ti_sysbios_family_arm_lm4_Timer_startupNeeded__C)
                  00009784    00000004     asgn3c_pem4f.oem4f (.const:ti_sysbios_family_arm_m3_Hwi_E_NMI__C)
                  00009788    00000004     asgn3c_pem4f.oem4f (.const:ti_sysbios_family_arm_m3_Hwi_E_alreadyDefined__C)
                  0000978c    00000004     asgn3c_pem4f.oem4f (.const:ti_sysbios_family_arm_m3_Hwi_E_busFault__C)
                  00009790    00000004     asgn3c_pem4f.oem4f (.const:ti_sysbios_family_arm_m3_Hwi_E_debugMon__C)
                  00009794    00000004     asgn3c_pem4f.oem4f (.const:ti_sysbios_family_arm_m3_Hwi_E_hardFault__C)
                  00009798    00000004     asgn3c_pem4f.oem4f (.const:ti_sysbios_family_arm_m3_Hwi_E_memFault__C)
                  0000979c    00000004     asgn3c_pem4f.oem4f (.const:ti_sysbios_family_arm_m3_Hwi_E_noIsr__C)
                  000097a0    00000004     asgn3c_pem4f.oem4f (.const:ti_sysbios_family_arm_m3_Hwi_E_reserved__C)
                  000097a4    00000004     asgn3c_pem4f.oem4f (.const:ti_sysbios_family_arm_m3_Hwi_E_svCall__C)
                  000097a8    00000004     asgn3c_pem4f.oem4f (.const:ti_sysbios_family_arm_m3_Hwi_E_usageFault__C)
                  000097ac    00000004     asgn3c_pem4f.oem4f (.const:ti_sysbios_family_arm_m3_Hwi_NUM_INTERRUPTS__C)
                  000097b0    00000004     asgn3c_pem4f.oem4f (.const:ti_sysbios_family_arm_m3_Hwi_Object__count__C)
                  000097b4    00000004     asgn3c_pem4f.oem4f (.const:ti_sysbios_family_arm_m3_Hwi_ccr__C)
                  000097b8    00000004     asgn3c_pem4f.oem4f (.const:ti_sysbios_family_arm_m3_Hwi_excHandlerFunc__C)
                  000097bc    00000004     asgn3c_pem4f.oem4f (.const:ti_sysbios_family_arm_m3_Hwi_excHookFuncs__C)
                  000097c0    00000004     asgn3c_pem4f.oem4f (.const:ti_sysbios_family_arm_m3_Hwi_nullIsrFunc__C)
                  000097c4    00000004     asgn3c_pem4f.oem4f (.const:ti_sysbios_family_arm_m3_Hwi_priGroup__C)
                  000097c8    00000004     asgn3c_pem4f.oem4f (.const:ti_sysbios_gates_GateMutex_A_badContext__C)
                  000097cc    00000004     asgn3c_pem4f.oem4f (.const:ti_sysbios_gates_GateMutex_Instance_State_sem__O)
                  000097d0    00000004     asgn3c_pem4f.oem4f (.const:ti_sysbios_gates_GateMutex_Module__diagsEnabled__C)
                  000097d4    00000004     asgn3c_pem4f.oem4f (.const:ti_sysbios_gates_GateMutex_Module__diagsIncluded__C)
                  000097d8    00000004     asgn3c_pem4f.oem4f (.const:ti_sysbios_gates_GateMutex_Module__diagsMask__C)
                  000097dc    00000004     asgn3c_pem4f.oem4f (.const:ti_sysbios_hal_Hwi_E_stackOverflow__C)
                  000097e0    00000004     asgn3c_pem4f.oem4f (.const:ti_sysbios_heaps_HeapMem_A_align__C)
                  000097e4    00000004     asgn3c_pem4f.oem4f (.const:ti_sysbios_heaps_HeapMem_A_heapSize__C)
                  000097e8    00000004     asgn3c_pem4f.oem4f (.const:ti_sysbios_heaps_HeapMem_A_invalidFree__C)
                  000097ec    00000004     asgn3c_pem4f.oem4f (.const:ti_sysbios_heaps_HeapMem_A_zeroBlock__C)
                  000097f0    00000004     asgn3c_pem4f.oem4f (.const:ti_sysbios_heaps_HeapMem_E_memory__C)
                  000097f4    00000004     asgn3c_pem4f.oem4f (.const:ti_sysbios_heaps_HeapMem_Module__diagsEnabled__C)
                  000097f8    00000004     asgn3c_pem4f.oem4f (.const:ti_sysbios_heaps_HeapMem_Module__diagsIncluded__C)
                  000097fc    00000004     asgn3c_pem4f.oem4f (.const:ti_sysbios_heaps_HeapMem_Module__diagsMask__C)
                  00009800    00000004     asgn3c_pem4f.oem4f (.const:ti_sysbios_heaps_HeapMem_Module__gateObj__C)
                  00009804    00000004     asgn3c_pem4f.oem4f (.const:ti_sysbios_heaps_HeapMem_Object__count__C)
                  00009808    00000004     asgn3c_pem4f.oem4f (.const:ti_sysbios_heaps_HeapMem_reqAlign__C)
                  0000980c    00000004     asgn3c_pem4f.oem4f (.const:ti_sysbios_knl_Clock_Module_State_clockQ__O)
                  00009810    00000004     asgn3c_pem4f.oem4f (.const:ti_sysbios_knl_Event_A_nullEventId__C)
                  00009814    00000004     asgn3c_pem4f.oem4f (.const:ti_sysbios_knl_Event_Instance_State_pendQ__O)
                  00009818    00000004     asgn3c_pem4f.oem4f (.const:ti_sysbios_knl_Event_Module__diagsEnabled__C)
                  0000981c    00000004     asgn3c_pem4f.oem4f (.const:ti_sysbios_knl_Event_Module__diagsIncluded__C)
                  00009820    00000004     asgn3c_pem4f.oem4f (.const:ti_sysbios_knl_Event_Module__diagsMask__C)
                  00009824    00000004     asgn3c_pem4f.oem4f (.const:ti_sysbios_knl_Semaphore_A_badContext__C)
                  00009828    00000004     asgn3c_pem4f.oem4f (.const:ti_sysbios_knl_Semaphore_A_overflow__C)
                  0000982c    00000004     asgn3c_pem4f.oem4f (.const:ti_sysbios_knl_Semaphore_A_pendTaskDisabled__C)
                  00009830    00000004     asgn3c_pem4f.oem4f (.const:ti_sysbios_knl_Semaphore_Instance_State_pendQ__O)
                  00009834    00000004     asgn3c_pem4f.oem4f (.const:ti_sysbios_knl_Semaphore_Module__diagsEnabled__C)
                  00009838    00000004     asgn3c_pem4f.oem4f (.const:ti_sysbios_knl_Semaphore_Module__diagsIncluded__C)
                  0000983c    00000004     asgn3c_pem4f.oem4f (.const:ti_sysbios_knl_Semaphore_Module__diagsMask__C)
                  00009840    00000004     asgn3c_pem4f.oem4f (.const:ti_sysbios_knl_Semaphore_eventPost__C)
                  00009844    00000004     asgn3c_pem4f.oem4f (.const:ti_sysbios_knl_Semaphore_eventSync__C)
                  00009848    00000004     asgn3c_pem4f.oem4f (.const:ti_sysbios_knl_Swi_Object__count__C)
                  0000984c    00000004     asgn3c_pem4f.oem4f (.const:ti_sysbios_knl_Task_A_badTimeout__C)
                  00009850    00000004     asgn3c_pem4f.oem4f (.const:ti_sysbios_knl_Task_A_sleepTaskDisabled__C)
                  00009854    00000004     asgn3c_pem4f.oem4f (.const:ti_sysbios_knl_Task_E_spOutOfBounds__C)
                  00009858    00000004     asgn3c_pem4f.oem4f (.const:ti_sysbios_knl_Task_E_stackOverflow__C)
                  0000985c    00000004     asgn3c_pem4f.oem4f (.const:ti_sysbios_knl_Task_Module_State_inactiveQ__O)
                  00009860    00000004     asgn3c_pem4f.oem4f (.const:ti_sysbios_knl_Task_Module__diagsEnabled__C)
                  00009864    00000004     asgn3c_pem4f.oem4f (.const:ti_sysbios_knl_Task_Module__diagsIncluded__C)
                  00009868    00000004     asgn3c_pem4f.oem4f (.const:ti_sysbios_knl_Task_Module__diagsMask__C)
                  0000986c    00000004     asgn3c_pem4f.oem4f (.const:ti_sysbios_knl_Task_Object__count__C)
                  00009870    00000004     asgn3c_pem4f.oem4f (.const:ti_sysbios_knl_Task_Object__heap__C)
                  00009874    00000004     asgn3c_pem4f.oem4f (.const:ti_sysbios_knl_Task_allBlockedFunc__C)
                  00009878    00000004     asgn3c_pem4f.oem4f (.const:ti_sysbios_knl_Task_numConstructedTasks__C)
                  0000987c    00000004     asgn3c_pem4f.oem4f (.const:ti_sysbios_utils_Load_Module_State_taskList__O)
                  00009880    00000004     asgn3c_pem4f.oem4f (.const:ti_sysbios_utils_Load_Module__diagsEnabled__C)
                  00009884    00000004     asgn3c_pem4f.oem4f (.const:ti_sysbios_utils_Load_Module__diagsIncluded__C)
                  00009888    00000004     asgn3c_pem4f.oem4f (.const:ti_sysbios_utils_Load_Module__diagsMask__C)
                  0000988c    00000004     asgn3c_pem4f.oem4f (.const:ti_sysbios_utils_Load_postUpdate__C)
                  00009890    00000004     asgn3c_pem4f.oem4f (.const:ti_sysbios_utils_Load_windowInMs__C)
                  00009894    00000004     asgn3c_pem4f.oem4f (.const:ti_uia_loggers_LoggerStopMode_Module__diagsEnabled__C)
                  00009898    00000004     asgn3c_pem4f.oem4f (.const:ti_uia_loggers_LoggerStopMode_Module__diagsIncluded__C)
                  0000989c    00000004     asgn3c_pem4f.oem4f (.const:ti_uia_loggers_LoggerStopMode_Module__diagsMask__C)
                  000098a0    00000004     asgn3c_pem4f.oem4f (.const:ti_uia_loggers_LoggerStopMode_Object__count__C)
                  000098a4    00000004     asgn3c_pem4f.oem4f (.const:ti_uia_runtime_ILoggerSnapshot_Interface__BASE__C)
                  000098a8    00000004     asgn3c_pem4f.oem4f (.const:ti_uia_runtime_IUIATransfer_Interface__BASE__C)
                  000098ac    00000004     asgn3c_pem4f.oem4f (.const:xdc_runtime_Assert_E_assertFailed__C)
                  000098b0    00000004     asgn3c_pem4f.oem4f (.const:xdc_runtime_Core_A_initializedParams__C)
                  000098b4    00000004     asgn3c_pem4f.oem4f (.const:xdc_runtime_Core_Module__diagsEnabled__C)
                  000098b8    00000004     asgn3c_pem4f.oem4f (.const:xdc_runtime_Core_Module__diagsIncluded__C)
                  000098bc    00000004     asgn3c_pem4f.oem4f (.const:xdc_runtime_Core_Module__diagsMask__C)
                  000098c0    00000004     asgn3c_pem4f.oem4f (.const:xdc_runtime_Error_E_memory__C)
                  000098c4    00000004     asgn3c_pem4f.oem4f (.const:xdc_runtime_Error_Module__diagsEnabled__C)
                  000098c8    00000004     asgn3c_pem4f.oem4f (.const:xdc_runtime_Error_Module__diagsIncluded__C)
                  000098cc    00000004     asgn3c_pem4f.oem4f (.const:xdc_runtime_Error_Module__diagsMask__C)
                  000098d0    00000004     asgn3c_pem4f.oem4f (.const:xdc_runtime_Error_Module__loggerFxn8__C)
                  000098d4    00000004     asgn3c_pem4f.oem4f (.const:xdc_runtime_Error_Module__loggerObj__C)
                  000098d8    00000004     asgn3c_pem4f.oem4f (.const:xdc_runtime_Error_policyFxn__C)
                  000098dc    00000004     asgn3c_pem4f.oem4f (.const:xdc_runtime_Error_raiseHook__C)
                  000098e0    00000004     asgn3c_pem4f.oem4f (.const:xdc_runtime_IFilterLogger_Interface__BASE__C)
                  000098e4    00000004     asgn3c_pem4f.oem4f (.const:xdc_runtime_IGateProvider_Interface__BASE__C)
                  000098e8    00000004     asgn3c_pem4f.oem4f (.const:xdc_runtime_IHeap_Interface__BASE__C)
                  000098ec    00000004     asgn3c_pem4f.oem4f (.const:xdc_runtime_ILogger_Interface__BASE__C)
                  000098f0    00000004     asgn3c_pem4f.oem4f (.const:xdc_runtime_IModule_Interface__BASE__C)
                  000098f4    00000004     asgn3c_pem4f.oem4f (.const:xdc_runtime_Log_L_error__C)
                  000098f8    00000004     asgn3c_pem4f.oem4f (.const:xdc_runtime_Memory_defaultHeapInstance__C)
                  000098fc    00000004     asgn3c_pem4f.oem4f (.const:xdc_runtime_Startup_execImpl__C)
                  00009900    00000004     asgn3c_pem4f.oem4f (.const:xdc_runtime_Startup_lastFxns__A)
                  00009904    00000004     asgn3c_pem4f.oem4f (.const:xdc_runtime_Startup_maxPasses__C)
                  00009908    00000004     asgn3c_pem4f.oem4f (.const:xdc_runtime_Startup_sfxnRts__C)
                  0000990c    00000004     asgn3c_pem4f.oem4f (.const:xdc_runtime_Startup_sfxnTab__C)
                  00009910    00000004     asgn3c_pem4f.oem4f (.const:xdc_runtime_SysMin_bufSize__C)
                  00009914    00000004     asgn3c_pem4f.oem4f (.const:xdc_runtime_SysMin_outputFunc__C)
                  00009918    00000004     asgn3c_pem4f.oem4f (.const:xdc_runtime_System_Module__gateObj__C)
                  0000991c    00000004     asgn3c_pem4f.oem4f (.const:xdc_runtime_System_abortFxn__C)
                  00009920    00000004     asgn3c_pem4f.oem4f (.const:xdc_runtime_System_exitFxn__C)
                  00009924    00000004     asgn3c_pem4f.oem4f (.const:xdc_runtime_System_extendFxn__C)
                  00009928    00000004     asgn3c_pem4f.oem4f (.const:xdc_runtime_System_maxAtexitHandlers__C)
                  0000992c    00000004     asgn3c_pem4f.oem4f (.const:xdc_runtime_Text_charTab__C)
                  00009930    00000004     asgn3c_pem4f.oem4f (.const:xdc_runtime_Text_nameEmpty__C)
                  00009934    00000004     asgn3c_pem4f.oem4f (.const:xdc_runtime_Text_nameStatic__C)
                  00009938    00000004     asgn3c_pem4f.oem4f (.const:xdc_runtime_Text_nameUnknown__C)
                  0000993c    00000004     asgn3c_pem4f.oem4f (.const:xdc_runtime_Text_nodeTab__C)
                  00009940    00000004     asgn3c_pem4f.oem4f (.const:xdc_runtime_Text_visitRopeFxn__C)
                  00009944    00000003     asgn3c.obj (.const:.string:$P$T2$3)
                  00009947    00000001     asgn3c_pem4f.oem4f (.const:xdc_runtime_Error_policy__C)
                  00009948    00000002     asgn3c_pem4f.oem4f (.const:ti_sysbios_family_arm_m3_Hwi_Module__id__C)
                  0000994a    00000002     asgn3c_pem4f.oem4f (.const:ti_sysbios_gates_GateMutex_Module__id__C)
                  0000994c    00000002     asgn3c_pem4f.oem4f (.const:ti_sysbios_hal_Hwi_Module__id__C)
                  0000994e    00000002     asgn3c_pem4f.oem4f (.const:ti_sysbios_heaps_HeapMem_Module__id__C)
                  00009950    00000002     asgn3c_pem4f.oem4f (.const:ti_sysbios_knl_Event_Module__id__C)
                  00009952    00000002     asgn3c_pem4f.oem4f (.const:ti_sysbios_knl_Semaphore_Module__id__C)
                  00009954    00000002     asgn3c_pem4f.oem4f (.const:ti_sysbios_knl_Task_Module__id__C)
                  00009956    00000002     asgn3c_pem4f.oem4f (.const:ti_sysbios_utils_Load_Module__id__C)
                  00009958    00000002     asgn3c_pem4f.oem4f (.const:ti_sysbios_utils_Load_autoAddTasks__C)
                  0000995a    00000002     asgn3c_pem4f.oem4f (.const:ti_sysbios_utils_Load_updateInIdle__C)
                  0000995c    00000002     asgn3c_pem4f.oem4f (.const:ti_uia_loggers_LoggerStopMode_Module__id__C)
                  0000995e    00000002     asgn3c_pem4f.oem4f (.const:ti_uia_loggers_LoggerStopMode_isTimestampEnabled__C)
                  00009960    00000002     asgn3c_pem4f.oem4f (.const:xdc_runtime_Core_Module__id__C)
                  00009962    00000002     asgn3c_pem4f.oem4f (.const:xdc_runtime_Error_Module__loggerDefined__C)
                  00009964    00000002     asgn3c_pem4f.oem4f (.const:xdc_runtime_Error_maxDepth__C)
                  00009966    00000002     asgn3c_pem4f.oem4f (.const:xdc_runtime_Memory_Module__id__C)
                  00009968    00000002     asgn3c_pem4f.oem4f (.const:xdc_runtime_SysMin_flushAtExit__C)
                  0000996a    00000002     asgn3c_pem4f.oem4f (.const:xdc_runtime_Text_charCnt__C)
                  0000996c    00000002     asgn3c_pem4f.oem4f (.const:xdc_runtime_Text_isLoaded__C)
                  0000996e    00000002     asgn3c_pem4f.oem4f (.const:xdc_runtime_Text_registryModsLastId__C)
                  00009970    00000002     asgn3c_pem4f.oem4f (.const:xdc_runtime_Text_unnamedModsLastId__C)

.cinit     0    00009978    000002f8     
                  00009978    000002c4     (.cinit..data.load) [load image, compression = lzss]
                  00009c3c    0000000c     (__TI_handler_table)
                  00009c48    00000008     (.cinit..bss.load) [load image, compression = zero_init]
                  00009c50    00000008     (.cinit..vecs.load) [load image, compression = zero_init]
                  00009c58    00000018     (__TI_cinit_table)

.init_array 
*          0    00000000    00000000     UNINITIALIZED

.resetVecs 
*          0    00000000    0000003c     
                  00000000    0000003c     asgn3c_pem4f.oem4f (.resetVecs)

.bss       0    20000400    000029b0     UNINITIALIZED
                  20000400    00001000     (.common:ti_sysbios_heaps_HeapMem_Instance_State_0_buf__A)
                  20001400    00000600     asgn3c_pem4f.oem4f (.bss:taskStackSection)
                  20001a00    00000400     (.common:ti_uia_loggers_LoggerStopMode_Instance_State_1_packetArray__A)
                  20001e00    00000400     (.common:ti_uia_loggers_LoggerStopMode_Instance_State_2_packetArray__A)
                  20002200    00000360     (.common:ti_sysbios_family_arm_m3_Hwi_dispatchTable)
                  20002560    0000001c     EK_TM4C123GXL.obj (.bss:dmaHwiStruct)
                  2000257c    00000004     (.common:g_pui32ADCData)
                  20002580    00000200     (.common:ti_uia_loggers_LoggerStopMode_Instance_State_0_packetArray__A)
                  20002780    00000080     (.common:xdc_runtime_SysMin_Module_State_0_outbuf__A)
                  20002800    00000200     EK_TM4C123GXL.obj (.bss:dmaControlTable)
                  20002a00    00000120     rtsv7M4_T_le_v4SPD16_eabi.lib : trgmsg.c.obj (.bss:_CIOBUF_)
                  20002b20    00000090     drivers_tivaware.aem4f : GPIOTiva.oem4f (.bss:gpioCallbackInfo)
                  20002bb0    00000084     (.common:uartTivaObjects)
                  20002c34    00000008     (.common:parmbuf)
                  20002c3c    00000004     (.common:gpioInterruptVectors)
                  20002c40    00000004     (.common:ti_sysbios_knl_Task_Instance_State_0_hookEnv__A)
                  20002c44    00000004     (.common:ti_sysbios_knl_Task_Instance_State_1_hookEnv__A)
                  20002c48    00000004     (.common:ti_sysbios_knl_Task_Instance_State_2_hookEnv__A)
                  20002c4c    00000034     --HOLE--
                  20002c80    00000030     (.common:ti_uia_loggers_LoggerStopMode_Instance_State_0_hdr__A)
                  20002cb0    00000050     --HOLE--
                  20002d00    00000030     (.common:ti_uia_loggers_LoggerStopMode_Instance_State_1_hdr__A)
                  20002d30    00000050     --HOLE--
                  20002d80    00000030     (.common:ti_uia_loggers_LoggerStopMode_Instance_State_2_hdr__A)

.data      0    20003db0    00000714     UNINITIALIZED
                  20003db0    000000f0     asgn3c_pem4f.oem4f (.data:ti_sysbios_knl_Task_Object__table__V)
                  20003ea0    0000009c     asgn3c_pem4f.oem4f (.data:ti_uia_loggers_LoggerStopMode_Object__table__V)
                  20003f3c    00000098     asgn3c_pem4f.oem4f (.data:ti_sysbios_utils_Load_Module__state__V)
                  20003fd4    00000080     asgn3c_pem4f.oem4f (.data:ti_sysbios_family_arm_lm4_Timer_Object__table__V)
                  20004054    00000080     asgn3c_pem4f.oem4f (.data:ti_sysbios_knl_Swi_Module_State_0_readyQ__A)
                  200040d4    00000080     asgn3c_pem4f.oem4f (.data:ti_sysbios_knl_Task_Module_State_0_readyQ__A)
                  20004154    00000054     asgn3c_pem4f.oem4f (.data:ti_sysbios_utils_Load_Module_State_0_taskEnv__A)
                  200041a8    00000048     asgn3c_pem4f.oem4f (.data:ti_sysbios_family_arm_m3_Hwi_Object__table__V)
                  200041f0    00000044     asgn3c_pem4f.oem4f (.data:ti_sysbios_knl_Task_Module__state__V)
                  20004234    00000038     asgn3c_pem4f.oem4f (.data:ti_sysbios_gates_GateMutex_Object__table__V)
                  2000426c    00000034     asgn3c_pem4f.oem4f (.data:ti_sysbios_family_arm_m3_Hwi_Module__state__V)
                  200042a0    00000030     asgn3c_pem4f.oem4f (.data:ti_sysbios_family_arm_lm4_Timer_Module_State_0_device__A)
                  200042d0    00000030     asgn3c_pem4f.oem4f (.data:ti_sysbios_knl_Swi_Object__table__V)
                  20004300    0000002c     asgn3c_pem4f.oem4f (.data:ti_sysbios_knl_Clock_Module__state__V)
                  2000432c    00000028     asgn3c_pem4f.oem4f (.data:ti_sysbios_knl_Semaphore_Object__table__V)
                  20004354    00000024     asgn3c_pem4f.oem4f (.data:ti_sysbios_BIOS_Module__state__V)
                  20004378    0000001c     asgn3c_pem4f.oem4f (.data:ti_sysbios_knl_Swi_Module__state__V)
                  20004394    00000018     asgn3c_pem4f.oem4f (.data:ti_sysbios_family_arm_lm4_Timer_Module_State_0_handles__A)
                  200043ac    00000018     asgn3c_pem4f.oem4f (.data:ti_sysbios_heaps_HeapMem_Object__table__V)
                  200043c4    00000014     EK_TM4C123GXL.obj (.data:gpioPinConfigs)
                  200043d8    0000000c     asgn3c_pem4f.oem4f (.data:ti_sysbios_family_arm_lm4_Timer_Module__state__V)
                  200043e4    0000000c     asgn3c_pem4f.oem4f (.data:ti_sysbios_knl_Event_Module__root__V)
                  200043f0    0000000c     asgn3c_pem4f.oem4f (.data:ti_sysbios_knl_Task_Module__root__V)
                  200043fc    0000000c     asgn3c_pem4f.oem4f (.data:ti_uia_runtime_QueueDescriptor_Module__state__V)
                  20004408    0000000c     asgn3c_pem4f.oem4f (.data:xdc_runtime_SysMin_Module__state__V)
                  20004414    00000008     rtsv7M4_T_le_v4SPD16_eabi.lib : _lock.c.obj (.data:$O1$$)
                  2000441c    00000008     EK_TM4C123GXL.obj (.data:gpioCallbackFunctions)
                  20004424    00000008     ti.uia.runtime.aem4f : QueueDescriptor.oem4f (.data)
                  2000442c    00000008     asgn3c_pem4f.oem4f (.data:ti_sysbios_family_arm_lm4_TimestampProvider_Module__state__V)
                  20004434    00000008     asgn3c_pem4f.oem4f (.data:ti_sysbios_family_arm_m3_Hwi_Module__root__V)
                  2000443c    00000008     asgn3c_pem4f.oem4f (.data:ti_sysbios_gates_GateHwi_Module__root__V)
                  20004444    00000008     asgn3c_pem4f.oem4f (.data:ti_sysbios_gates_GateMutex_Module__root__V)
                  2000444c    00000008     asgn3c_pem4f.oem4f (.data:ti_sysbios_hal_Hwi_Object__table__V)
                  20004454    00000008     asgn3c_pem4f.oem4f (.data:ti_sysbios_heaps_HeapMem_Module__root__V)
                  2000445c    00000008     asgn3c_pem4f.oem4f (.data:ti_sysbios_knl_Queue_Module__root__V)
                  20004464    00000008     asgn3c_pem4f.oem4f (.data:ti_sysbios_knl_Semaphore_Module__root__V)
                  2000446c    00000008     asgn3c_pem4f.oem4f (.data:ti_uia_loggers_LoggerStopMode_Module__root__V)
                  20004474    00000008     asgn3c_pem4f.oem4f (.data:xdc_runtime_Registry_Module__state__V)
                  2000447c    00000008     asgn3c_pem4f.oem4f (.data:xdc_runtime_Startup_Module__state__V)
                  20004484    00000008     asgn3c_pem4f.oem4f (.data:xdc_runtime_System_Module_State_0_atexitHandlers__A)
                  2000448c    00000008     asgn3c_pem4f.oem4f (.data:xdc_runtime_System_Module__state__V)
                  20004494    00000005     drivers_tivaware.aem4f : GPIOTiva.oem4f (.data)
                  20004499    00000001     EK_TM4C123GXL.obj (.data)
                  2000449a    00000002     asgn3c.obj (.data)
                  2000449c    00000004     drivers_tivaware.aem4f : UART.oem4f (.data)
                  200044a0    00000004     rtsv7M4_T_le_v4SPD16_eabi.lib : stkdepth_vars.c.obj (.data)
                  200044a4    00000004     asgn3c_pem4f.oem4f (.data:ti_sysbios_family_arm_m3_Hwi_Module_State_0_excContext__A)
                  200044a8    00000004     asgn3c_pem4f.oem4f (.data:ti_sysbios_family_arm_m3_Hwi_Module_State_0_excStack__A)
                  200044ac    00000004     asgn3c_pem4f.oem4f (.data:ti_sysbios_gates_GateHwi_Object__table__V)
                  200044b0    00000004     asgn3c_pem4f.oem4f (.data:ti_sysbios_knl_Task_Module_State_0_idleTask__A)
                  200044b4    00000004     asgn3c_pem4f.oem4f (.data:ti_sysbios_utils_Load_Module_State_0_runningTask__A)
                  200044b8    00000004     asgn3c_pem4f.oem4f (.data:ti_sysbios_utils_Load_Module_State_0_taskStartTime__A)
                  200044bc    00000004     asgn3c_pem4f.oem4f (.data:xdc_runtime_Memory_Module__state__V)
                  200044c0    00000002     asgn3c_pem4f.oem4f (.data:ti_sysbios_family_arm_m3_Hwi_Module_State_0_excActive__A)
                  200044c2    00000002     asgn3c_pem4f.oem4f (.data:xdc_runtime_Error_Module__state__V)

.stack     0    20002db0    00001000     UNINITIALIZED
                  20002db0    00001000     --HOLE--

.bootVecs 
*          0    00000000    00000008     DSECT
                  00000000    00000008     boot.aem4f : boot.oem4f (.bootVecs)

.vecs      0    20000000    00000360     UNINITIALIZED
                  20000000    00000360     asgn3c_pem4f.oem4f (.vecs)

xdc.meta   0    00000000    000000ee     COPY SECTION
                  00000000    000000ee     asgn3c_pem4f.oem4f (xdc.meta)

__llvm_prf_cnts 
*          0    20000000    00000000     UNINITIALIZED

MODULE SUMMARY

       Module                       code    ro data   rw data
       ------                       ----    -------   -------
    .\
       EK_TM4C123GXL.obj            378     64        701    
       asgn3c.obj                   670     41        6      
    +--+----------------------------+-------+---------+---------+
       Total:                       1048    105       707    
                                                             
    C:\Users\kirk\workspace_v10\asgn3c_EK_TM4C123GXL_TI2\Debug\configPkg\package\cfg\
       asgn3c_pem4f.oem4f           3328    10069     11956  
    +--+----------------------------+-------+---------+---------+
       Total:                       3328    10069     11956  
                                                             
    C:/ti/tirtos_tivac_2_16_00_08/products/TivaWare_C_Series-2.1.1.71b/driverlib/ccs/Debug/driverlib.lib
       gpio.obj                     590     144       0      
       udma.obj                     372     0         0      
       adc.obj                      292     0         0      
       uart.obj                     190     0         0      
       sysctl.obj                   160     0         0      
       timer.obj                    140     0         0      
    +--+----------------------------+-------+---------+---------+
       Total:                       1744    144       0      
                                                             
    C:/ti/tirtos_tivac_2_16_00_08/products/tidrivers_tivac_2_16_00_08/packages/ti/drivers/lib/drivers_tivaware.aem4f
       UARTTivaDMA.oem4f            1178    84        0      
       GPIOTiva.oem4f               844     156       153    
       UART.oem4f                   138     36        4      
    +--+----------------------------+-------+---------+---------+
       Total:                       2160    276       157    
                                                             
    C:\Users\kirk\workspace_v10\asgn3c_EK_TM4C123GXL_TI2\src\sysbios\sysbios.aem4f
       BIOS.obj                     13456   0         0      
       m3_Hwi_asm.obj               314     0         0      
       m3_TaskSupport_asm.obj       180     0         0      
       m3_Hwi_asm_switch.obj        118     0         0      
    +--+----------------------------+-------+---------+---------+
       Total:                       14068   0         0      
                                                             
    C:\ti\ccs1010\ccs\tools\compiler\ti-cgt-arm_20.2.2.LTS\lib\rtsv7M4_T_le_v4SPD16_eabi.lib
       trgmsg.c.obj                 108     0         288    
       memcpy_t2.asm.obj            156     0         0      
       memset_t2.asm.obj            122     0         0      
[...]
000095ac  ti_sysbios_heaps_HeapMem_Object__DESC__C                          
000095cc  ti_sysbios_knl_Queue_Object__DESC__C                              
000095ec  ti_sysbios_knl_Semaphore_Object__DESC__C                          
0000960c  ti_uia_loggers_LoggerStopMode_Object__DESC__C                     
0000962c  UART_config                                                       
00009644  ti_sysbios_gates_GateHwi_Object__PARAMS__C                        
0000965c  ti_sysbios_gates_GateMutex_Object__PARAMS__C                      
00009674  ti_sysbios_knl_Queue_Object__PARAMS__C                            
0000968c  ti_sysbios_knl_Task_hooks__A                                      
000096a4  xdc_runtime_Startup_sfxnRts__A                                    
000096ba  ti_catalog_arm_cortexm4_tiva_ce_Boot_Module__id__C                
000096bc  GPIOTiva_config                                                   
000096d0  UART                                                              
000096d4  adcTsk                                                            
000096d8  adcSem                                                            
000096dc  UARTSem                                                           
000096e0  Timer_2A_INT                                                      
000096e4  uartTivaHWAttrs                                                   
000096f8  xdc_runtime_Startup_firstFxns__A                                  
00009728  ti_sysbios_knl_Idle_funcList__A                                   
0000973e  ti_sysbios_family_arm_lm4_TimestampProvider_useClockTimer__C      
00009740  ti_sysbios_family_arm_m3_Hwi_excHookFuncs__A                      
00009748  ti_sysbios_knl_Idle_funcList__C                                   
00009750  ti_sysbios_knl_Task_hooks__C                                      
00009758  xdc_runtime_Startup_firstFxns__C                                  
00009760  xdc_runtime_Startup_lastFxns__C                                   
00009768  ti_catalog_arm_cortexm4_tiva_ce_Boot_A_mustUseEnhancedClockMode__C
0000976c  ti_catalog_arm_cortexm4_tiva_ce_Boot_Module__diagsEnabled__C      
00009770  ti_catalog_arm_cortexm4_tiva_ce_Boot_Module__diagsIncluded__C     
00009774  ti_catalog_arm_cortexm4_tiva_ce_Boot_Module__diagsMask__C         
00009778  ti_sysbios_family_arm_lm4_Timer_enableFunc__C                     
0000977c  ti_sysbios_family_arm_lm4_Timer_numTimerDevices__C                
00009780  ti_sysbios_family_arm_lm4_Timer_startupNeeded__C                  
00009784  ti_sysbios_family_arm_m3_Hwi_E_NMI__C                             
00009788  ti_sysbios_family_arm_m3_Hwi_E_alreadyDefined__C                  
0000978c  ti_sysbios_family_arm_m3_Hwi_E_busFault__C                        
00009790  ti_sysbios_family_arm_m3_Hwi_E_debugMon__C                        
00009794  ti_sysbios_family_arm_m3_Hwi_E_hardFault__C                       
00009798  ti_sysbios_family_arm_m3_Hwi_E_memFault__C                        
0000979c  ti_sysbios_family_arm_m3_Hwi_E_noIsr__C                           
000097a0  ti_sysbios_family_arm_m3_Hwi_E_reserved__C                        
000097a4  ti_sysbios_family_arm_m3_Hwi_E_svCall__C                          
000097a8  ti_sysbios_family_arm_m3_Hwi_E_usageFault__C                      
000097ac  ti_sysbios_family_arm_m3_Hwi_NUM_INTERRUPTS__C                    
000097b0  ti_sysbios_family_arm_m3_Hwi_Object__count__C                     
000097b4  ti_sysbios_family_arm_m3_Hwi_ccr__C                               
000097b8  ti_sysbios_family_arm_m3_Hwi_excHandlerFunc__C                    
000097bc  ti_sysbios_family_arm_m3_Hwi_excHookFuncs__C                      
000097c0  ti_sysbios_family_arm_m3_Hwi_nullIsrFunc__C                       
000097c4  ti_sysbios_family_arm_m3_Hwi_priGroup__C                          
000097c8  ti_sysbios_gates_GateMutex_A_badContext__C                        
000097cc  ti_sysbios_gates_GateMutex_Instance_State_sem__O                  
000097d0  ti_sysbios_gates_GateMutex_Module__diagsEnabled__C                
000097d4  ti_sysbios_gates_GateMutex_Module__diagsIncluded__C               
000097d8  ti_sysbios_gates_GateMutex_Module__diagsMask__C                   
000097dc  ti_sysbios_hal_Hwi_E_stackOverflow__C                             
000097e0  ti_sysbios_heaps_HeapMem_A_align__C                               
000097e4  ti_sysbios_heaps_HeapMem_A_heapSize__C                            
000097e8  ti_sysbios_heaps_HeapMem_A_invalidFree__C                         
000097ec  ti_sysbios_heaps_HeapMem_A_zeroBlock__C                           
000097f0  ti_sysbios_heaps_HeapMem_E_memory__C                              
000097f4  ti_sysbios_heaps_HeapMem_Module__diagsEnabled__C                  
000097f8  ti_sysbios_heaps_HeapMem_Module__diagsIncluded__C                 
000097fc  ti_sysbios_heaps_HeapMem_Module__diagsMask__C                     
00009800  ti_sysbios_heaps_HeapMem_Module__gateObj__C                       
00009804  ti_sysbios_heaps_HeapMem_Object__count__C                         
00009808  ti_sysbios_heaps_HeapMem_reqAlign__C                              
0000980c  ti_sysbios_knl_Clock_Module_State_clockQ__O                       
00009810  ti_sysbios_knl_Event_A_nullEventId__C                             
00009814  ti_sysbios_knl_Event_Instance_State_pendQ__O                      
00009818  ti_sysbios_knl_Event_Module__diagsEnabled__C                      
0000981c  ti_sysbios_knl_Event_Module__diagsIncluded__C                     
00009820  ti_sysbios_knl_Event_Module__diagsMask__C                         
00009824  ti_sysbios_knl_Semaphore_A_badContext__C                          
00009828  ti_sysbios_knl_Semaphore_A_overflow__C                            
0000982c  ti_sysbios_knl_Semaphore_A_pendTaskDisabled__C                    
00009830  ti_sysbios_knl_Semaphore_Instance_State_pendQ__O                  
00009834  ti_sysbios_knl_Semaphore_Module__diagsEnabled__C                  
00009838  ti_sysbios_knl_Semaphore_Module__diagsIncluded__C                 
0000983c  ti_sysbios_knl_Semaphore_Module__diagsMask__C                     
00009840  ti_sysbios_knl_Semaphore_eventPost__C                             
00009844  ti_sysbios_knl_Semaphore_eventSync__C                             
00009848  ti_sysbios_knl_Swi_Object__count__C                               
0000984c  ti_sysbios_knl_Task_A_badTimeout__C                               
00009850  ti_sysbios_knl_Task_A_sleepTaskDisabled__C                        
00009854  ti_sysbios_knl_Task_E_spOutOfBounds__C                            
00009858  ti_sysbios_knl_Task_E_stackOverflow__C                            
0000985c  ti_sysbios_knl_Task_Module_State_inactiveQ__O                     
00009860  ti_sysbios_knl_Task_Module__diagsEnabled__C                       
00009864  ti_sysbios_knl_Task_Module__diagsIncluded__C                      
00009868  ti_sysbios_knl_Task_Module__diagsMask__C                          
0000986c  ti_sysbios_knl_Task_Object__count__C                              
00009870  ti_sysbios_knl_Task_Object__heap__C                               
00009874  ti_sysbios_knl_Task_allBlockedFunc__C                             
00009878  ti_sysbios_knl_Task_numConstructedTasks__C                        
0000987c  ti_sysbios_utils_Load_Module_State_taskList__O                    
00009880  ti_sysbios_utils_Load_Module__diagsEnabled__C                     
00009884  ti_sysbios_utils_Load_Module__diagsIncluded__C                    
00009888  ti_sysbios_utils_Load_Module__diagsMask__C                        
0000988c  ti_sysbios_utils_Load_postUpdate__C                               
00009890  ti_sysbios_utils_Load_windowInMs__C                               
00009894  ti_uia_loggers_LoggerStopMode_Module__diagsEnabled__C             
00009898  ti_uia_loggers_LoggerStopMode_Module__diagsIncluded__C            
0000989c  ti_uia_loggers_LoggerStopMode_Module__diagsMask__C                
000098a0  ti_uia_loggers_LoggerStopMode_Object__count__C                    
000098a4  ti_uia_runtime_ILoggerSnapshot_Interface__BASE__C                 
000098a8  ti_uia_runtime_IUIATransfer_Interface__BASE__C                    
000098ac  xdc_runtime_Assert_E_assertFailed__C                              
000098b0  xdc_runtime_Core_A_initializedParams__C                           
000098b4  xdc_runtime_Core_Module__diagsEnabled__C                          
000098b8  xdc_runtime_Core_Module__diagsIncluded__C                         
000098bc  xdc_runtime_Core_Module__diagsMask__C                             
000098c0  xdc_runtime_Error_E_memory__C                                     
000098c4  xdc_runtime_Error_Module__diagsEnabled__C                         
000098c8  xdc_runtime_Error_Module__diagsIncluded__C                        
000098cc  xdc_runtime_Error_Module__diagsMask__C                            
000098d0  xdc_runtime_Error_Module__loggerFxn8__C                           
000098d4  xdc_runtime_Error_Module__loggerObj__C                            
000098d8  xdc_runtime_Error_policyFxn__C                                    
000098dc  xdc_runtime_Error_raiseHook__C                                    
000098e0  xdc_runtime_IFilterLogger_Interface__BASE__C                      
000098e4  xdc_runtime_IGateProvider_Interface__BASE__C                      
000098e8  xdc_runtime_IHeap_Interface__BASE__C                              
000098ec  xdc_runtime_ILogger_Interface__BASE__C                            
000098f0  xdc_runtime_IModule_Interface__BASE__C                            
000098f4  xdc_runtime_Log_L_error__C                                        
000098f8  xdc_runtime_Memory_defaultHeapInstance__C                         
000098fc  xdc_runtime_Startup_execImpl__C                                   
00009900  xdc_runtime_Startup_lastFxns__A                                   
00009904  xdc_runtime_Startup_maxPasses__C                                  
00009908  xdc_runtime_Startup_sfxnRts__C                                    
0000990c  xdc_runtime_Startup_sfxnTab__C                                    
00009910  xdc_runtime_SysMin_bufSize__C                                     
00009914  xdc_runtime_SysMin_outputFunc__C                                  
00009918  xdc_runtime_System_Module__gateObj__C                             
0000991c  xdc_runtime_System_abortFxn__C                                    
00009920  xdc_runtime_System_exitFxn__C                                     
00009924  xdc_runtime_System_extendFxn__C                                   
00009928  xdc_runtime_System_maxAtexitHandlers__C                           
0000992c  xdc_runtime_Text_charTab__C                                       
00009930  xdc_runtime_Text_nameEmpty__C                                     
00009934  xdc_runtime_Text_nameStatic__C                                    
00009938  xdc_runtime_Text_nameUnknown__C                                   
0000993c  xdc_runtime_Text_nodeTab__C                                       
00009940  xdc_runtime_Text_visitRopeFxn__C                                  
00009947  xdc_runtime_Error_policy__C                                       
00009948  ti_sysbios_family_arm_m3_Hwi_Module__id__C                        
0000994a  ti_sysbios_gates_GateMutex_Module__id__C                          
0000994c  ti_sysbios_hal_Hwi_Module__id__C                                  
0000994e  ti_sysbios_heaps_HeapMem_Module__id__C                            
00009950  ti_sysbios_knl_Event_Module__id__C                                
00009952  ti_sysbios_knl_Semaphore_Module__id__C                            
00009954  ti_sysbios_knl_Task_Module__id__C                                 
00009956  ti_sysbios_utils_Load_Module__id__C                               
00009958  ti_sysbios_utils_Load_autoAddTasks__C                             
0000995a  ti_sysbios_utils_Load_updateInIdle__C                             
0000995c  ti_uia_loggers_LoggerStopMode_Module__id__C                       
0000995e  ti_uia_loggers_LoggerStopMode_isTimestampEnabled__C               
00009960  xdc_runtime_Core_Module__id__C                                    
00009962  xdc_runtime_Error_Module__loggerDefined__C                        
00009964  xdc_runtime_Error_maxDepth__C                                     
00009966  xdc_runtime_Memory_Module__id__C                                  
00009968  xdc_runtime_SysMin_flushAtExit__C                                 
0000996a  xdc_runtime_Text_charCnt__C                                       
0000996c  xdc_runtime_Text_isLoaded__C                                      
0000996e  xdc_runtime_Text_registryModsLastId__C                            
00009970  xdc_runtime_Text_unnamedModsLastId__C                             
00009978  __TI_static_base__                                                
00009c3c  __TI_Handler_Table_Base                                           
00009c48  __TI_Handler_Table_Limit                                          
00009c58  __TI_CINIT_Base                                                   
00009c70  __TI_CINIT_Limit                                                  
20000000  __start___llvm_prf_cnts                                           
20000000  __stop___llvm_prf_cnts                                            
20000000  ti_sysbios_family_arm_m3_Hwi_ramVectors                           
20000400  ti_sysbios_heaps_HeapMem_Instance_State_0_buf__A                  
20001400  ti_sysbios_knl_Task_Instance_State_0_stack__A                     
20001600  ti_sysbios_knl_Task_Instance_State_1_stack__A                     
20001800  ti_sysbios_knl_Task_Instance_State_2_stack__A                     
20001a00  ti_uia_loggers_LoggerStopMode_Instance_State_1_packetArray__A     
20001e00  ti_uia_loggers_LoggerStopMode_Instance_State_2_packetArray__A     
20002200  ti_sysbios_family_arm_m3_Hwi_dispatchTable                        
2000257c  g_pui32ADCData                                                    
20002580  ti_uia_loggers_LoggerStopMode_Instance_State_0_packetArray__A     
20002780  xdc_runtime_SysMin_Module_State_0_outbuf__A                       
20002a00  __CIOBUF_                                                         
20002bb0  uartTivaObjects                                                   
20002c34  parmbuf                                                           
20002c40  ti_sysbios_knl_Task_Instance_State_0_hookEnv__A                   
20002c44  ti_sysbios_knl_Task_Instance_State_1_hookEnv__A                   
20002c48  ti_sysbios_knl_Task_Instance_State_2_hookEnv__A                   
20002c80  ti_uia_loggers_LoggerStopMode_Instance_State_0_hdr__A             
20002d00  ti_uia_loggers_LoggerStopMode_Instance_State_1_hdr__A             
20002d80  ti_uia_loggers_LoggerStopMode_Instance_State_2_hdr__A             
20002db0  __stack                                                           
20003db0  __STACK_END                                                       
20003db0  ti_sysbios_knl_Task_Object__table__V                              
20003ea0  ti_uia_loggers_LoggerStopMode_Object__table__V                    
20003f3c  ti_sysbios_utils_Load_Module__state__V                            
20003fd4  ti_sysbios_family_arm_lm4_Timer_Object__table__V                  
20004054  ti_sysbios_knl_Swi_Module_State_0_readyQ__A                       
200040d4  ti_sysbios_knl_Task_Module_State_0_readyQ__A                      
20004154  ti_sysbios_utils_Load_Module_State_0_taskEnv__A                   
200041a8  ti_sysbios_family_arm_m3_Hwi_Object__table__V                     
200041f0  ti_sysbios_knl_Task_Module__state__V                              
20004234  ti_sysbios_gates_GateMutex_Object__table__V                       
2000426c  ti_sysbios_family_arm_m3_Hwi_Module__state__V                     
200042a0  ti_sysbios_family_arm_lm4_Timer_Module_State_0_device__A          
200042d0  ti_sysbios_knl_Swi_Object__table__V                               
20004300  ti_sysbios_knl_Clock_Module__state__V                             
2000432c  ti_sysbios_knl_Semaphore_Object__table__V                         
20004354  ti_sysbios_BIOS_Module__state__V                                  
20004378  ti_sysbios_knl_Swi_Module__state__V                               
20004394  ti_sysbios_family_arm_lm4_Timer_Module_State_0_handles__A         
200043ac  ti_sysbios_heaps_HeapMem_Object__table__V                         
200043c4  gpioPinConfigs                                                    
200043d8  ti_sysbios_family_arm_lm4_Timer_Module__state__V                  
200043e4  ti_sysbios_knl_Event_Module__root__V                              
200043f0  ti_sysbios_knl_Task_Module__root__V                               
200043fc  ti_uia_runtime_QueueDescriptor_Module__state__V                   
20004408  xdc_runtime_SysMin_Module__state__V                               
20004414  _lock                                                             
20004418  _unlock                                                           
2000441c  gpioCallbackFunctions                                             
20004424  ti_uia_runtime_QueueDescriptor_gPtrToFirstDescriptor              
20004428  ti_uia_runtime_QueueDescriptor_gUpdateCount                       
2000442c  ti_sysbios_family_arm_lm4_TimestampProvider_Module__state__V      
20004434  ti_sysbios_family_arm_m3_Hwi_Module__root__V                      
2000443c  ti_sysbios_gates_GateHwi_Module__root__V                          
20004444  ti_sysbios_gates_GateMutex_Module__root__V                        
2000444c  ti_sysbios_hal_Hwi_Object__table__V                               
20004454  ti_sysbios_heaps_HeapMem_Module__root__V                          
2000445c  ti_sysbios_knl_Queue_Module__root__V                              
20004464  ti_sysbios_knl_Semaphore_Module__root__V                          
2000446c  ti_uia_loggers_LoggerStopMode_Module__root__V                     
20004474  xdc_runtime_Registry_Module__state__V                             
2000447c  xdc_runtime_Startup_Module__state__V                              
20004484  xdc_runtime_System_Module_State_0_atexitHandlers__A               
2000448c  xdc_runtime_System_Module__state__V                               
2000449a  timerCount                                                        
200044a0  main_func_sp                                                      
200044a4  ti_sysbios_family_arm_m3_Hwi_Module_State_0_excContext__A         
200044a8  ti_sysbios_family_arm_m3_Hwi_Module_State_0_excStack__A           
200044ac  ti_sysbios_gates_GateHwi_Object__table__V                         
200044b0  ti_sysbios_knl_Task_Module_State_0_idleTask__A                    
200044b4  ti_sysbios_utils_Load_Module_State_0_runningTask__A               
200044b8  ti_sysbios_utils_Load_Module_State_0_taskStartTime__A             
200044bc  xdc_runtime_Memory_Module__state__V                               
200044c0  ti_sysbios_family_arm_m3_Hwi_Module_State_0_excActive__A          
200044c2  xdc_runtime_Error_Module__state__V                                
e000e000  ti_sysbios_family_arm_m3_Hwi_nvic                                 
ffffffff  __TI_pprof_out_hndl                                               
ffffffff  __TI_prof_data_size                                               
ffffffff  __TI_prof_data_start                                              
ffffffff  __binit__                                                         
ffffffff  __c_args__                                                        
ffffffff  binit                                                             
UNDEFED   SHT$$INIT_ARRAY$$Base                                             
UNDEFED   SHT$$INIT_ARRAY$$Limit                                            

[728 symbols]
