******************************************************************************
                  TI ARM Linker PC v20.2.3                     
******************************************************************************
>> Linked Mon Nov 23 16:37:13 2020

OUTPUT FILE NAME:   <Tasks_demo3_CC1352R1_LAUNCHXL_tirtos_ccs.out>
ENTRY POINT SYMBOL: "ResetISR"  address: 00003641


MEMORY CONFIGURATION

         name            origin    length      used     unused   attr    fill
----------------------  --------  ---------  --------  --------  ----  --------
  FLASH                 00000000   00058000  000060ce  00051f32  R  X
  GPRAM                 11000000   00002000  00000000  00002000  RW X
  SRAM                  20000000   00014000  00006300  0000dd00  RW X
  LOG_DATA              90000000   00040000  00000000  00040000  R   


SEGMENT ALLOCATION MAP

run origin  load origin   length   init length attrs members
----------  ----------- ---------- ----------- ----- -------
00000000    00000000    00006078   00006078    r-x
  00000000    00000000    0000003c   0000003c    r-- .resetVecs
  0000003c    0000003c    000057f2   000057f2    r-x .text
  00005830    00005830    00000690   00000690    r-- .const
  00005ec0    00005ec0    000001b8   000001b8    r-- .cinit
00057fa8    00057fa8    00000058   00000058    r--
  00057fa8    00057fa8    00000058   00000058    r-- .ccfg
200000d8    200000d8    00004000   00000000    r--
  200000d8    200000d8    00004000   00000000    r-- .priheap
20004100    20004100    00001e28   00000000    rw-
  20004100    20004100    000018b0   00000000    rw- .bss
  200059b0    200059b0    00000578   00000000    rw- .data
20013c00    20013c00    00000400   00000000    rw-
  20013c00    20013c00    00000400   00000000    rw- .stack


SECTION ALLOCATION MAP

 output                                  attributes/
section   page    origin      length       input sections
--------  ----  ----------  ----------   ----------------
.binit     0    00000000    00000000     

.cinit     0    00005ec0    000001b8     
                  00005ec0    0000018e     (.cinit..data.load) [load image, compression = lzss]
                  0000604e    00000002     --HOLE-- [fill = 0]
                  00006050    0000000c     (__TI_handler_table)
                  0000605c    00000004     --HOLE-- [fill = 0]
                  00006060    00000008     (.cinit..bss.load) [load image, compression = zero_init]
                  00006068    00000010     (__TI_cinit_table)

.init_array 
*          0    00000000    00000000     UNINITIALIZED

.ccfg      0    00057fa8    00000058     
                  00057fa8    00000058     ti_devices_config.obj (.ccfg:retain)

.bss       0    20004100    000018b0     UNINITIALIZED
                  20004100    00000400     hello.obj (.bss:urgentWorkTaskStack)
                  20004500    00000400     hello.obj (.bss:workTaskStack)
                  20004900    00000400     (.common:ti_uia_loggers_LoggerStopMode_Instance_State_0_packetArray__A)
                  20004d00    00000400     (.common:ti_uia_loggers_LoggerStopMode_Instance_State_1_packetArray__A)
                  20005100    00000200     hello_pem4f.oem4f (.bss:taskStackSection)
                  20005300    00000200     (.common:xdc_runtime_SysMin_Module_State_0_outbuf__A)
                  20005500    00000120     rtsv7M4_T_le_v4SPD16_eabi.lib : trgmsg.c.obj (.bss:_CIOBUF_)
                  20005620    000000d8     (.common:ti_sysbios_family_arm_m3_Hwi_dispatchTable)
                  200056f8    0000007c     (.common:pinHandleTable)
                  20005774    00000050     drivers_cc13x2.a : PINCC26XX.oem4f (.bss:pinSemaphore)
                  200057c4    00000050     (.common:urgentWorkTask)
                  20005814    00000050     (.common:workTask)
                  20005864    00000034                      : PINCC26XX.oem4f (.bss:pinSwi)
                  20005898    00000020                      : GPIOCC26XX.oem4f (.bss:gpioCallbackInfo)
                  200058b8    00000020                      : PINCC26XX.oem4f (.bss:pinGpioConfigTable)
                  200058d8    0000001c                      : PINCC26XX.oem4f (.bss:pinHwi)
                  200058f4    0000000c                      : GPIOCC26XX.oem4f (.bss:gpioPinState)
                  20005900    00000030     (.common:ti_uia_loggers_LoggerStopMode_Instance_State_0_hdr__A)
                  20005930    00000008                      : GPIOCC26XX.oem4f (.bss)
                  20005938    00000008     (.common:parmbuf)
                  20005940    00000004                      : PINCC26XX.oem4f (.bss)
                  20005944    00000004     (.common:PowerCC26XX_swiKey)
                  20005948    00000004     (.common:PowerCC26XX_taskKey)
                  2000594c    00000001     (.common:driverlib_release_0_58048)
                  2000594d    00000033     --HOLE--
                  20005980    00000030     (.common:ti_uia_loggers_LoggerStopMode_Instance_State_1_hdr__A)

.data      0    200059b0    00000578     UNINITIALIZED
                  200059b0    00000170     drivers_cc13x2.a : PowerCC26X2.oem4f (.data:PowerCC26X2_module)
                  20005b20    00000068     hello_pem4f.oem4f (.data:ti_uia_loggers_LoggerStopMode_Object__table__V)
                  20005b88    0000004c     hello_pem4f.oem4f (.data:ti_sysbios_knl_Task_Object__table__V)
                  20005bd4    00000004     drivers_cc13x2.a : GPIOCC26XX.oem4f (.data:gpioPinTable)
                  20005bd8    00000048     hello_pem4f.oem4f (.data:ti_sysbios_family_arm_cc26xx_Timer_Object__table__V)
                  20005c20    00000044     hello_pem4f.oem4f (.data:ti_sysbios_knl_Task_Module__state__V)
                  20005c64    00000038     hello_pem4f.oem4f (.data:ti_sysbios_gates_GateMutex_Object__table__V)
                  20005c9c    00000034     hello_pem4f.oem4f (.data:ti_sysbios_family_arm_m3_Hwi_Module__state__V)
                  20005cd0    00000030     hello_pem4f.oem4f (.data:ti_sysbios_knl_Swi_Module_State_0_readyQ__A)
                  20005d00    00000030     hello_pem4f.oem4f (.data:ti_sysbios_knl_Swi_Object__table__V)
                  20005d30    0000002c     hello_pem4f.oem4f (.data:ti_sysbios_knl_Clock_Module__state__V)
                  20005d5c    00000024     driverlib.lib : osc.obj (.data:$O1$$)
                  20005d80    00000024     hello_pem4f.oem4f (.data:ti_sysbios_BIOS_Module__state__V)
                  20005da4    00000020     hello_pem4f.oem4f (.data:ti_sysbios_knl_Clock_Object__table__V)
                  20005dc4    00000020     hello_pem4f.oem4f (.data:ti_sysbios_knl_Task_Module_State_0_readyQ__A)
                  20005de4    00000020     hello_pem4f.oem4f (.data:xdc_runtime_Error_IgnoreBlock)
                  20005e04    0000001c     hello_pem4f.oem4f (.data:ti_sysbios_knl_Swi_Module__state__V)
                  20005e20    00000018     hello_pem4f.oem4f (.data:ti_sysbios_family_arm_m3_Hwi_Object__table__V)
                  20005e38    00000018     hello_pem4f.oem4f (.data:ti_sysbios_heaps_HeapMem_Object__table__V)
                  20005e50    0000000c     hello_pem4f.oem4f (.data:ti_sysbios_knl_Task_Module__root__V)
                  20005e5c    0000000c     hello_pem4f.oem4f (.data:ti_uia_runtime_QueueDescriptor_Module__state__V)
                  20005e68    0000000c     hello_pem4f.oem4f (.data:xdc_runtime_SysMin_Module__state__V)
                  20005e74    00000008     rtsv7M4_T_le_v4SPD16_eabi.lib : _lock.c.obj (.data:$O1$$)
                  20005e7c    00000008     drivers_cc13x2.a : PINCC26XX.oem4f (.data)
                  20005e84    00000008     ti_drivers_config.obj (.data:gpioCallbackFunctions)
                  20005e8c    00000008     ti_drivers_config.obj (.data:gpioPinConfigs)
                  20005e94    00000008     ti.uia.runtime.aem4f : QueueDescriptor.oem4f (.data)
                  20005e9c    00000008     hello_pem4f.oem4f (.data:ti_sysbios_family_arm_cc26xx_Timer_Module__state__V)
                  20005ea4    00000008     hello_pem4f.oem4f (.data:ti_sysbios_family_arm_m3_Hwi_Module__root__V)
                  20005eac    00000008     hello_pem4f.oem4f (.data:ti_sysbios_gates_GateHwi_Module__root__V)
                  20005eb4    00000008     hello_pem4f.oem4f (.data:ti_sysbios_gates_GateMutex_Module__root__V)
                  20005ebc    00000008     hello_pem4f.oem4f (.data:ti_sysbios_heaps_HeapMem_Module__root__V)
                  20005ec4    00000008     hello_pem4f.oem4f (.data:ti_sysbios_knl_Clock_Module__root__V)
                  20005ecc    00000008     hello_pem4f.oem4f (.data:ti_sysbios_knl_Queue_Module__root__V)
                  20005ed4    00000008     hello_pem4f.oem4f (.data:ti_sysbios_knl_Semaphore_Module__root__V)
                  20005edc    00000008     hello_pem4f.oem4f (.data:ti_sysbios_knl_Swi_Module__root__V)
                  20005ee4    00000008     hello_pem4f.oem4f (.data:ti_uia_loggers_LoggerStopMode_Module__root__V)
                  20005eec    00000008     hello_pem4f.oem4f (.data:xdc_runtime_Startup_Module__state__V)
                  20005ef4    00000008     hello_pem4f.oem4f (.data:xdc_runtime_System_Module_State_0_atexitHandlers__A)
                  20005efc    00000008     hello_pem4f.oem4f (.data:xdc_runtime_System_Module__state__V)
                  20005f04    00000005     drivers_cc13x2.a : GPIOCC26XX.oem4f (.data)
                  20005f09    00000001     --HOLE--
                  20005f0a    00000002     hello_pem4f.oem4f (.data:ti_sysbios_family_arm_m3_Hwi_Module_State_0_excActive__A)
                  20005f0c    00000004     rtsv7M4_T_le_v4SPD16_eabi.lib : stkdepth_vars.c.obj (.data)
                  20005f10    00000004     hello_pem4f.oem4f (.data:ti_sysbios_family_arm_cc26xx_TimestampProvider_Module__state__V)
                  20005f14    00000004     hello_pem4f.oem4f (.data:ti_sysbios_family_arm_m3_Hwi_Module_State_0_excContext__A)
                  20005f18    00000004     hello_pem4f.oem4f (.data:ti_sysbios_family_arm_m3_Hwi_Module_State_0_excStack__A)
                  20005f1c    00000004     hello_pem4f.oem4f (.data:ti_sysbios_gates_GateHwi_Object__table__V)
                  20005f20    00000004     hello_pem4f.oem4f (.data:ti_sysbios_knl_Task_Module_State_0_idleTask__A)
                  20005f24    00000004     hello_pem4f.oem4f (.data:xdc_runtime_Memory_Module__state__V)

.stack     0    20013c00    00000400     UNINITIALIZED
                  20013c00    00000400     --HOLE--

.priheap   0    200000d8    00004000     UNINITIALIZED
                  200000d8    00004000     --HOLE--

.log_data 
*          0    90000000    00000000     COPY SECTION

.bootVecs 
*          0    00000000    00000008     DSECT
                  00000000    00000008     boot.aem4f : boot.oem4f (.bootVecs)

.resetVecs 
*          0    00000000    0000003c     
                  00000000    0000003c     hello_pem4f.oem4f (.resetVecs)

.vecs      0    20000000    000000d8     NOLOAD SECTION
                  20000000    000000d8     hello_pem4f.oem4f (.vecs)

xdc.meta   0    00000000    000000fe     COPY SECTION
                  00000000    000000fe     hello_pem4f.oem4f (xdc.meta)

xdc.noload 
*          0    00000000    00000000     COPY SECTION

__llvm_prf_cnts 
*          0    20000000    00000000     UNINITIALIZED

.text      0    0000003c    000057f2     
                  0000003c    000001cc     drivers_cc13x2.a : PINCC26XX.oem4f (.text:PIN_init)
                  00000208    00000198                      : PowerCC26X2.oem4f (.text:Power_sleep)
                  000003a0    00000190                      : PowerCC26X2_calibrateRCOSC.oem4f (.text:calibrateRcoscHf1)
                  00000530    0000018c                      : PowerCC26X2_calibrateRCOSC.oem4f (.text:runCalibrateFsm)
                  000006bc    00000174                      : PowerCC26X2.oem4f (.text:Power_init)
                  00000830    0000013e     hello_pem4f.oem4f (.text:ti_uia_loggers_LoggerStopMode_writeMemoryRange__E)
                  0000096e    00000002     ti_drivers_config.obj (.text:Board_initHook)
                  00000970    0000012c     sysbios.aem4f : BIOS.obj (.text:ti_sysbios_knl_Semaphore_pend__E)
                  00000a9c    00000120     drivers_cc13x2.a : PowerCC26X2.oem4f (.text:configureXOSCHF)
                  00000bbc    0000011c     sysbios.aem4f : BIOS.obj (.text:ti_sysbios_family_arm_m3_Hwi_dispatchC__I)
                  00000cd8    00000114                   : BIOS.obj (.text:ti_sysbios_knl_Swi_run__I)
                  00000dec    00000110     drivers_cc13x2.a : GPIOCC26XX.oem4f (.text:GPIO_setConfig)
                  00000efc    0000010c     hello_pem4f.oem4f (.text:ti_uia_loggers_LoggerStopMode_write8__E)
                  00001008    000000f8     driverlib.lib : sys_ctrl.obj (.text:NOROM_SysCtrlStandby)
                  00001100    000000f8     drivers_cc13x2.a : PINCC26XX.oem4f (.text:PINCC26XX_setIoCfg)
                  000011f8    000000f8     sysbios.aem4f : BIOS.obj (.text:xdc_runtime_Startup_startMods__I)
                  000012f0    000000f4     hello_pem4f.oem4f (.text:ti_uia_loggers_LoggerStopMode_write4__E)
                  000013e4    000000f0     sysbios.aem4f : m3_Hwi_asm.obj (.text:ti_sysbios_family_arm_m3_Hwi_dispatch__I)
                  000014d4    000000e8     hello_pem4f.oem4f (.text:ti_uia_loggers_LoggerStopMode_write2__E)
                  000015bc    000000e4     hello_pem4f.oem4f (.text:ti_uia_loggers_LoggerStopMode_write1__E)
                  000016a0    000000e0     sysbios.aem4f : BIOS.obj (.text:ti_sysbios_knl_Clock_walkQueueDynamic__E)
                  00001780    000000dc                   : BIOS.obj (.text:ti_sysbios_knl_Task_sleep__E)
                  0000185c    000000d8     hello_pem4f.oem4f (.text:ti_uia_loggers_LoggerStopMode_write0__E)
                  00001934    000000c8     dpl_cc13x2.a : PowerCC26X2_tirtos.oem4f (.text:PowerCC26XX_standbyPolicy)
                  000019fc    000000c4     drivers_cc13x2.a : GPIOCC26XX.oem4f (.text:GPIO_init)
                  00001ac0    000000c4     sysbios.aem4f : BIOS.obj (.text:ti_sysbios_knl_Task_schedule__I)
                  00001b84    000000c0     drivers_cc13x2.a : PowerCC26X2.oem4f (.text:Power_releaseDependency)
                  00001c44    000000b8                      : PowerCC26X2.oem4f (.text:Power_setDependency)
                  00001cfc    000000b8     sysbios.aem4f : BIOS.obj (.text:ti_sysbios_knl_Semaphore_post__E)
                  00001db4    000000b8                   : BIOS.obj (.text:ti_sysbios_knl_Task_Instance_init__E)
                  00001e6c    000000b8                   : BIOS.obj (.text:ti_sysbios_knl_Task_startCore__E)
                  00001f24    000000ac     drivers_cc13x2.a : PINCC26XX.oem4f (.text:PIN_open)
                  00001fd0    000000ac     driverlib.lib : setup.obj (.text:TrimAfterColdResetWakeupFromShutDown)
                  0000207c    000000a8     sysbios.aem4f : BIOS.obj (.text:ti_sysbios_knl_Swi_post__E)
                  00002124    000000a4                   : BIOS.obj (.text:ti_sysbios_family_arm_m3_Hwi_Instance_init__E)
                  000021c8    000000a0     auto_init.aem4f : auto_init.oem4f (.text)
                  00002268    0000009c     rtsv7M4_T_le_v4SPD16_eabi.lib : memcpy_t2.asm.obj (.text)
                  00002304    0000009c     sysbios.aem4f : BIOS.obj (.text:ti_sysbios_knl_Task_blockI__E)
                  000023a0    00000098     driverlib.lib : setup.obj (.text:NOROM_SetupTrimDevice)
                  00002438    00000098     sysbios.aem4f : BIOS.obj (.text:ti_sysbios_knl_Clock_workFuncDynamic__E)
                  000024d0    00000096     rtsv7M4_T_le_v4SPD16_eabi.lib : ull_div_t2.asm.obj (.text)
                  00002566    00000002                                   : _lock.c.obj (.text:_nop)
                  00002568    00000094     sysbios.aem4f : BIOS.obj (.text:ti_sysbios_knl_Task_Instance_finalize__E)
                  000025fc    00000094                   : BIOS.obj (.text:ti_sysbios_knl_Task_exit__E)
                  00002690    00000090                   : BIOS.obj (.text:ti_sysbios_knl_Task_unblockI__E)
                  00002720    00000090     ti.uia.loggers.aem4f : LoggerStopMode.oem4f (.text:ti_uia_loggers_LoggerStopMode_initQueueDescriptor__E)
                  000027b0    0000008c     sysbios.aem4f : BIOS.obj (.text:ti_sysbios_family_arm_m3_Hwi_initNVIC__E)
                  0000283c    0000008c                   : m3_TaskSupport_asm.obj (.text:ti_sysbios_family_arm_m3_TaskSupport_buildTaskStack)
                  000028c8    00000088     driverlib.lib : osc.obj (.text:NOROM_OSCHF_AttemptToSwitchToXosc)
                  00002950    00000088     drivers_cc13x2.a : PowerCC26X2_calibrateRCOSC.oem4f (.text:calibrateRcoscHf2)
                  000029d8    00000088                      : PowerCC26X2.oem4f (.text:disableLFClockQualifiers)
                  00002a60    00000088                      : PowerCC26X2_calibrateRCOSC.oem4f (.text:updateSubSecInc)
                  00002ae8    00000084     ti_drivers_config.obj (.text:Board_sendExtFlashByte)
                  00002b6c    00000084     sysbios.aem4f : BIOS.obj (.text:ti_sysbios_knl_Task_postInit__I)
                  00002bf0    00000080     driverlib.lib : sys_ctrl.obj (.text:NOROM_SysCtrlSetRechargeBeforePowerDown)
                  00002c70    00000080     sysbios.aem4f : BIOS.obj (.text:ti_sysbios_family_arm_cc26xx_Timer_start__E)
                  00002cf0    0000007a     rtsv7M4_T_le_v4SPD16_eabi.lib : memset_t2.asm.obj (.text)
                  00002d6a    00000002     drivers_cc13x2.a : PowerCC26X2.oem4f (.text:emptyClockFunc)
                  00002d6c    00000074                      : PowerCC26X2_calibrateRCOSC.oem4f (.text:PowerCC26X2_auxISR)
                  00002de0    00000074     sysbios.aem4f : BIOS.obj (.text:ti_sysbios_heaps_HeapMem_allocUnprotected__E)
                  00002e54    00000074     ti.uia.runtime.aem4f : QueueDescriptor.oem4f (.text:ti_uia_runtime_QueueDescriptor_addToList__E)
                  00002ec8    00000070     drivers_cc13x2.a : PINCC26XX.oem4f (.text:PIN_add)
                  00002f38    00000070     sysbios.aem4f : BIOS.obj (.text:xdc_runtime_Memory_alloc__E)
                  00002fa8    0000006e                   : BIOS.obj (.text:xdc_runtime_Core_createObject__I)
                  00003016    00000002     rtsv7M4_T_le_v4SPD16_eabi.lib : div0.asm.obj (.text)
                  00003018    0000006c     driverlib.lib : chipinfo.obj (.text:NOROM_ChipInfo_GetChipType)
                  00003084    00000068                   : osc.obj (.text:NOROM_OSCHF_SwitchToRcOscTurnOffXosc)
                  000030ec    00000068     rtsv7M4_T_le_v4SPD16_eabi.lib : copy_decompress_lzss.c.obj (.text:decompress:lzss:__TI_decompress_lzss)
                  00003154    00000068     sysbios.aem4f : BIOS.obj (.text:ti_sysbios_knl_Clock_startI__E)
                  000031bc    00000068                   : BIOS.obj (.text:ti_sysbios_knl_Swi_restoreHwi__E)
                  00003224    00000066     ti.uia.loggers.aem4f : LoggerStopMode.oem4f (.text:ti_uia_loggers_LoggerStopMode_flush__E)
                  0000328a    00000066     sysbios.aem4f : BIOS.obj (.text:xdc_runtime_Core_deleteObject__I)
                  000032f0    00000064     hello.obj (.text:main)
                  00003354    00000064     sysbios.aem4f : BIOS.obj (.text:ti_sysbios_heaps_HeapMem_initPrimary__I)
                  000033b8    00000060     drivers_cc13x2.a : GPIOCC26XX.oem4f (.text:GPIO_write)
                  00003418    00000060     sysbios.aem4f : BIOS.obj (.text:ti_sysbios_knl_Clock_logTick__E)
                  00003478    0000005e                   : BIOS.obj (.text:ti_sysbios_heaps_HeapMem_freeUnprotected__E)
                  000034d6    00000002                   : BIOS.obj (.text:ti_sysbios_BIOS_linkedWithIncorrectBootLibrary__E)
                  000034d8    0000005c     drivers_cc13x2.a : PINCC26XX.oem4f (.text:PIN_remove)
                  00003534    0000005c     sysbios.aem4f : BIOS.obj (.text:ti_sysbios_knl_Task_Module_startup__E)
                  00003590    00000058     rtsv7M4_T_le_v4SPD16_eabi.lib : hostwrite.c.obj (.text:HOSTwrite)
                  000035e8    00000058     drivers_cc13x2.a : PowerCC26X2_calibrateRCOSC.oem4f (.text:PowerCC26X2_initiateCalibration)
                  00003640    00000058     boot.aem4f : boot.oem4f (.text)
                  00003698    00000058     sysbios.aem4f : m3_Hwi_asm_switch.obj (.text:ti_sysbios_family_arm_m3_Hwi_initStacks__E)
                  000036f0    00000058                   : BIOS.obj (.text:ti_sysbios_family_arm_m3_Hwi_postInit__I)
                  00003748    00000058                   : BIOS.obj (.text:ti_sysbios_heaps_HeapMem_alloc__E)
                  000037a0    00000054     driverlib.lib : prcm.obj (.text:NOROM_PRCMPowerDomainsAllOff)
                  000037f4    00000054     dpl_cc13x2.a : SwiP_tirtos.oem4f (.text:SwiP_construct)
                  00003848    00000054     sysbios.aem4f : BIOS.obj (.text:ti_sysbios_knl_Swi_schedule__I)
                  0000389c    00000050     hello_pem4f.oem4f (.text:ti_sysbios_family_arm_m3_Hwi_construct)
                  000038ec    00000050     sysbios.aem4f : BIOS.obj (.text:ti_sysbios_knl_Swi_Instance_init__E)
                  0000393c    00000050                   : BIOS.obj (.text:ti_sysbios_knl_Swi_runLoop__I)
                  0000398c    00000050                   : BIOS.obj (.text:xdc_runtime_Startup_exec__E)
                  000039dc    0000004c     ti_drivers_config.obj (.text:Board_wakeUpExtFlash)
                  00003a28    0000004c     driverlib.lib : prcm.obj (.text:NOROM_PRCMPowerDomainsAllOn)
                  00003a74    0000004c     rtsv7M4_T_le_v4SPD16_eabi.lib : cpy_tbl.c.obj (.text:copy_in)
                  00003ac0    0000004c     hello_pem4f.oem4f (.text:ti_sysbios_knl_Swi_construct)
                  00003b0c    0000004c     hello_pem4f.oem4f (.text:ti_sysbios_knl_Task_construct)
                  00003b58    0000004c     ti.uia.loggers.aem4f : LoggerStopMode.oem4f (.text:ti_uia_loggers_LoggerStopMode_Module_startup__E)
                  00003ba4    0000004c     sysbios.aem4f : BIOS.obj (.text:xdc_runtime_Assert_raise__I)
                  00003bf0    0000004c                   : BIOS.obj (.text:xdc_runtime_Core_assignParams__I)
                  00003c3c    00000048     drivers_cc13x2.a : PowerCC26X2_calibrateRCOSC.oem4f (.text:PowerCC26X2_RCOSC_clockFunc)
                  00003c84    00000048                      : PowerCC26X2.oem4f (.text:switchXOSCHF)
                  00003ccc    00000048     sysbios.aem4f : BIOS.obj (.text:ti_sysbios_family_arm_m3_Hwi_Module_startup__E)
                  00003d14    00000048                   : BIOS.obj (.text:ti_sysbios_heaps_HeapMem_getStats__E)
                  00003d5c    00000048                   : BIOS.obj (.text:xdc_runtime_Core_constructObject__I)
                  00003da4    00000044     driverlib.lib : chipinfo.obj (.text:NOROM_ChipInfo_GetHwRevision)
                  00003de8    00000044     drivers_cc13x2.a : PINCC26XX.oem4f (.text:PIN_swi)
                  00003e2c    00000044     sysbios.aem4f : BIOS.obj (.text:ti_sysbios_family_arm_m3_Hwi_disableInterrupt__E)
                  00003e70    00000044                   : BIOS.obj (.text:ti_sysbios_family_arm_m3_Hwi_enableInterrupt__E)
                  00003eb4    00000044                   : BIOS.obj (.text:ti_sysbios_knl_Task_allBlockedFunction__I)
                  00003ef8    00000044     ti.uia.loggers.aem4f : LoggerStopMode.oem4f (.text:ti_uia_loggers_LoggerStopMode_initBuffer__I)
                  00003f3c    00000044     sysbios.aem4f : BIOS.obj (.text:xdc_runtime_SysMin_flush__E)
                  00003f80    00000040     ti_drivers_config.obj (.text:Board_shutDownExtFlash)
                  00003fc0    00000040     dpl_cc13x2.a : ClockP_tirtos.oem4f (.text:ClockP_construct)
                  00004000    00000040     driverlib.lib : osc.obj (.text:NOROM_OSC_HPOSCRelativeFrequencyOffsetGet)
                  00004040    00000040     sysbios.aem4f : BIOS.obj (.text:ti_sysbios_family_arm_cc26xx_Timer_setThreshold__I)
                  00004080    00000040                   : BIOS.obj (.text:ti_sysbios_family_arm_m3_Hwi_getStackInfo__E)
                  000040c0    0000003e     dpl_cc13x2.a : HwiP_tirtos.oem4f (.text:HwiP_construct)
                  000040fe    00000002     hello_pem4f.oem4f (.text:ti_sysbios_BIOS_nullFunc__I)
                  00004100    0000003c     drivers_cc13x2.a : PINCC26XX.oem4f (.text:PIN_setOutputValue)
                  0000413c    0000003c     sysbios.aem4f : BIOS.obj (.text:ti_sysbios_family_arm_m3_Hwi_construct2__E)
                  00004178    00000038     drivers_cc13x2.a : PINCC26XX.oem4f (.text:PIN_setConfig)
                  000041b0    00000038     rtsv7M4_T_le_v4SPD16_eabi.lib : trgmsg.c.obj (.text:__TI_writemsg)
                  000041e8    00000038     drivers_cc13x2.a : PowerCC26X2.oem4f (.text:notify)
                  00004220    00000038     sysbios.aem4f : BIOS.obj (.text:ti_sysbios_family_arm_cc26xx_Timer_getCurrentTick__E)
                  00004258    00000038                   : BIOS.obj (.text:ti_sysbios_family_arm_m3_Hwi_Instance_finalize__E)
                  00004290    00000038                   : BIOS.obj (.text:ti_sysbios_heaps_HeapMem_Instance_init__E)
                  000042c8    00000038                   : BIOS.obj (.text:ti_sysbios_knl_Clock_Instance_init__E)
                  00004300    00000038                   : BIOS.obj (.text:xdc_runtime_System_atexit__E)
                  00004338    00000036                   : BIOS.obj (.text:ti_sysbios_family_arm_cc26xx_Timer_setNextTick__E)
                  0000436e    00000002                   : BIOS.obj (.text:ti_sysbios_gates_GateHwi_Instance_init__E)
                  00004370    00000034     driverlib.lib : aux_sysif.obj (.text:NOROM_AUXSYSIFOpModeChange)
                  000043a4    00000034                   : sys_ctrl.obj (.text:NOROM_SysCtrlIdle)
                  000043d8    00000034     rtsv7M4_T_le_v4SPD16_eabi.lib : trgmsg.c.obj (.text:__TI_readmsg)
                  0000440c    00000034     hello_pem4f.oem4f (.text:ti_sysbios_knl_Semaphore_create)
                  00004440    00000034     sysbios.aem4f : BIOS.obj (.text:ti_sysbios_knl_Swi_restore__E)
                  00004474    00000034     ti.uia.loggers.aem4f : LoggerStopMode.oem4f (.text:ti_uia_loggers_LoggerStopMode_reset__E)
                  000044a8    00000034     sysbios.aem4f : BIOS.obj (.text:xdc_runtime_SysMin_abort__E)
                  000044dc    00000034                   : BIOS.obj (.text:xdc_runtime_SysMin_putch__E)
                  00004510    00000030     drivers_cc13x2.a : GPIOCC26XX.oem4f (.text:GPIO_hwiIntFxn)
                  00004540    00000030                      : GPIOCC26XX.oem4f (.text:GPIO_setCallback)
                  00004570    00000030                      : PowerCC26X2.oem4f (.text:Power_releaseConstraint)
                  000045a0    00000030                      : PowerCC26X2.oem4f (.text:Power_setConstraint)
                  000045d0    00000030     hello_pem4f.oem4f (.text:ti_sysbios_BIOS_atExitFunc__I)
                  00004600    00000030     hello_pem4f.oem4f (.text:ti_sysbios_BIOS_startFunc__I)
                  00004630    00000030     sysbios.aem4f : BIOS.obj (.text:ti_sysbios_family_arm_cc26xx_Timer_initDevice__I)
                  00004660    00000030     hello_pem4f.oem4f (.text:ti_sysbios_gates_GateHwi_Object__create__S)
                  00004690    00000030     hello_pem4f.oem4f (.text:ti_sysbios_gates_GateMutex_Object__create__S)
                  000046c0    00000030     sysbios.aem4f : BIOS.obj (.text:ti_sysbios_gates_GateMutex_enter__E)
                  000046f0    00000030     hello_pem4f.oem4f (.text:ti_sysbios_heaps_HeapMem_Object__create__S)
                  00004720    00000030     sysbios.aem4f : BIOS.obj (.text:ti_sysbios_heaps_HeapMem_free__E)
                  00004750    00000030     hello_pem4f.oem4f (.text:ti_sysbios_knl_Clock_construct)
                  00004780    00000030     hello_pem4f.oem4f (.text:ti_sysbios_knl_Semaphore_construct)
                  000047b0    00000030     sysbios.aem4f : BIOS.obj (.text:ti_sysbios_knl_Task_processVitalTaskFlag__I)
                  000047e0    00000030     hello_pem4f.oem4f (.text:ti_uia_loggers_LoggerStopMode_Object__create__S)
                  00004810    00000030     sysbios.aem4f : BIOS.obj (.text:xdc_runtime_System_processAtExit__E)
                  00004840    0000002e                   : BIOS.obj (.text:ti_sysbios_family_arm_m3_TaskSupport_start__E)
                  0000486e    0000002e                   : BIOS.obj (.text:ti_sysbios_hal_Hwi_initStack)
                  0000489c    0000002c     dpl_cc13x2.a : SemaphoreP_tirtos.oem4f (.text:SemaphoreP_constructBinary)
                  000048c8    0000002c                  : SemaphoreP_tirtos.oem4f (.text:SemaphoreP_createBinary)
                  000048f4    0000002c     hello_pem4f.oem4f (.text:ti_sysbios_gates_GateHwi_Handle__label__S)
                  00004920    0000002c     hello_pem4f.oem4f (.text:ti_sysbios_gates_GateMutex_Handle__label__S)
                  0000494c    0000002c     hello_pem4f.oem4f (.text:ti_sysbios_heaps_HeapMem_Handle__label__S)
                  00004978    0000002c     sysbios.aem4f : BIOS.obj (.text:ti_sysbios_knl_Clock_getTicksUntilInterrupt__E)
                  000049a4    0000002c     hello_pem4f.oem4f (.text:ti_sysbios_knl_Queue_construct)
                  000049d0    0000002c     sysbios.aem4f : BIOS.obj (.text:ti_sysbios_knl_Semaphore_pendTimeout__I)
                  000049fc    0000002c                   : BIOS.obj (.text:ti_sysbios_knl_Task_restore__E)
                  00004a28    0000002c     hello_pem4f.oem4f (.text:ti_uia_loggers_LoggerStopMode_Handle__label__S)
                  00004a54    00000028     drivers_cc13x2.a : PowerCC26X2.oem4f (.text:oscillatorISR)
                  00004a7c    00000028     sysbios.aem4f : m3_Hwi_asm.obj (.text:ti_sysbios_family_arm_m3_Hwi_excHandlerAsm__I)
                  00004aa4    00000028                   : BIOS.obj (.text:ti_sysbios_knl_Clock_addI__E)
                  00004acc    00000028     hello.obj (.text:workTaskFunc)
                  00004af4    00000026     sysbios.aem4f : m3_Hwi_asm.obj (.text:ti_sysbios_family_arm_m3_Hwi_pendSV__I)
                  00004b1a    00000002                   : BIOS.obj (.text:ti_sysbios_knl_Clock_triggerFunc__I)
                  00004b1c    00000024     driverlib.lib : osc.obj (.text:NOROM_OSCHF_TurnOnXosc)
                  00004b40    00000024     drivers_cc13x2.a : PowerCC26X2_calibrateRCOSC.oem4f (.text:getTdcSemaphore)
                  00004b64    00000024     hello_pem4f.oem4f (.text:ti_sysbios_BIOS_registerRTSLock__I)
                  00004b88    00000024     hello_pem4f.oem4f (.text:ti_sysbios_BIOS_removeRTSLock__I)
                  00004bac    00000024     sysbios.aem4f : BIOS.obj (.text:ti_sysbios_family_arm_cc26xx_Timer_Module_startup__E)
                  00004bd0    00000024                   : BIOS.obj (.text:ti_sysbios_family_arm_cc26xx_Timer_getMaxTicks__E)
                  00004bf4    00000024                   : BIOS.obj (.text:ti_sysbios_family_arm_cc26xx_Timer_startup__E)
                  00004c18    00000024     hello_pem4f.oem4f (.text:ti_sysbios_gates_GateMutex_Object__delete__S)
                  00004c3c    00000024     sysbios.aem4f : BIOS.obj (.text:ti_sysbios_knl_Clock_Module_startup__E)
                  00004c60    00000024                   : BIOS.obj (.text:ti_sysbios_knl_Semaphore_Instance_init__E)
                  00004c84    00000024     hello_pem4f.oem4f (.text:ti_sysbios_knl_Semaphore_Object__delete__S)
                  00004ca8    00000024     sysbios.aem4f : BIOS.obj (.text:ti_sysbios_knl_Swi_Module_startup__E)
                  00004ccc    00000024                   : BIOS.obj (.text:ti_sysbios_knl_Task_restoreHwi__E)
                  00004cf0    00000024     hello.obj (.text:urgentWorkTaskFunc)
                  00004d14    00000022     sysbios.aem4f : BIOS.obj (.text:ti_sysbios_family_arm_cc26xx_Timer_postInit__I)
                  00004d36    00000022     hello_pem4f.oem4f (.text:xdc_runtime_SysMin_output__I)
                  00004d58    00000020     ti_drivers_config.obj (.text:Board_init)
                  00004d78    00000020     drivers_cc13x2.a : PINCC26XX.oem4f (.text:PINCC26XX_setIoCfgMux)
                  00004d98    00000020     hello.obj (.text:doUrgentWork)
                  00004db8    00000020     hello.obj (.text:doWork)
                  00004dd8    00000020     hello_pem4f.oem4f (.text:ti_sysbios_BIOS_rtsLock__I)
                  00004df8    00000020     sysbios.aem4f : BIOS.obj (.text:ti_sysbios_family_arm_cc26xx_Timer_dynamicStub__E)
                  00004e18    00000020                   : BIOS.obj (.text:ti_sysbios_family_arm_cc26xx_TimestampProvider_Module_startup__E)
                  00004e38    00000020     hello_pem4f.oem4f (.text:ti_sysbios_gates_GateHwi_Object__delete__S)
                  00004e58    00000020     hello_pem4f.oem4f (.text:ti_sysbios_heaps_HeapMem_Object__delete__S)
                  00004e78    00000020     sysbios.aem4f : BIOS.obj (.text:ti_sysbios_knl_Clock_getTicks__E)
                  00004e98    00000020                   : BIOS.obj (.text:ti_sysbios_knl_Clock_stop__E)
                  00004eb8    00000020                   : BIOS.obj (.text:ti_sysbios_knl_Idle_run__E)
                  00004ed8    00000020     hello_pem4f.oem4f (.text:ti_sysbios_knl_Semaphore_destruct)
                  00004ef8    00000020     hello_pem4f.oem4f (.text:ti_uia_loggers_LoggerStopMode_Object__delete__S)
                  00004f18    00000020     sysbios.aem4f : BIOS.obj (.text:xdc_runtime_SysMin_Module_startup__E)
                  00004f38    0000001e     drivers_cc13x2.a : PINCC26XX.oem4f (.text:PIN_close)
                  00004f56    0000001e                      : PowerCC26X2.oem4f (.text:Power_getTransitionLatency)
                  00004f74    0000001e     sysbios.aem4f : m3_Hwi_asm_switch.obj (.text:ti_sysbios_family_xxx_Hwi_switchAndRunFunc)
                  00004f92    00000002                   : BIOS.obj (.text:ti_sysbios_knl_Swi_Instance_finalize__E)
                  00004f94    0000001c     driverlib.lib : chipinfo.obj (.text:NOROM_ChipInfo_GetChipFamily)
                  00004fb0    0000001c     drivers_cc13x2.a : PINCC26XX.oem4f (.text:PIN_hwi)
                  00004fcc    0000001c     dpl_cc13x2.a : PowerCC26X2_tirtos.oem4f (.text:PowerCC26XX_schedulerDisable)
                  00004fe8    0000001c                  : PowerCC26X2_tirtos.oem4f (.text:PowerCC26XX_schedulerRestore)
                  00005004    0000001c     sysbios.aem4f : BIOS.obj (.text:ti_sysbios_family_arm_m3_Hwi_excHandler__I)
                  00005020    0000001c                   : BIOS.obj (.text:ti_sysbios_family_arm_m3_Hwi_setPriority__E)
                  0000503c    0000001c                   : BIOS.obj (.text:ti_sysbios_gates_GateMutex_Instance_init__E)
                  00005058    0000001c                   : BIOS.obj (.text:ti_sysbios_knl_Clock_scheduleNextTick__E)
                  00005074    0000001c     hello_pem4f.oem4f (.text:ti_sysbios_knl_Queue_destruct)
                  00005090    0000001c     sysbios.aem4f : BIOS.obj (.text:ti_sysbios_knl_Queue_put__E)
                  000050ac    0000001c                   : BIOS.obj (.text:ti_sysbios_knl_Swi_construct2__E)
                  000050c8    0000001c                   : BIOS.obj (.text:ti_sysbios_knl_Task_enter__I)
                  000050e4    0000001c     ti.uia.loggers.aem4f : LoggerStopMode.oem4f (.text:ti_uia_loggers_LoggerStopMode_Instance_init__E)
                  00005100    0000001c     sysbios.aem4f : BIOS.obj (.text:xdc_runtime_Error_check__E)
                  0000511c    0000001c                   : BIOS.obj (.text:xdc_runtime_Error_raiseX__E)
                  00005138    0000001c                   : BIOS.obj (.text:xdc_runtime_Memory_valloc__E)
                  00005154    0000001c                   : BIOS.obj (.text:xdc_runtime_SysMin_exit__E)
                  00005170    0000001c                   : BIOS.obj (.text:xdc_runtime_System_abort__E)
                  0000518c    0000001a     drivers_cc13x2.a : PowerCC26X2.oem4f (.text:PowerCC26XX_calibrate)
                  000051a6    0000001a     sysbios.aem4f : BIOS.obj (.text:ti_sysbios_knl_Task_sleepTimeout__I)
                  000051c0    00000018     driverlib.lib : chipinfo.obj (.text:NOROM_ChipInfo_GetPackageType)
                  000051d8    00000018     drivers_cc13x2.a : PowerCC26X2.oem4f (.text:Power_idleFunc)
                  000051f0    00000018     rtsv7M4_T_le_v4SPD16_eabi.lib : args_main.c.obj (.text:_args_main)
                  00005208    00000018                                   : ll_mul_t2.asm.obj (.text)
                  00005220    00000018     drivers_cc13x2.a : PowerCC26X2.oem4f (.text:switchToTCXO)
                  00005238    00000018     hello_pem4f.oem4f (.text:ti_sysbios_BIOS_rtsUnlock__I)
                  00005250    00000018     hello_pem4f.oem4f (.text:ti_sysbios_family_arm_cc26xx_Timer_Module__startupDone__F)
                  00005268    00000018     hello_pem4f.oem4f (.text:ti_sysbios_family_arm_m3_Hwi_Module__startupDone__F)
                  00005280    00000018     sysbios.aem4f : BIOS.obj (.text:ti_sysbios_family_arm_m3_Hwi_plug__E)
                  00005298    00000018                   : m3_TaskSupport_asm.obj (.text:ti_sysbios_family_arm_m3_TaskSupport_swap__E)
                  000052b0    00000018                   : BIOS.obj (.text:ti_sysbios_gates_GateMutex_leave__E)
                  000052c8    00000018                   : BIOS.obj (.text:ti_sysbios_knl_Swi_or__E)
                  000052e0    00000018                   : BIOS.obj (.text:ti_sysbios_knl_Task_unblock__E)
                  000052f8    00000018                   : BIOS.obj (.text:xdc_runtime_System_exit__E)
                  00005310    00000018                   : BIOS.obj (.text:xdc_runtime_Text_ropeText__E)
                  00005328    00000016     driverlib.lib : chipinfo.obj (.text:NOROM_ThisLibraryIsFor_CC13x2_CC26x2_HwRev20AndLater_HaltIfViolated)
                  0000533e    00000016     hello_pem4f.oem4f (.text:ti_sysbios_BIOS_exitFunc__I)
                  00005354    00000016     sysbios.aem4f : BIOS.obj (.text:ti_sysbios_family_arm_cc26xx_TimestampProvider_get64__E)
                  0000536a    00000016                   : BIOS.obj (.text:ti_sysbios_knl_Clock_start__E)
                  00005380    00000016     hello.obj (.text:ti_sysbios_knl_Task_Params_init)
                  00005396    00000016     ti.uia.loggers.aem4f : LoggerStopMode.oem4f (.text:ti_uia_loggers_LoggerStopMode_disable__E)
                  000053ac    00000016                          : LoggerStopMode.oem4f (.text:ti_uia_loggers_LoggerStopMode_enable__E)
                  000053c2    00000014     drivers_cc13x2.a : PowerCC26X2_calibrateRCOSC.oem4f (.text:PowerCC26X2_calibrate)
                  000053d6    00000002     hello_pem4f.oem4f (.text:ti_uia_loggers_LoggerStopMode_setFilterLevel__E)
                  000053d8    00000014     sysbios.aem4f : BIOS.obj (.text:ti_sysbios_family_arm_cc26xx_Timer_getCount64__E)
                  000053ec    00000014     hello_pem4f.oem4f (.text:ti_sysbios_family_arm_m3_Hwi_Object__get__S)
                  00005400    00000014     sysbios.aem4f : BIOS.obj (.text:ti_sysbios_family_arm_m3_Hwi_switchFromBootStack__E)
                  00005414    00000014     hello_pem4f.oem4f (.text:ti_sysbios_heaps_HeapMem_Object__get__S)
                  00005428    00000014     hello_pem4f.oem4f (.text:ti_sysbios_knl_Clock_doTick__I)
                  0000543c    00000014     hello_pem4f.oem4f (.text:ti_sysbios_knl_Swi_Object__get__S)
                  00005450    00000012     dpl_cc13x2.a : SemaphoreP_tirtos.oem4f (.text:SemaphoreP_pend)
                  00005462    00000012     sysbios.aem4f : BIOS.obj (.text:ti_sysbios_hal_Hwi_Module_startup__E)
                  00005474    00000012     hello_pem4f.oem4f (.text:xdc_runtime_Startup_exec__I)
                  00005486    00000010     dpl_cc13x2.a : HwiP_tirtos.oem4f (.text:HwiP_Params_init)
                  00005496    00000002     ti.uia.loggers.aem4f : LoggerStopMode.oem4f (.text:ti_uia_loggers_LoggerStopMode_setPriority__E)
                  00005498    00000010     drivers_cc13x2.a : PINCC26XX.oem4f (.text:PINCC26XX_getPinCount)
                  000054a8    00000010     dpl_cc13x2.a : SwiP_tirtos.oem4f (.text:SwiP_Params_init)
                  000054b8    00000010     sysbios.aem4f : BIOS.obj (.text:ti_sysbios_BIOS_exit__E)
                  000054c8    00000010                   : BIOS.obj (.text:ti_sysbios_BIOS_setThreadType__E)
                  000054d8    00000010                   : BIOS.obj (.text:ti_sysbios_BIOS_start__E)
                  000054e8    00000010                   : m3_TaskSupport_asm.obj (.text:ti_sysbios_family_arm_m3_TaskSupport_glue)
                  000054f8    00000010                   : BIOS.obj (.text:ti_sysbios_gates_GateMutex_Instance_finalize__E)
                  00005508    00000010                   : BIOS.obj (.text:ti_sysbios_knl_Semaphore_Instance_finalize__E)
                  00005518    00000010                   : BIOS.obj (.text:ti_sysbios_knl_Swi_disable__E)
                  00005528    00000010                   : BIOS.obj (.text:ti_sysbios_knl_Swi_enabled__E)
                  00005538    00000010     hello_pem4f.oem4f (.text:ti_sysbios_knl_Task_Object__get__S)
                  00005548    00000010     sysbios.aem4f : BIOS.obj (.text:ti_sysbios_knl_Task_disable__E)
                  00005558    00000010     hello_pem4f.oem4f (.text:ti_uia_loggers_LoggerStopMode_Object__get__S)
                  00005568    00000010     ti.uia.loggers.aem4f : LoggerStopMode.oem4f (.text:ti_uia_loggers_LoggerStopMode_isEmpty__E)
                  00005578    00000010     sysbios.aem4f : BIOS.obj (.text:xdc_runtime_Gate_leaveSystem__E)
                  00005588    00000010                   : BIOS.obj (.text:xdc_runtime_Memory_free__E)
                  00005598    0000000e     rtsv7M4_T_le_v4SPD16_eabi.lib : copy_decompress_none.c.obj (.text:decompress:none:__TI_decompress_none)
                  000055a6    0000000e     sysbios.aem4f : BIOS.obj (.text:ti_sysbios_heaps_HeapMem_restore__E)
                  000055b4    0000000e                   : BIOS.obj (.text:ti_sysbios_knl_Queue_empty__E)
                  000055c2    0000000e                   : BIOS.obj (.text:ti_sysbios_knl_Queue_remove__E)
                  000055d0    0000000c     dpl_cc13x2.a : ClockP_tirtos.oem4f (.text:ClockP_getSystemTickPeriod)
                  000055dc    0000000c     driverlib.lib : cpu.obj (.text:NOROM_CPUcpsid)
                  000055e8    0000000c                   : cpu.obj (.text:NOROM_CPUcpsie)
                  000055f4    0000000c     drivers_cc13x2.a : PINCC26XX.oem4f (.text:PIN_registerIntCb)
                  00005600    0000000c                      : PowerCC26X2.oem4f (.text:Power_getConstraintMask)
                  0000560c    0000000c                      : PowerCC26X2.oem4f (.text:Power_getDependencyCount)
                  00005618    0000000c     dpl_cc13x2.a : SemaphoreP_tirtos.oem4f (.text:SemaphoreP_delete)
                  00005624    0000000c     rtsv7M4_T_le_v4SPD16_eabi.lib : _lock.c.obj (.text:_register_lock)
                  00005630    0000000c                                   : _lock.c.obj (.text:_register_unlock)
                  0000563c    0000000c                                   : copy_zero_init.c.obj (.text:decompress:ZI:__TI_zero_init)
                  00005648    0000000c     hello_pem4f.oem4f (.text:ti_sysbios_family_arm_m3_Hwi_Params__init__S)
                  00005654    0000000c     sysbios.aem4f : BIOS.obj (.text:ti_sysbios_family_arm_m3_Hwi_disableFxn__E)
                  00005660    0000000c                   : BIOS.obj (.text:ti_sysbios_family_arm_m3_TaskSupport_getStackAlignment__E)
                  0000566c    0000000c                   : BIOS.obj (.text:ti_sysbios_gates_GateHwi_enter__E)
                  00005678    0000000c     hello_pem4f.oem4f (.text:ti_sysbios_knl_Clock_Params__init__S)
                  00005684    0000000c     sysbios.aem4f : BIOS.obj (.text:ti_sysbios_knl_Clock_getTimerHandle__E)
                  00005690    0000000c     hello_pem4f.oem4f (.text:ti_sysbios_knl_Queue_Object__get__S)
                  0000569c    0000000c     sysbios.aem4f : BIOS.obj (.text:ti_sysbios_knl_Queue_dequeue__E)
                  000056a8    0000000c                   : BIOS.obj (.text:ti_sysbios_knl_Queue_enqueue__E)
                  000056b4    0000000c     hello_pem4f.oem4f (.text:ti_sysbios_knl_Semaphore_Params__init__S)
                  000056c0    0000000c     hello_pem4f.oem4f (.text:ti_sysbios_knl_Swi_Params__init__S)
                  000056cc    0000000c     sysbios.aem4f : BIOS.obj (.text:ti_sysbios_knl_Swi_getTrigger__E)
                  000056d8    0000000c     hello_pem4f.oem4f (.text:ti_sysbios_knl_Task_Params__init__S)
                  000056e4    0000000c     sysbios.aem4f : BIOS.obj (.text:ti_sysbios_knl_Task_self__E)
                  000056f0    0000000c                   : BIOS.obj (.text:xdc_runtime_Gate_enterSystem__E)
                  000056fc    0000000c                   : BIOS.obj (.text:xdc_runtime_Memory_calloc__E)
                  00005708    0000000c                   : BIOS.obj (.text:xdc_runtime_Memory_getMaxDefaultTypeAlign__E)
                  00005714    0000000c                   : BIOS.obj (.text:xdc_runtime_Startup_rtsDone__E)
                  00005720    0000000a     dpl_cc13x2.a : ClockP_tirtos.oem4f (.text:ClockP_Params_init)
                  0000572a    0000000a     hello_pem4f.oem4f (.text:xdc_runtime_IHeap_alloc)
                  00005734    0000000a     hello_pem4f.oem4f (.text:xdc_runtime_IHeap_free)
                  0000573e    00000008     sysbios.aem4f : BIOS.obj (.text:ti_sysbios_family_arm_m3_Hwi_doSwiRestore__I)
                  00005746    00000008                   : BIOS.obj (.text:ti_sysbios_family_arm_m3_Hwi_startup__E)
                  0000574e    00000008                   : BIOS.obj (.text:ti_sysbios_knl_Idle_loop__E)
                  00005756    00000006     driverlib.lib : cpu.obj (.text:NOROM_CPUdelay)
                  0000575c    00000006     drivers_cc13x2.a : PowerCC26X2.oem4f (.text:delayUs)
                  00005762    00000006     hello.obj (.text:myDelay)
                  00005768    00000006     sysbios.aem4f : BIOS.obj (.text:ti_sysbios_family_arm_m3_Hwi_doTaskRestore__I)
                  0000576e    00000006                   : BIOS.obj (.text:ti_sysbios_family_arm_m3_Hwi_restoreFxn__E)
                  00005774    00000006                   : BIOS.obj (.text:ti_sysbios_gates_GateHwi_leave__E)
                  0000577a    00000006                   : BIOS.obj (.text:ti_sysbios_heaps_HeapMem_isBlocking__E)
                  00005780    00000006                   : BIOS.obj (.text:ti_sysbios_knl_Queue_Instance_init__E)
                  00005786    00000006                   : BIOS.obj (.text:ti_sysbios_knl_Queue_elemClear__E)
                  0000578c    00000006                   : BIOS.obj (.text:ti_sysbios_knl_Swi_startup__E)
                  00005792    00000006                   : BIOS.obj (.text:xdc_runtime_System_Module_startup__E)
                  00005798    00000004     dpl_cc13x2.a : PowerCC26X2_tirtos.oem4f (.text:CPUwfi)
                  0000579c    00000004                  : ClockP_tirtos.oem4f (.text:ClockP_start)
                  000057a0    00000004                  : ClockP_tirtos.oem4f (.text:ClockP_stop)
                  000057a4    00000004                  : HwiP_tirtos.oem4f (.text:HwiP_disable)
                  000057a8    00000004                  : SemaphoreP_tirtos.oem4f (.text:SemaphoreP_post)
                  000057ac    00000004                  : SwiP_tirtos.oem4f (.text:SwiP_getTrigger)
                  000057b0    00000004                  : SwiP_tirtos.oem4f (.text:SwiP_or)
                  000057b4    00000004     drivers_cc13x2.a : PowerCC26X2.oem4f (.text:configureRFCoreClocks)
                  000057b8    00000004                      : PowerCC26X2.oem4f (.text:nopResourceHandler)
                  000057bc    00000004     hello_pem4f.oem4f (.text:ti_sysbios_BIOS_RtsGateProxy_enter__E)
                  000057c0    00000004     hello_pem4f.oem4f (.text:ti_sysbios_BIOS_RtsGateProxy_leave__E)
                  000057c4    00000004     sysbios.aem4f : BIOS.obj (.text:ti_sysbios_family_arm_cc26xx_Timer_setPeriod__E)
                  000057c8    00000004     hello_pem4f.oem4f (.text:ti_sysbios_family_arm_m3_TaskSupport_Module__startupDone__S)
                  000057cc    00000004     sysbios.aem4f : BIOS.obj (.text:ti_sysbios_gates_GateHwi_query__E)
                  000057d0    00000004                   : BIOS.obj (.text:ti_sysbios_gates_GateMutex_query__E)
                  000057d4    00000004     hello_pem4f.oem4f (.text:ti_sysbios_heaps_HeapMem_Module_GateProxy_enter__E)
                  000057d8    00000004     hello_pem4f.oem4f (.text:ti_sysbios_heaps_HeapMem_Module_GateProxy_leave__E)
                  000057dc    00000004     hello_pem4f.oem4f (.text:ti_sysbios_knl_Clock_TimerProxy_getCurrentTick__E)
                  000057e0    00000004     hello_pem4f.oem4f (.text:ti_sysbios_knl_Clock_TimerProxy_getMaxTicks__E)
                  000057e4    00000004     hello_pem4f.oem4f (.text:ti_sysbios_knl_Clock_TimerProxy_setNextTick__E)
                  000057e8    00000004     sysbios.aem4f : BIOS.obj (.text:ti_sysbios_knl_Clock_removeI__E)
                  000057ec    00000004                   : BIOS.obj (.text:ti_sysbios_knl_Clock_setTimeout__E)
                  000057f0    00000004                   : BIOS.obj (.text:ti_sysbios_knl_Queue_head__E)
                  000057f4    00000004                   : BIOS.obj (.text:ti_sysbios_knl_Queue_next__E)
                  000057f8    00000004                   : BIOS.obj (.text:ti_sysbios_knl_Queue_prev__E)
                  000057fc    00000004     hello_pem4f.oem4f (.text:ti_sysbios_knl_Semaphore_delete)
                  00005800    00000004     sysbios.aem4f : BIOS.obj (.text:ti_sysbios_knl_Swi_postInit__I)
                  00005804    00000004                   : BIOS.obj (.text:ti_sysbios_knl_Task_startup__E)
                  00005808    00000004     ti.uia.loggers.aem4f : LoggerStopMode.oem4f (.text:ti_uia_loggers_LoggerStopMode_getContents__E)
                  0000580c    00000004     hello_pem4f.oem4f (.text:ti_uia_loggers_LoggerStopMode_getFilterLevel__E)
                  00005810    00000004     ti.uia.loggers.aem4f : LoggerStopMode.oem4f (.text:ti_uia_loggers_LoggerStopMode_getInstanceId__E)
                  00005814    00000004                          : LoggerStopMode.oem4f (.text:ti_uia_loggers_LoggerStopMode_getMaxLength__E)
                  00005818    00000004                          : LoggerStopMode.oem4f (.text:ti_uia_loggers_LoggerStopMode_getPriority__E)
                  0000581c    00000004                          : LoggerStopMode.oem4f (.text:ti_uia_loggers_LoggerStopMode_getTransferType__E)
                  00005820    00000004     hello_pem4f.oem4f (.text:xdc_runtime_System_Module_GateProxy_enter__E)
                  00005824    00000004     hello_pem4f.oem4f (.text:xdc_runtime_System_Module_GateProxy_leave__E)
                  00005828    00000002     sysbios.aem4f : BIOS.obj (.text:xdc_runtime_Error_policySpin__E)
                  0000582a    00000002                   : BIOS.obj (.text:xdc_runtime_System_abortSpin__E)
                  0000582c    00000002                   : BIOS.obj (.text:xdc_runtime_System_exitSpin__E)

.const     0    00005830    00000690     
                  00005830    00000060     hello_pem4f.oem4f (.const:ti_uia_loggers_LoggerStopMode_Module__FXNS__C)
                  00005890    00000054     drivers_cc13x2.a : PowerCC26X2.oem4f (.const:resourceDB)
                  000058e4    0000003c     hello_pem4f.oem4f (.const:ti_sysbios_knl_Task_Object__PARAMS__C)
                  00005920    00000030     hello_pem4f.oem4f (.const:ti_sysbios_family_arm_m3_Hwi_Object__PARAMS__C)
                  00005950    00000028     hello_pem4f.oem4f (.const:ti_sysbios_heaps_HeapMem_Module__FXNS__C)
                  00005978    00000028     hello_pem4f.oem4f (.const:ti_sysbios_knl_Swi_Object__PARAMS__C)
                  000059a0    00000028     hello_pem4f.oem4f (.const:ti_uia_loggers_LoggerStopMode_Object__PARAMS__C)
                  000059c8    00000028     hello_pem4f.oem4f (.const:xdc_runtime_Startup_sfxnTab__A)
                  000059f0    00000024     hello_pem4f.oem4f (.const:ti_sysbios_gates_GateHwi_Module__FXNS__C)
                  00005a14    00000024     hello_pem4f.oem4f (.const:ti_sysbios_gates_GateMutex_Module__FXNS__C)
                  00005a38    00000024     hello_pem4f.oem4f (.const:ti_sysbios_heaps_HeapMem_Object__PARAMS__C)
                  00005a5c    00000024     hello_pem4f.oem4f (.const:ti_sysbios_knl_Clock_Object__PARAMS__C)
                  00005a80    00000024     hello_pem4f.oem4f (.const:ti_sysbios_knl_Semaphore_Object__PARAMS__C)
                  00005aa4    00000020     hello_pem4f.oem4f (.const:ti_sysbios_family_arm_m3_Hwi_Object__DESC__C)
                  00005ac4    00000020     hello_pem4f.oem4f (.const:ti_sysbios_gates_GateHwi_Object__DESC__C)
                  00005ae4    00000020     hello_pem4f.oem4f (.const:ti_sysbios_gates_GateMutex_Object__DESC__C)
                  00005b04    00000020     hello_pem4f.oem4f (.const:ti_sysbios_heaps_HeapMem_Object__DESC__C)
                  00005b24    00000020     hello_pem4f.oem4f (.const:ti_sysbios_knl_Clock_Object__DESC__C)
                  00005b44    00000020     hello_pem4f.oem4f (.const:ti_sysbios_knl_Queue_Object__DESC__C)
                  00005b64    00000020     hello_pem4f.oem4f (.const:ti_sysbios_knl_Semaphore_Object__DESC__C)
                  00005b84    00000020     hello_pem4f.oem4f (.const:ti_sysbios_knl_Swi_Object__DESC__C)
                  00005ba4    00000020     hello_pem4f.oem4f (.const:ti_sysbios_knl_Task_Object__DESC__C)
                  00005bc4    00000020     hello_pem4f.oem4f (.const:ti_uia_loggers_LoggerStopMode_Object__DESC__C)
                  00005be4    00000018     drivers_cc13x2.a : GPIOCC26XX.oem4f (.const:interruptType)
                  00005bfc    00000018     hello_pem4f.oem4f (.const:ti_sysbios_gates_GateHwi_Object__PARAMS__C)
                  00005c14    00000018     hello_pem4f.oem4f (.const:ti_sysbios_gates_GateMutex_Object__PARAMS__C)
                  00005c2c    00000018     hello_pem4f.oem4f (.const:ti_sysbios_knl_Queue_Object__PARAMS__C)
                  00005c44    00000014     ti_drivers_config.obj (.const:$P$T1$2)
                  00005c58    00000014     ti_drivers_config.obj (.const:GPIOCC26XX_config)
                  00005c6c    00000014     ti_drivers_config.obj (.const:PowerCC26X2_config)
                  00005c80    00000014     hello_pem4f.oem4f (.const:xdc_runtime_Startup_sfxnRts__A)
                  00005c94    00000010     drivers_cc13x2.a : GPIOCC26XX.oem4f (.const:outPinTypes)
                  00005ca4    0000000c     ti_drivers_config.obj (.const:BoardGpioInitTable)
                  00005cb0    0000000c     drivers_cc13x2.a : GPIOCC26XX.oem4f (.const:inPinTypes)
                  00005cbc    0000000c                      : GPIOCC26XX.oem4f (.const:outPinStrengths)
                  00005cc8    0000000c     hello_pem4f.oem4f (.const:xdc_runtime_Startup_firstFxns__A)
                  00005cd4    00000008     driverlib.lib : aux_sysif.obj (.const:$O1$$)
                  00005cdc    00000008     ti_drivers_config.obj (.const:$P$T0$1)
                  00005ce4    00000008     ti_drivers_config.obj (.const:PINCC26XX_hwAttrs)
                  00005cec    00000008     hello_pem4f.oem4f (.const:ti_sysbios_knl_Idle_funcList__C)
                  00005cf4    00000008     hello_pem4f.oem4f (.const:xdc_runtime_Startup_firstFxns__C)
                  00005cfc    00000008     hello_pem4f.oem4f (.const:xdc_runtime_Startup_lastFxns__C)
                  00005d04    00000004     hello_pem4f.oem4f (.const:ti_sysbios_family_arm_cc26xx_Timer_funcHookCH1__C)
                  00005d08    00000004     hello_pem4f.oem4f (.const:ti_sysbios_family_arm_cc26xx_Timer_funcHookCH2__C)
                  00005d0c    00000004     hello_pem4f.oem4f (.const:ti_sysbios_family_arm_cc26xx_Timer_startupNeeded__C)
                  00005d10    00000004     hello_pem4f.oem4f (.const:ti_sysbios_family_arm_m3_Hwi_E_alreadyDefined__C)
                  00005d14    00000004     hello_pem4f.oem4f (.const:ti_sysbios_family_arm_m3_Hwi_E_badIntNum__C)
                  00005d18    00000004     hello_pem4f.oem4f (.const:ti_sysbios_family_arm_m3_Hwi_LD_end__C)
                  00005d1c    00000004     hello_pem4f.oem4f (.const:ti_sysbios_family_arm_m3_Hwi_LM_begin__C)
                  00005d20    00000004     hello_pem4f.oem4f (.const:ti_sysbios_family_arm_m3_Hwi_Module__diagsEnabled__C)
                  00005d24    00000004     hello_pem4f.oem4f (.const:ti_sysbios_family_arm_m3_Hwi_Module__diagsIncluded__C)
                  00005d28    00000004     hello_pem4f.oem4f (.const:ti_sysbios_family_arm_m3_Hwi_Module__diagsMask__C)
                  00005d2c    00000004     hello_pem4f.oem4f (.const:ti_sysbios_family_arm_m3_Hwi_Module__loggerFxn1__C)
                  00005d30    00000004     hello_pem4f.oem4f (.const:ti_sysbios_family_arm_m3_Hwi_Module__loggerFxn8__C)
                  00005d34    00000004     hello_pem4f.oem4f (.const:ti_sysbios_family_arm_m3_Hwi_Module__loggerObj__C)
                  00005d38    00000004     hello_pem4f.oem4f (.const:ti_sysbios_family_arm_m3_Hwi_NUM_INTERRUPTS__C)
                  00005d3c    00000004     hello_pem4f.oem4f (.const:ti_sysbios_family_arm_m3_Hwi_Object__count__C)
                  00005d40    00000004     hello_pem4f.oem4f (.const:ti_sysbios_family_arm_m3_Hwi_ccr__C)
                  00005d44    00000004     hello_pem4f.oem4f (.const:ti_sysbios_family_arm_m3_Hwi_excHandlerFunc__C)
                  00005d48    00000004     hello_pem4f.oem4f (.const:ti_sysbios_family_arm_m3_Hwi_nullIsrFunc__C)
                  00005d4c    00000004     hello_pem4f.oem4f (.const:ti_sysbios_family_arm_m3_Hwi_priGroup__C)
                  00005d50    00000004     hello_pem4f.oem4f (.const:ti_sysbios_family_arm_m3_TaskSupport_stackAlignment__C)
                  00005d54    00000004     hello_pem4f.oem4f (.const:ti_sysbios_gates_GateMutex_Instance_State_sem__O)
                  00005d58    00000004     hello_pem4f.oem4f (.const:ti_sysbios_heaps_HeapMem_E_memory__C)
                  00005d5c    00000004     hello_pem4f.oem4f (.const:ti_sysbios_heaps_HeapMem_Module__gateObj__C)
                  00005d60    00000004     hello_pem4f.oem4f (.const:ti_sysbios_heaps_HeapMem_Object__count__C)
                  00005d64    00000004     hello_pem4f.oem4f (.const:ti_sysbios_heaps_HeapMem_primaryHeapBaseAddr__C)
                  00005d68    00000004     hello_pem4f.oem4f (.const:ti_sysbios_heaps_HeapMem_primaryHeapEndAddr__C)
                  00005d6c    00000004     hello_pem4f.oem4f (.const:ti_sysbios_heaps_HeapMem_reqAlign__C)
                  00005d70    00000004     hello_pem4f.oem4f (.const:ti_sysbios_knl_Clock_LM_begin__C)
                  00005d74    00000004     hello_pem4f.oem4f (.const:ti_sysbios_knl_Clock_LM_tick__C)
                  00005d78    00000004     hello_pem4f.oem4f (.const:ti_sysbios_knl_Clock_Module_State_clockQ__O)
                  00005d7c    00000004     hello_pem4f.oem4f (.const:ti_sysbios_knl_Clock_Module__diagsEnabled__C)
                  00005d80    00000004     hello_pem4f.oem4f (.const:ti_sysbios_knl_Clock_Module__diagsIncluded__C)
                  00005d84    00000004     hello_pem4f.oem4f (.const:ti_sysbios_knl_Clock_Module__diagsMask__C)
                  00005d88    00000004     hello_pem4f.oem4f (.const:ti_sysbios_knl_Clock_Module__loggerFxn1__C)
                  00005d8c    00000004     hello_pem4f.oem4f (.const:ti_sysbios_knl_Clock_Module__loggerFxn2__C)
                  00005d90    00000004     hello_pem4f.oem4f (.const:ti_sysbios_knl_Clock_Module__loggerObj__C)
                  00005d94    00000004     hello_pem4f.oem4f (.const:ti_sysbios_knl_Clock_tickPeriod__C)
                  00005d98    00000004     hello_pem4f.oem4f (.const:ti_sysbios_knl_Clock_triggerClock__C)
                  00005d9c    00000004     hello_pem4f.oem4f (.const:ti_sysbios_knl_Idle_funcList__A)
                  00005da0    00000004     hello_pem4f.oem4f (.const:ti_sysbios_knl_Semaphore_Instance_State_pendQ__O)
                  00005da4    00000004     hello_pem4f.oem4f (.const:ti_sysbios_knl_Semaphore_LM_pend__C)
                  00005da8    00000004     hello_pem4f.oem4f (.const:ti_sysbios_knl_Semaphore_LM_post__C)
                  00005dac    00000004     hello_pem4f.oem4f (.const:ti_sysbios_knl_Semaphore_Module__diagsEnabled__C)
                  00005db0    00000004     hello_pem4f.oem4f (.const:ti_sysbios_knl_Semaphore_Module__diagsIncluded__C)
                  00005db4    00000004     hello_pem4f.oem4f (.const:ti_sysbios_knl_Semaphore_Module__diagsMask__C)
                  00005db8    00000004     hello_pem4f.oem4f (.const:ti_sysbios_knl_Semaphore_Module__loggerFxn2__C)
                  00005dbc    00000004     hello_pem4f.oem4f (.const:ti_sysbios_knl_Semaphore_Module__loggerFxn4__C)
                  00005dc0    00000004     hello_pem4f.oem4f (.const:ti_sysbios_knl_Semaphore_Module__loggerObj__C)
                  00005dc4    00000004     hello_pem4f.oem4f (.const:ti_sysbios_knl_Swi_LD_end__C)
                  00005dc8    00000004     hello_pem4f.oem4f (.const:ti_sysbios_knl_Swi_LM_begin__C)
                  00005dcc    00000004     hello_pem4f.oem4f (.const:ti_sysbios_knl_Swi_LM_post__C)
                  00005dd0    00000004     hello_pem4f.oem4f (.const:ti_sysbios_knl_Swi_Module__diagsEnabled__C)
                  00005dd4    00000004     hello_pem4f.oem4f (.const:ti_sysbios_knl_Swi_Module__diagsIncluded__C)
                  00005dd8    00000004     hello_pem4f.oem4f (.const:ti_sysbios_knl_Swi_Module__diagsMask__C)
                  00005ddc    00000004     hello_pem4f.oem4f (.const:ti_sysbios_knl_Swi_Module__loggerFxn1__C)
                  00005de0    00000004     hello_pem4f.oem4f (.const:ti_sysbios_knl_Swi_Module__loggerFxn4__C)
                  00005de4    00000004     hello_pem4f.oem4f (.const:ti_sysbios_knl_Swi_Module__loggerObj__C)
                  00005de8    00000004     hello_pem4f.oem4f (.const:ti_sysbios_knl_Swi_Object__count__C)
                  00005dec    00000004     hello_pem4f.oem4f (.const:ti_sysbios_knl_Swi_numPriorities__C)
                  00005df0    00000004     hello_pem4f.oem4f (.const:ti_sysbios_knl_Task_LD_block__C)
                  00005df4    00000004     hello_pem4f.oem4f (.const:ti_sysbios_knl_Task_LD_exit__C)
                  00005df8    00000004     hello_pem4f.oem4f (.const:ti_sysbios_knl_Task_LD_ready__C)
                  00005dfc    00000004     hello_pem4f.oem4f (.const:ti_sysbios_knl_Task_LM_sleep__C)
                  00005e00    00000004     hello_pem4f.oem4f (.const:ti_sysbios_knl_Task_LM_switch__C)
                  00005e04    00000004     hello_pem4f.oem4f (.const:ti_sysbios_knl_Task_Module_State_inactiveQ__O)
                  00005e08    00000004     hello_pem4f.oem4f (.const:ti_sysbios_knl_Task_Module__diagsEnabled__C)
                  00005e0c    00000004     hello_pem4f.oem4f (.const:ti_sysbios_knl_Task_Module__diagsIncluded__C)
                  00005e10    00000004     hello_pem4f.oem4f (.const:ti_sysbios_knl_Task_Module__diagsMask__C)
                  00005e14    00000004     hello_pem4f.oem4f (.const:ti_sysbios_knl_Task_Module__loggerFxn2__C)
                  00005e18    00000004     hello_pem4f.oem4f (.const:ti_sysbios_knl_Task_Module__loggerFxn4__C)
                  00005e1c    00000004     hello_pem4f.oem4f (.const:ti_sysbios_knl_Task_Module__loggerObj__C)
                  00005e20    00000004     hello_pem4f.oem4f (.const:ti_sysbios_knl_Task_Object__count__C)
                  00005e24    00000004     hello_pem4f.oem4f (.const:ti_sysbios_knl_Task_allBlockedFunc__C)
                  00005e28    00000004     hello_pem4f.oem4f (.const:ti_sysbios_knl_Task_defaultStackHeap__C)
                  00005e2c    00000004     hello_pem4f.oem4f (.const:ti_sysbios_knl_Task_defaultStackSize__C)
                  00005e30    00000004     hello_pem4f.oem4f (.const:ti_sysbios_knl_Task_numConstructedTasks__C)
                  00005e34    00000004     hello_pem4f.oem4f (.const:ti_uia_loggers_LoggerStopMode_Module__diagsEnabled__C)
                  00005e38    00000004     hello_pem4f.oem4f (.const:ti_uia_loggers_LoggerStopMode_Module__diagsIncluded__C)
                  00005e3c    00000004     hello_pem4f.oem4f (.const:ti_uia_loggers_LoggerStopMode_Module__diagsMask__C)
                  00005e40    00000004     hello_pem4f.oem4f (.const:ti_uia_loggers_LoggerStopMode_Object__count__C)
                  00005e44    00000004     hello_pem4f.oem4f (.const:ti_uia_runtime_ILoggerSnapshot_Interface__BASE__C)
                  00005e48    00000004     hello_pem4f.oem4f (.const:ti_uia_runtime_IUIATransfer_Interface__BASE__C)
                  00005e4c    00000004     hello_pem4f.oem4f (.const:xdc_runtime_Assert_E_assertFailed__C)
                  00005e50    00000004     hello_pem4f.oem4f (.const:xdc_runtime_Error_E_memory__C)
                  00005e54    00000004     hello_pem4f.oem4f (.const:xdc_runtime_Error_policyFxn__C)
                  00005e58    00000004     hello_pem4f.oem4f (.const:xdc_runtime_IFilterLogger_Interface__BASE__C)
                  00005e5c    00000004     hello_pem4f.oem4f (.const:xdc_runtime_IGateProvider_Interface__BASE__C)
                  00005e60    00000004     hello_pem4f.oem4f (.const:xdc_runtime_IHeap_Interface__BASE__C)
                  00005e64    00000004     hello_pem4f.oem4f (.const:xdc_runtime_ILogger_Interface__BASE__C)
                  00005e68    00000004     hello_pem4f.oem4f (.const:xdc_runtime_IModule_Interface__BASE__C)
                  00005e6c    00000004     hello_pem4f.oem4f (.const:xdc_runtime_Memory_defaultHeapInstance__C)
                  00005e70    00000004     hello_pem4f.oem4f (.const:xdc_runtime_Startup_execImpl__C)
                  00005e74    00000004     hello_pem4f.oem4f (.const:xdc_runtime_Startup_maxPasses__C)
                  00005e78    00000004     hello_pem4f.oem4f (.const:xdc_runtime_Startup_sfxnRts__C)
                  00005e7c    00000004     hello_pem4f.oem4f (.const:xdc_runtime_Startup_sfxnTab__C)
                  00005e80    00000004     hello_pem4f.oem4f (.const:xdc_runtime_SysMin_bufSize__C)
                  00005e84    00000004     hello_pem4f.oem4f (.const:xdc_runtime_SysMin_outputFunc__C)
                  00005e88    00000004     hello_pem4f.oem4f (.const:xdc_runtime_System_Module__gateObj__C)
                  00005e8c    00000004     hello_pem4f.oem4f (.const:xdc_runtime_System_abortFxn__C)
                  00005e90    00000004     hello_pem4f.oem4f (.const:xdc_runtime_System_exitFxn__C)
                  00005e94    00000004     hello_pem4f.oem4f (.const:xdc_runtime_System_maxAtexitHandlers__C)
                  00005e98    00000004     hello_pem4f.oem4f (.const:xdc_runtime_Text_charTab__C)
                  00005e9c    00000002     hello_pem4f.oem4f (.const:ti_sysbios_family_arm_cc26xx_TimestampProvider_useClockTimer__C)
                  00005e9e    00000002     hello_pem4f.oem4f (.const:ti_sysbios_family_arm_m3_Hwi_Module__id__C)
                  00005ea0    00000002     hello_pem4f.oem4f (.const:ti_sysbios_family_arm_m3_Hwi_Module__loggerDefined__C)
                  00005ea2    00000002     hello_pem4f.oem4f (.const:ti_sysbios_heaps_HeapMem_Module__id__C)
                  00005ea4    00000002     hello_pem4f.oem4f (.const:ti_sysbios_knl_Clock_Module__id__C)
                  00005ea6    00000002     hello_pem4f.oem4f (.const:ti_sysbios_knl_Clock_Module__loggerDefined__C)
                  00005ea8    00000002     hello_pem4f.oem4f (.const:ti_sysbios_knl_Semaphore_Module__id__C)
                  00005eaa    00000002     hello_pem4f.oem4f (.const:ti_sysbios_knl_Semaphore_Module__loggerDefined__C)
                  00005eac    00000002     hello_pem4f.oem4f (.const:ti_sysbios_knl_Swi_Module__id__C)
                  00005eae    00000002     hello_pem4f.oem4f (.const:ti_sysbios_knl_Swi_Module__loggerDefined__C)
                  00005eb0    00000002     hello_pem4f.oem4f (.const:ti_sysbios_knl_Task_Module__id__C)
                  00005eb2    00000002     hello_pem4f.oem4f (.const:ti_sysbios_knl_Task_Module__loggerDefined__C)
                  00005eb4    00000002     hello_pem4f.oem4f (.const:ti_uia_loggers_LoggerStopMode_Module__id__C)
                  00005eb6    00000002     hello_pem4f.oem4f (.const:ti_uia_loggers_LoggerStopMode_isTimestampEnabled__C)
                  00005eb8    00000002     hello_pem4f.oem4f (.const:xdc_runtime_Memory_Module__id__C)
                  00005eba    00000002     hello_pem4f.oem4f (.const:xdc_runtime_SysMin_flushAtExit__C)
                  00005ebc    00000002     hello_pem4f.oem4f (.const:xdc_runtime_Text_isLoaded__C)
                  00005ebe    00000001     hello_pem4f.oem4f (.const:xdc_runtime_Error_policy__C)
                  00005ebf    00000001     hello_pem4f.oem4f (.const:xdc_runtime_Text_charTab__A)

MODULE SUMMARY

       Module                             code    ro data   rw data
       ------                             ----    -------   -------
    .\
       hello.obj                          268     0         2208   
    +--+----------------------------------+-------+---------+---------+
       Total:                             268     0         2208   
                                                                   
    .\syscfg\
       ti_drivers_config.obj              306     88        16     
       ti_devices_config.obj              0       88        0      
    +--+----------------------------------+-------+---------+---------+
       Total:                             306     176       16     
                                                                   
    C:\Users\kirk\workspace_v10\Tasks_demo3_CC1352R1_LAUNCHXL_tirtos_ccs\Debug\configPkg\package\cfg\
       hello_pem4f.oem4f                  3128    1496      4542   
    +--+----------------------------------+-------+---------+---------+
       Total:                             3128    1496      4542   
                                                                   
    C:/ti/simplelink_cc13x2_26x2_sdk_4_30_00_54/kernel/tirtos/packages/ti/dpl/lib/ccs/m4f/dpl_cc13x2.a
       PowerCC26X2_tirtos.oem4f           260     0         8      
       SemaphoreP_tirtos.oem4f            122     0         0      
       SwiP_tirtos.oem4f                  108     0         0      
       ClockP_tirtos.oem4f                94      0         0      
       HwiP_tirtos.oem4f                  82      0         0      
    +--+----------------------------------+-------+---------+---------+
       Total:                             666     0         8      
                                                                   
    C:/ti/simplelink_cc13x2_26x2_sdk_4_30_00_54/source/ti/devices/cc13x2_cc26x2/driverlib/bin/ccs/driverlib.lib
       sys_ctrl.obj                       428     0         0      
       osc.obj                            340     0         36     
       setup.obj                          324     0         0      
       chipinfo.obj                       250     0         0      
       prcm.obj                           160     0         0      
       aux_sysif.obj                      52      8         0      
       cpu.obj                            30      0         0      
       driverlib_release.obj              0       0         1      
    +--+----------------------------------+-------+---------+---------+
       Total:                             1584    8         37     
                                                                   
    C:/ti/simplelink_cc13x2_26x2_sdk_4_30_00_54/source/ti/drivers/lib/ccs/m4f/drivers_cc13x2.a
       PowerCC26X2.oem4f                  1988    84        368    
       PINCC26XX.oem4f                    1386    0         328    
       PowerCC26X2_calibrateRCOSC.oem4f   1400    0         0      
       GPIOCC26XX.oem4f                   660     64        61     
    +--+----------------------------------+-------+---------+---------+
       Total:                             5434    148       757    
                                                                   
    C:\Users\kirk\workspace_v10\Tasks_demo3_CC1352R1_LAUNCHXL_tirtos_ccs\src\sysbios\sysbios.aem4f
       BIOS.obj                           8690    0         0      
       m3_Hwi_asm.obj                     318     0         0      
       m3_TaskSupport_asm.obj             180     0         0      
       m3_Hwi_asm_switch.obj              118     0         0      
    +--+----------------------------------+-------+---------+---------+
       Total:                             9306    0         0      
                                                                   
    C:\ti\ccs1010\ccs\tools\compiler\ti-cgt-arm_20.2.3.LTS\lib\rtsv7M4_T_le_v4SPD16_eabi.lib
       trgmsg.c.obj                       108     0         288    
       memcpy_t2.asm.obj                  156     0         0      
       ull_div_t2.asm.obj                 150     0         0      
       memset_t2.asm.obj                  122     0         0      
       copy_decompress_lzss.c.obj         104     0         0      
       hostwrite.c.obj                    88      0         0      
       cpy_tbl.c.obj                      76      0         0      
       _lock.c.obj                        26      0         8      
       args_main.c.obj                    24      0         0      
       ll_mul_t2.asm.obj                  24      0         0      
       copy_decompress_none.c.obj         14      0         0      
       copy_zero_init.c.obj               12      0         0      
       hostopen.c.obj                     0       0         8      
       stkdepth_vars.c.obj                0       0         4      
       div0.asm.obj                       2       0         0      
    +--+----------------------------------+-------+---------+---------+
       Total:                             906     0         308    
                                                                   
    C:\ti\simplelink_cc13x2_26x2_sdk_4_30_00_54\kernel\tirtos\packages\ti\targets\arm\rtsarm\lib\auto_init.aem4f
       auto_init.oem4f                    160     0         0      
    +--+----------------------------------+-------+---------+---------+
       Total:                             160     0         0      
                                                                   
    C:\ti\simplelink_cc13x2_26x2_sdk_4_30_00_54\kernel\tirtos\packages\ti\targets\arm\rtsarm\lib\boot.aem4f
       boot.oem4f                         88      0         0      
    +--+----------------------------------+-------+---------+---------+
       Total:                             88      0         0      
                                                                   
    C:\ti\simplelink_cc13x2_26x2_sdk_4_30_00_54\kernel\tirtos\packages\ti\uia\loggers\lib\release\ti.uia.loggers.aem4f
       LoggerStopMode.oem4f               552     0         0      
    +--+----------------------------------+-------+---------+---------+
       Total:                             552     0         0      
                                                                   
    C:\ti\simplelink_cc13x2_26x2_sdk_4_30_00_54\kernel\tirtos\packages\ti\uia\runtime\lib\release\ti.uia.runtime.aem4f
       QueueDescriptor.oem4f              116     0         8      
    +--+----------------------------------+-------+---------+---------+
       Total:                             116     0         8      
                                                                   
       Stack:                             0       0         1024   
       Linker Generated:                  0       434       0      
    +--+----------------------------------+-------+---------+---------+
       Grand Total:                       22514   2262      8908   


LINKER GENERATED COPY TABLES

__TI_cinit_table @ 00006068 records: 2, size/record: 8, table size: 16
	.data: load addr=00005ec0, load size=0000018e bytes, run addr=200059b0, run size=00000578 bytes, compression=lzss
	.bss: load addr=00006060, load size=00000008 bytes, run addr=20004100, run size=000018b0 bytes, compression=zero_init


LINKER GENERATED HANDLER TABLE

__TI_handler_table @ 00006050 records: 3, size/record: 4, table size: 12
	index: 0, handler: __TI_decompress_lzss
	index: 1, handler: __TI_decompress_none
	index: 2, handler: __TI_zero_init


GLOBAL SYMBOLS: SORTED ALPHABETICALLY BY Name 

address   name                                                               
-------   ----                                                               
00005ca4  BoardGpioInitTable                                                 
00004d59  Board_init                                                         
0000096f  Board_initHook                                                     
00002ae9  Board_sendExtFlashByte                                             
00003f81  Board_shutDownExtFlash                                             
000039dd  Board_wakeUpExtFlash                                               
000041df  C$$IO$$                                                            
00005721  ClockP_Params_init                                                 
00003fc1  ClockP_construct                                                   
000055d1  ClockP_getSystemTickPeriod                                         
00004e79  ClockP_getSystemTicks                                              
0000579d  ClockP_start                                                       
000057a1  ClockP_stop                                                        
00005c58  GPIOCC26XX_config                                                  
00004511  GPIO_hwiIntFxn                                                     
000019fd  GPIO_init                                                          
00004541  GPIO_setCallback                                                   
00000ded  GPIO_setConfig                                                     
000033b9  GPIO_write                                                         
00004000  HEAPSIZE                                                           
00003591  HOSTwrite                                                          
00005487  HwiP_Params_init                                                   
000040c1  HwiP_construct                                                     
000057a5  HwiP_disable                                                       
0000576f  HwiP_restore                                                       
UNDEFED   ITM_flush                                                          
[...]
00005811  ti_uia_loggers_LoggerStopMode_getInstanceId__E                     
00005815  ti_uia_loggers_LoggerStopMode_getMaxLength__E                      
00005819  ti_uia_loggers_LoggerStopMode_getPriority__E                       
0000581d  ti_uia_loggers_LoggerStopMode_getTransferType__E                   
00005821  xdc_runtime_System_Module_GateProxy_enter__E                       
00005825  xdc_runtime_System_Module_GateProxy_leave__E                       
00005829  xdc_runtime_Error_policySpin__E                                    
0000582b  xdc_runtime_System_abortSpin__E                                    
0000582d  xdc_runtime_System_exitSpin__E                                     
00005830  ti_uia_loggers_LoggerStopMode_Module__FXNS__C                      
00005890  resourceDB                                                         
000058e4  ti_sysbios_knl_Task_Object__PARAMS__C                              
00005920  ti_sysbios_family_arm_m3_Hwi_Object__PARAMS__C                     
00005950  ti_sysbios_heaps_HeapMem_Module__FXNS__C                           
00005978  ti_sysbios_knl_Swi_Object__PARAMS__C                               
000059a0  ti_uia_loggers_LoggerStopMode_Object__PARAMS__C                    
000059c8  xdc_runtime_Startup_sfxnTab__A                                     
000059f0  ti_sysbios_gates_GateHwi_Module__FXNS__C                           
00005a14  ti_sysbios_gates_GateMutex_Module__FXNS__C                         
00005a38  ti_sysbios_heaps_HeapMem_Object__PARAMS__C                         
00005a5c  ti_sysbios_knl_Clock_Object__PARAMS__C                             
00005a80  ti_sysbios_knl_Semaphore_Object__PARAMS__C                         
00005aa4  ti_sysbios_family_arm_m3_Hwi_Object__DESC__C                       
00005ac4  ti_sysbios_gates_GateHwi_Object__DESC__C                           
00005ae4  ti_sysbios_gates_GateMutex_Object__DESC__C                         
00005b04  ti_sysbios_heaps_HeapMem_Object__DESC__C                           
00005b24  ti_sysbios_knl_Clock_Object__DESC__C                               
00005b44  ti_sysbios_knl_Queue_Object__DESC__C                               
00005b64  ti_sysbios_knl_Semaphore_Object__DESC__C                           
00005b84  ti_sysbios_knl_Swi_Object__DESC__C                                 
00005ba4  ti_sysbios_knl_Task_Object__DESC__C                                
00005bc4  ti_uia_loggers_LoggerStopMode_Object__DESC__C                      
00005bfc  ti_sysbios_gates_GateHwi_Object__PARAMS__C                         
00005c14  ti_sysbios_gates_GateMutex_Object__PARAMS__C                       
00005c2c  ti_sysbios_knl_Queue_Object__PARAMS__C                             
00005c58  GPIOCC26XX_config                                                  
00005c6c  PowerCC26X2_config                                                 
00005c80  xdc_runtime_Startup_sfxnRts__A                                     
00005c94  outPinTypes                                                        
00005ca4  BoardGpioInitTable                                                 
00005cb0  inPinTypes                                                         
00005cbc  outPinStrengths                                                    
00005cc8  xdc_runtime_Startup_firstFxns__A                                   
00005ce4  PINCC26XX_hwAttrs                                                  
00005cec  ti_sysbios_knl_Idle_funcList__C                                    
00005cf4  xdc_runtime_Startup_firstFxns__C                                   
00005cfc  xdc_runtime_Startup_lastFxns__C                                    
00005d04  ti_sysbios_family_arm_cc26xx_Timer_funcHookCH1__C                  
00005d08  ti_sysbios_family_arm_cc26xx_Timer_funcHookCH2__C                  
00005d0c  ti_sysbios_family_arm_cc26xx_Timer_startupNeeded__C                
00005d10  ti_sysbios_family_arm_m3_Hwi_E_alreadyDefined__C                   
00005d14  ti_sysbios_family_arm_m3_Hwi_E_badIntNum__C                        
00005d18  ti_sysbios_family_arm_m3_Hwi_LD_end__C                             
00005d1c  ti_sysbios_family_arm_m3_Hwi_LM_begin__C                           
00005d20  ti_sysbios_family_arm_m3_Hwi_Module__diagsEnabled__C               
00005d24  ti_sysbios_family_arm_m3_Hwi_Module__diagsIncluded__C              
00005d28  ti_sysbios_family_arm_m3_Hwi_Module__diagsMask__C                  
00005d2c  ti_sysbios_family_arm_m3_Hwi_Module__loggerFxn1__C                 
00005d30  ti_sysbios_family_arm_m3_Hwi_Module__loggerFxn8__C                 
00005d34  ti_sysbios_family_arm_m3_Hwi_Module__loggerObj__C                  
00005d38  ti_sysbios_family_arm_m3_Hwi_NUM_INTERRUPTS__C                     
00005d3c  ti_sysbios_family_arm_m3_Hwi_Object__count__C                      
00005d40  ti_sysbios_family_arm_m3_Hwi_ccr__C                                
00005d44  ti_sysbios_family_arm_m3_Hwi_excHandlerFunc__C                     
00005d48  ti_sysbios_family_arm_m3_Hwi_nullIsrFunc__C                        
00005d4c  ti_sysbios_family_arm_m3_Hwi_priGroup__C                           
00005d50  ti_sysbios_family_arm_m3_TaskSupport_stackAlignment__C             
00005d54  ti_sysbios_gates_GateMutex_Instance_State_sem__O                   
00005d58  ti_sysbios_heaps_HeapMem_E_memory__C                               
00005d5c  ti_sysbios_heaps_HeapMem_Module__gateObj__C                        
00005d60  ti_sysbios_heaps_HeapMem_Object__count__C                          
00005d64  ti_sysbios_heaps_HeapMem_primaryHeapBaseAddr__C                    
00005d68  ti_sysbios_heaps_HeapMem_primaryHeapEndAddr__C                     
00005d6c  ti_sysbios_heaps_HeapMem_reqAlign__C                               
00005d70  ti_sysbios_knl_Clock_LM_begin__C                                   
00005d74  ti_sysbios_knl_Clock_LM_tick__C                                    
00005d78  ti_sysbios_knl_Clock_Module_State_clockQ__O                        
00005d7c  ti_sysbios_knl_Clock_Module__diagsEnabled__C                       
00005d80  ti_sysbios_knl_Clock_Module__diagsIncluded__C                      
00005d84  ti_sysbios_knl_Clock_Module__diagsMask__C                          
00005d88  ti_sysbios_knl_Clock_Module__loggerFxn1__C                         
00005d8c  ti_sysbios_knl_Clock_Module__loggerFxn2__C                         
00005d90  ti_sysbios_knl_Clock_Module__loggerObj__C                          
00005d94  ti_sysbios_knl_Clock_tickPeriod__C                                 
00005d98  ti_sysbios_knl_Clock_triggerClock__C                               
00005d9c  ti_sysbios_knl_Idle_funcList__A                                    
00005da0  ti_sysbios_knl_Semaphore_Instance_State_pendQ__O                   
00005da4  ti_sysbios_knl_Semaphore_LM_pend__C                                
00005da8  ti_sysbios_knl_Semaphore_LM_post__C                                
00005dac  ti_sysbios_knl_Semaphore_Module__diagsEnabled__C                   
00005db0  ti_sysbios_knl_Semaphore_Module__diagsIncluded__C                  
00005db4  ti_sysbios_knl_Semaphore_Module__diagsMask__C                      
00005db8  ti_sysbios_knl_Semaphore_Module__loggerFxn2__C                     
00005dbc  ti_sysbios_knl_Semaphore_Module__loggerFxn4__C                     
00005dc0  ti_sysbios_knl_Semaphore_Module__loggerObj__C                      
00005dc4  ti_sysbios_knl_Swi_LD_end__C                                       
00005dc8  ti_sysbios_knl_Swi_LM_begin__C                                     
00005dcc  ti_sysbios_knl_Swi_LM_post__C                                      
00005dd0  ti_sysbios_knl_Swi_Module__diagsEnabled__C                         
00005dd4  ti_sysbios_knl_Swi_Module__diagsIncluded__C                        
00005dd8  ti_sysbios_knl_Swi_Module__diagsMask__C                            
00005ddc  ti_sysbios_knl_Swi_Module__loggerFxn1__C                           
00005de0  ti_sysbios_knl_Swi_Module__loggerFxn4__C                           
00005de4  ti_sysbios_knl_Swi_Module__loggerObj__C                            
00005de8  ti_sysbios_knl_Swi_Object__count__C                                
00005dec  ti_sysbios_knl_Swi_numPriorities__C                                
00005df0  ti_sysbios_knl_Task_LD_block__C                                    
00005df4  ti_sysbios_knl_Task_LD_exit__C                                     
00005df8  ti_sysbios_knl_Task_LD_ready__C                                    
00005dfc  ti_sysbios_knl_Task_LM_sleep__C                                    
00005e00  ti_sysbios_knl_Task_LM_switch__C                                   
00005e04  ti_sysbios_knl_Task_Module_State_inactiveQ__O                      
00005e08  ti_sysbios_knl_Task_Module__diagsEnabled__C                        
00005e0c  ti_sysbios_knl_Task_Module__diagsIncluded__C                       
00005e10  ti_sysbios_knl_Task_Module__diagsMask__C                           
00005e14  ti_sysbios_knl_Task_Module__loggerFxn2__C                          
00005e18  ti_sysbios_knl_Task_Module__loggerFxn4__C                          
00005e1c  ti_sysbios_knl_Task_Module__loggerObj__C                           
00005e20  ti_sysbios_knl_Task_Object__count__C                               
00005e24  ti_sysbios_knl_Task_allBlockedFunc__C                              
00005e28  ti_sysbios_knl_Task_defaultStackHeap__C                            
00005e2c  ti_sysbios_knl_Task_defaultStackSize__C                            
00005e30  ti_sysbios_knl_Task_numConstructedTasks__C                         
00005e34  ti_uia_loggers_LoggerStopMode_Module__diagsEnabled__C              
00005e38  ti_uia_loggers_LoggerStopMode_Module__diagsIncluded__C             
00005e3c  ti_uia_loggers_LoggerStopMode_Module__diagsMask__C                 
00005e40  ti_uia_loggers_LoggerStopMode_Object__count__C                     
00005e44  ti_uia_runtime_ILoggerSnapshot_Interface__BASE__C                  
00005e48  ti_uia_runtime_IUIATransfer_Interface__BASE__C                     
00005e4c  xdc_runtime_Assert_E_assertFailed__C                               
00005e50  xdc_runtime_Error_E_memory__C                                      
00005e54  xdc_runtime_Error_policyFxn__C                                     
00005e58  xdc_runtime_IFilterLogger_Interface__BASE__C                       
00005e5c  xdc_runtime_IGateProvider_Interface__BASE__C                       
00005e60  xdc_runtime_IHeap_Interface__BASE__C                               
00005e64  xdc_runtime_ILogger_Interface__BASE__C                             
00005e68  xdc_runtime_IModule_Interface__BASE__C                             
00005e6c  xdc_runtime_Memory_defaultHeapInstance__C                          
00005e70  xdc_runtime_Startup_execImpl__C                                    
00005e74  xdc_runtime_Startup_maxPasses__C                                   
00005e78  xdc_runtime_Startup_sfxnRts__C                                     
00005e7c  xdc_runtime_Startup_sfxnTab__C                                     
00005e80  xdc_runtime_SysMin_bufSize__C                                      
00005e84  xdc_runtime_SysMin_outputFunc__C                                   
00005e88  xdc_runtime_System_Module__gateObj__C                              
00005e8c  xdc_runtime_System_abortFxn__C                                     
00005e90  xdc_runtime_System_exitFxn__C                                      
00005e94  xdc_runtime_System_maxAtexitHandlers__C                            
00005e98  xdc_runtime_Text_charTab__C                                        
00005e9c  ti_sysbios_family_arm_cc26xx_TimestampProvider_useClockTimer__C    
00005e9e  ti_sysbios_family_arm_m3_Hwi_Module__id__C                         
00005ea0  ti_sysbios_family_arm_m3_Hwi_Module__loggerDefined__C              
00005ea2  ti_sysbios_heaps_HeapMem_Module__id__C                             
00005ea4  ti_sysbios_knl_Clock_Module__id__C                                 
00005ea6  ti_sysbios_knl_Clock_Module__loggerDefined__C                      
00005ea8  ti_sysbios_knl_Semaphore_Module__id__C                             
00005eaa  ti_sysbios_knl_Semaphore_Module__loggerDefined__C                  
00005eac  ti_sysbios_knl_Swi_Module__id__C                                   
00005eae  ti_sysbios_knl_Swi_Module__loggerDefined__C                        
00005eb0  ti_sysbios_knl_Task_Module__id__C                                  
00005eb2  ti_sysbios_knl_Task_Module__loggerDefined__C                       
00005eb4  ti_uia_loggers_LoggerStopMode_Module__id__C                        
00005eb6  ti_uia_loggers_LoggerStopMode_isTimestampEnabled__C                
00005eb8  xdc_runtime_Memory_Module__id__C                                   
00005eba  xdc_runtime_SysMin_flushAtExit__C                                  
00005ebc  xdc_runtime_Text_isLoaded__C                                       
00005ebe  xdc_runtime_Error_policy__C                                        
00005ebf  xdc_runtime_Text_charTab__A                                        
00006050  __TI_Handler_Table_Base                                            
0000605c  __TI_Handler_Table_Limit                                           
00006068  __TI_CINIT_Base                                                    
00006078  __TI_CINIT_Limit                                                   
00057fa8  __ccfg                                                             
20000000  __start___llvm_prf_cnts                                            
20000000  __stop___llvm_prf_cnts                                             
20000000  ti_sysbios_family_arm_m3_Hwi_ramVectors                            
200000d8  __primary_heap_start__                                             
200040d8  __primary_heap_end__                                               
20004900  ti_uia_loggers_LoggerStopMode_Instance_State_0_packetArray__A      
20004d00  ti_uia_loggers_LoggerStopMode_Instance_State_1_packetArray__A      
20005100  ti_sysbios_knl_Task_Instance_State_0_stack__A                      
20005300  xdc_runtime_SysMin_Module_State_0_outbuf__A                        
20005500  __CIOBUF_                                                          
20005620  ti_sysbios_family_arm_m3_Hwi_dispatchTable                         
200056f8  pinHandleTable                                                     
200057c4  urgentWorkTask                                                     
20005814  workTask                                                           
20005900  ti_uia_loggers_LoggerStopMode_Instance_State_0_hdr__A              
20005938  parmbuf                                                            
20005944  PowerCC26XX_swiKey                                                 
20005948  PowerCC26XX_taskKey                                                
2000594c  driverlib_release_0_58048                                          
20005980  ti_uia_loggers_LoggerStopMode_Instance_State_1_hdr__A              
200059b0  PowerCC26X2_module                                                 
20005b20  ti_uia_loggers_LoggerStopMode_Object__table__V                     
20005b88  ti_sysbios_knl_Task_Object__table__V                               
20005bd8  ti_sysbios_family_arm_cc26xx_Timer_Object__table__V                
20005c20  ti_sysbios_knl_Task_Module__state__V                               
20005c64  ti_sysbios_gates_GateMutex_Object__table__V                        
20005c9c  ti_sysbios_family_arm_m3_Hwi_Module__state__V                      
20005cd0  ti_sysbios_knl_Swi_Module_State_0_readyQ__A                        
20005d00  ti_sysbios_knl_Swi_Object__table__V                                
20005d30  ti_sysbios_knl_Clock_Module__state__V                              
20005d5c  _hposcCoeffs                                                       
20005d80  ti_sysbios_BIOS_Module__state__V                                   
20005da4  ti_sysbios_knl_Clock_Object__table__V                              
20005dc4  ti_sysbios_knl_Task_Module_State_0_readyQ__A                       
20005de4  xdc_runtime_Error_IgnoreBlock                                      
20005e04  ti_sysbios_knl_Swi_Module__state__V                                
20005e20  ti_sysbios_family_arm_m3_Hwi_Object__table__V                      
20005e38  ti_sysbios_heaps_HeapMem_Object__table__V                          
20005e50  ti_sysbios_knl_Task_Module__root__V                                
20005e5c  ti_uia_runtime_QueueDescriptor_Module__state__V                    
20005e68  xdc_runtime_SysMin_Module__state__V                                
20005e74  _lock                                                              
20005e78  _unlock                                                            
20005e7c  pinUpperBound                                                      
20005e80  pinLowerBound                                                      
20005e84  gpioCallbackFunctions                                              
20005e8c  gpioPinConfigs                                                     
20005e94  ti_uia_runtime_QueueDescriptor_gPtrToFirstDescriptor               
20005e98  ti_uia_runtime_QueueDescriptor_gUpdateCount                        
20005e9c  ti_sysbios_family_arm_cc26xx_Timer_Module__state__V                
20005ea4  ti_sysbios_family_arm_m3_Hwi_Module__root__V                       
20005eac  ti_sysbios_gates_GateHwi_Module__root__V                           
20005eb4  ti_sysbios_gates_GateMutex_Module__root__V                         
20005ebc  ti_sysbios_heaps_HeapMem_Module__root__V                           
20005ec4  ti_sysbios_knl_Clock_Module__root__V                               
20005ecc  ti_sysbios_knl_Queue_Module__root__V                               
20005ed4  ti_sysbios_knl_Semaphore_Module__root__V                           
20005edc  ti_sysbios_knl_Swi_Module__root__V                                 
20005ee4  ti_uia_loggers_LoggerStopMode_Module__root__V                      
20005eec  xdc_runtime_Startup_Module__state__V                               
20005ef4  xdc_runtime_System_Module_State_0_atexitHandlers__A                
20005efc  xdc_runtime_System_Module__state__V                                
20005f0a  ti_sysbios_family_arm_m3_Hwi_Module_State_0_excActive__A           
20005f0c  main_func_sp                                                       
20005f10  ti_sysbios_family_arm_cc26xx_TimestampProvider_Module__state__V    
20005f14  ti_sysbios_family_arm_m3_Hwi_Module_State_0_excContext__A          
20005f18  ti_sysbios_family_arm_m3_Hwi_Module_State_0_excStack__A            
20005f1c  ti_sysbios_gates_GateHwi_Object__table__V                          
20005f20  ti_sysbios_knl_Task_Module_State_0_idleTask__A                     
20005f24  xdc_runtime_Memory_Module__state__V                                
20013c00  __stack                                                            
20014000  __STACK_END                                                        
e000e000  ti_sysbios_family_arm_m3_Hwi_nvic                                  
ffffffff  __TI_pprof_out_hndl                                                
ffffffff  __TI_prof_data_size                                                
ffffffff  __TI_prof_data_start                                               
ffffffff  __binit__                                                          
ffffffff  __c_args__                                                         
ffffffff  binit                                                              
UNDEFED   ITM_flush                                                          
UNDEFED   ITM_restore                                                        
UNDEFED   SHT$$INIT_ARRAY$$Base                                              
UNDEFED   SHT$$INIT_ARRAY$$Limit                                             

[665 symbols]
