******************************************************************************
                  TI ARM Linker PC v20.2.1                     
******************************************************************************
>> Linked Mon Oct 26 11:18:38 2020

OUTPUT FILE NAME:   <asng2_t01_TIVAC123g.out>
ENTRY POINT SYMBOL: "_c_int00_noargs"  address: 00002279


MEMORY CONFIGURATION

         name            origin    length      used     unused   attr    fill
----------------------  --------  ---------  --------  --------  ----  --------
  FLASH                 00000000   00040000  0000255c  0003daa4  R  X
  SRAM                  20000000   00008000  0000021c  00007de4  RW X


SEGMENT ALLOCATION MAP

run origin  load origin   length   init length attrs members
----------  ----------- ---------- ----------- ----- -------
00000000    00000000    00002560   00002560    r-x
  00000000    00000000    0000026c   0000026c    r-- .intvecs
  0000026c    0000026c    00002178   00002178    r-x .text
  000023e8    000023e8    00000148   00000148    r-- .const
  00002530    00002530    00000030   00000030    r-- .cinit
20000000    20000000    00000220   00000000    rw-
  20000000    20000000    00000200   00000000    rw- .stack
  20000200    20000200    00000014   00000000    rw- .data
  20000218    20000218    00000008   00000000    rw- .bss


SECTION ALLOCATION MAP

 output                                  attributes/
section   page    origin      length       input sections
--------  ----  ----------  ----------   ----------------
.intvecs   0    00000000    0000026c     
                  00000000    0000026c     startup_ccs.obj (.intvecs)

.text      0    0000026c    00002178     
                  0000026c    000009c0     rtsv7M4_T_le_v4SPD16_eabi.lib : e_pow.c.obj (.text:pow)
                  00000c2c    00000338     asng02_t01.obj (.text:GetTemp)
                  00000f64    000001ee     uartstdio.obj (.text:UARTvprintf)
                  00001152    000001b6     rtsv7M4_T_le_v4SPD16_eabi.lib : fd_add_t2.asm.obj (.text)
                  00001308    00000158                                   : e_sqrt.c.obj (.text:sqrt)
                  00001460    00000136                                   : fd_div_t2.asm.obj (.text)
                  00001596    00000002     startup_ccs.obj (.text:FaultISR)
                  00001598    00000134     asng02_t01.obj (.text:main)
                  000016cc    00000132     driverlib.lib : gpio.obj (.text:GPIOPadConfigSet)
                  000017fe    00000002     startup_ccs.obj (.text:IntDefaultHandler)
                  00001800    00000110     driverlib.lib : sysctl.obj (.text:SysCtlClockGet)
                  00001910    00000110     rtsv7M4_T_le_v4SPD16_eabi.lib : s_scalbn.c.obj (.text:scalbn)
                  00001a20    000000fc                                   : fd_mul_t2.asm.obj (.text)
                  00001b1c    000000f4     driverlib.lib : sysctl.obj (.text:SysCtlClockSet)
                  00001c10    0000009c     rtsv7M4_T_le_v4SPD16_eabi.lib : memcpy_t2.asm.obj (.text)
                  00001cac    0000008f     asng02_t01.obj (.text:init_tmp006)
                  00001d3b    00000001     --HOLE-- [fill = 0]
                  00001d3c    00000086     rtsv7M4_T_le_v4SPD16_eabi.lib : fd_cmp_t2.asm.obj (.text:__aeabi_cdcmple)
                  00001dc2    00000086                                   : fd_cmp_t2.asm.obj (.text:__aeabi_cdrcmple)
                  00001e48    00000078     asng02_t01.obj (.text:read16_I2C1)
                  00001ec0    00000068     rtsv7M4_T_le_v4SPD16_eabi.lib : copy_decompress_lzss.c.obj (.text:decompress:lzss:__TI_decompress_lzss)
                  00001f28    00000068     asng02_t01.obj (.text:init_I2C1)
                  00001f90    00000060     uartstdio.obj (.text:UARTStdioConfig)
                  00001ff0    00000060     asng02_t01.obj (.text:write16_I2C1)
                  00002050    0000004c     asng02_t01.obj (.text:ConfigureUART)
                  0000209c    0000004c     driverlib.lib : i2c.obj (.text:I2CMasterInitExpClk)
                  000020e8    00000048                   : gpio.obj (.text:GPIOPinConfigure)
                  00002130    00000048     uartstdio.obj (.text:UARTwrite)
                  00002178    00000048     rtsv7M4_T_le_v4SPD16_eabi.lib : fd_toi_t2.asm.obj (.text)
                  000021c0    00000044                                   : autoinit.c.obj (.text:__TI_auto_init_nobinit_nopinit:__TI_auto_init_nobinit_nopinit)
                  00002204    00000040                                   : u_divt2.asm.obj (.text)
                  00002244    00000034     driverlib.lib : sysctl.obj (.text:SysCtlPeripheralEnable)
                  00002278    00000034     rtsv7M4_T_le_v4SPD16_eabi.lib : boot_cortex_m.c.obj (.text:_c_int00_noargs:_c_int00_noargs)
                  000022ac    0000002e                                   : i_tofd_t2.asm.obj (.text)
                  000022da    0000002a     driverlib.lib : gpio.obj (.text:GPIODirModeSet)
                  00002304    0000001c     rtsv7M4_T_le_v4SPD16_eabi.lib : copy_zero_init.c.obj (.text:decompress:ZI:__TI_zero_init_nomemset:__TI_zero_init_nomemset)
                  00002320    0000001a     uartstdio.obj (.text:UARTprintf)
                  0000233a    0000001a     rtsv7M4_T_le_v4SPD16_eabi.lib : s_copysign.c.obj (.text:copysign)
                  00002354    00000012     driverlib.lib : gpio.obj (.text:GPIOPinTypeI2C)
                  00002366    00000012                   : gpio.obj (.text:GPIOPinTypeI2CSCL)
                  00002378    00000012                   : gpio.obj (.text:GPIOPinTypeUART)
                  0000238a    0000000e     rtsv7M4_T_le_v4SPD16_eabi.lib : copy_decompress_none.c.obj (.text:decompress:none:__TI_decompress_none)
                  00002398    0000000a     driverlib.lib : i2c.obj (.text:I2CMasterEnable)
                  000023a2    00000008                   : i2c.obj (.text:I2CMasterBusy)
                  000023aa    00000008                   : i2c.obj (.text:I2CMasterSlaveAddrSet)
                  000023b2    00000002     startup_ccs.obj (.text:NmiSR)
                  000023b4    00000008     rtsv7M4_T_le_v4SPD16_eabi.lib : errno.c.obj (.text:__aeabi_errno_addr)
                  000023bc    00000006     startup_ccs.obj (.text:ResetISR)
                  000023c2    00000006     driverlib.lib : sysctl.obj (.text:SysCtlDelay)
                  000023c8    00000006                   : uart.obj (.text:UARTClockSourceSet)
                  000023ce    00000004                   : i2c.obj (.text:I2CMasterControl)
                  000023d2    00000004                   : i2c.obj (.text:I2CMasterDataGet)
                  000023d6    00000004                   : i2c.obj (.text:I2CMasterDataPut)
                  000023da    00000004     rtsv7M4_T_le_v4SPD16_eabi.lib : pre_init.c.obj (.text:_system_pre_init)
                  000023de    00000004                                   : exit.c.obj (.text:abort:abort)
                  000023e2    00000002                                   : div0.asm.obj (.text)

.const     0    000023e8    00000148     
                  000023e8    00000090     driverlib.lib : gpio.obj (.const:g_pui32GPIOBaseAddrs)
                  00002478    0000006c                   : sysctl.obj (.const:g_pui32Xtals)
                  000024e4    00000004     --HOLE-- [fill = 0]
                  000024e8    00000030     rtsv7M4_T_le_v4SPD16_eabi.lib : e_pow.c.obj (.const:$O1$$)
                  00002518    0000000c     uartstdio.obj (.const:g_ui32UARTBase)
                  00002524    0000000c     uartstdio.obj (.const:g_ui32UARTPeriph)

.cinit     0    00002530    00000030     
                  00002530    0000000c     (__TI_handler_table)
                  0000253c    00000004     --HOLE-- [fill = 0]
                  00002540    00000008     (.cinit..bss.load) [load image, compression = zero_init]
                  00002548    00000008     (.cinit..data.load) [load image, compression = lzss]
                  00002550    00000010     (__TI_cinit_table)

.init_array 
*          0    00000000    00000000     UNINITIALIZED

.data      0    20000200    00000014     UNINITIALIZED
                  20000200    00000008     asng02_t01.obj (.data)
                  20000208    00000005     uartstdio.obj (.data)
                  2000020d    00000003     --HOLE--
                  20000210    00000004     rtsv7M4_T_le_v4SPD16_eabi.lib : errno.c.obj (.data)

.bss       0    20000218    00000008     UNINITIALIZED
                  20000218    00000008     (.common:Tobj)

.stack     0    20000000    00000200     UNINITIALIZED
                  20000000    00000004     rtsv7M4_T_le_v4SPD16_eabi.lib : boot_cortex_m.c.obj (.stack)
                  20000004    000001fc     --HOLE--

__llvm_prf_cnts 
*          0    20000000    00000000     UNINITIALIZED

MODULE SUMMARY

       Module                       code   ro data   rw data
       ------                       ----   -------   -------
    .\
       asng02_t01.obj               1671   0         16     
       uartstdio.obj                688    24        5      
       startup_ccs.obj              12     620       0      
    +--+----------------------------+------+---------+---------+
       Total:                       2371   644       21     
                                                            
    C:/ti/tivaware_c_series_2_1_4_178/driverlib/ccs/Debug/driverlib.lib
       sysctl.obj                   574    108       0      
       gpio.obj                     474    144       0      
       i2c.obj                      114    0         0      
       uart.obj                     6      0         0      
    +--+----------------------------+------+---------+---------+
       Total:                       1168   252       0      
                                                            
    C:\ti\ccs1010\ccs\tools\compiler\ti-cgt-arm_20.2.1.LTS\lib\rtsv7M4_T_le_v4SPD16_eabi.lib
       e_pow.c.obj                  2496   48        0      
       fd_add_t2.asm.obj            438    0         0      
       e_sqrt.c.obj                 344    0         0      
       fd_div_t2.asm.obj            310    0         0      
       s_scalbn.c.obj               272    0         0      
       fd_cmp_t2.asm.obj            268    0         0      
       fd_mul_t2.asm.obj            252    0         0      
       memcpy_t2.asm.obj            156    0         0      
       copy_decompress_lzss.c.obj   104    0         0      
       fd_toi_t2.asm.obj            72     0         0      
       autoinit.c.obj               68     0         0      
       u_divt2.asm.obj              64     0         0      
       boot_cortex_m.c.obj          52     0         0      
       i_tofd_t2.asm.obj            46     0         0      
       copy_zero_init.c.obj         28     0         0      
       s_copysign.c.obj             26     0         0      
       copy_decompress_none.c.obj   14     0         0      
       errno.c.obj                  8      0         4      
       exit.c.obj                   4      0         0      
       pre_init.c.obj               4      0         0      
       div0.asm.obj                 2      0         0      
    +--+----------------------------+------+---------+---------+
       Total:                       5028   48        4      
                                                            
       Stack:                       0      0         512    
       Linker Generated:            0      44        0      
    +--+----------------------------+------+---------+---------+
       Grand Total:                 8567   988       537    


LINKER GENERATED COPY TABLES

__TI_cinit_table @ 00002550 records: 2, size/record: 8, table size: 16
	.bss: load addr=00002540, load size=00000008 bytes, run addr=20000218, run size=00000008 bytes, compression=zero_init
	.data: load addr=00002548, load size=00000008 bytes, run addr=20000200, run size=00000014 bytes, compression=lzss


LINKER GENERATED HANDLER TABLE

__TI_handler_table @ 00002530 records: 3, size/record: 4, table size: 12
	index: 0, handler: __TI_decompress_lzss
	index: 1, handler: __TI_decompress_none
	index: 2, handler: __TI_zero_init


GLOBAL SYMBOLS: SORTED ALPHABETICALLY BY Name 

address   name                          
-------   ----                          
000023df  C$$EXIT                       
00002051  ConfigureUART                 
000022db  GPIODirModeSet                
000016cd  GPIOPadConfigSet              
000020e9  GPIOPinConfigure              
00002355  GPIOPinTypeI2C                
00002367  GPIOPinTypeI2CSCL             
00002379  GPIOPinTypeUART               
00000c2d  GetTemp                       
000023a3  I2CMasterBusy                 
000023cf  I2CMasterControl              
000023d3  I2CMasterDataGet              
000023d7  I2CMasterDataPut              
00002399  I2CMasterEnable               
0000209d  I2CMasterInitExpClk           
000023ab  I2CMasterSlaveAddrSet         
000023bd  ResetISR                      
00001801  SysCtlClockGet                
00001b1d  SysCtlClockSet                
000023c3  SysCtlDelay                   
00002245  SysCtlPeripheralEnable        
20000218  Tobj                          
000023c9  UARTClockSourceSet            
00001f91  UARTStdioConfig               
00002321  UARTprintf                    
00000f65  UARTvprintf                   
00002131  UARTwrite                     
20000200  __STACK_END                   
00000200  __STACK_SIZE                  
20000200  __STACK_TOP                   
00002550  __TI_CINIT_Base               
00002560  __TI_CINIT_Limit              
00002530  __TI_Handler_Table_Base       
0000253c  __TI_Handler_Table_Limit      
000021c1  __TI_auto_init_nobinit_nopinit
00001ec1  __TI_decompress_lzss          
0000238b  __TI_decompress_none          
ffffffff  __TI_pprof_out_hndl           
ffffffff  __TI_prof_data_size           
ffffffff  __TI_prof_data_start          
00000000  __TI_static_base__            
00002305  __TI_zero_init_nomemset       
00001d3d  __aeabi_cdcmpeq               
00001d3d  __aeabi_cdcmple               
00001dc3  __aeabi_cdrcmple              
00002179  __aeabi_d2iz                  
0000115d  __aeabi_dadd                  
00001461  __aeabi_ddiv                  
00001a21  __aeabi_dmul                  
00001153  __aeabi_dsub                  
000023b5  __aeabi_errno_addr            
000022ad  __aeabi_i2d                   
000023e3  __aeabi_idiv0                 
000023e3  __aeabi_ldiv0                 
00001c11  __aeabi_memcpy                
00001c11  __aeabi_memcpy4               
00001c11  __aeabi_memcpy8               
00002205  __aeabi_uidiv                 
00002205  __aeabi_uidivmod              
ffffffff  __binit__                     
ffffffff  __c_args__                    
UNDEFED   __mpu_init                    
20000000  __stack                       
20000000  __start___llvm_prf_cnts       
20000000  __stop___llvm_prf_cnts        
00002279  _c_int00_noargs               
UNDEFED   _system_post_cinit            
000023db  _system_pre_init              
000023df  abort                         
ffffffff  binit                         
0000233b  copysign                      
0000233b  copysignl                     
20000210  errno                         
00000000  g_pfnVectors                  
00001f29  init_I2C1                     
00001cad  init_tmp006                   
00001911  ldexp                         
00001911  ldexpl                        
00001599  main                          
00001c11  memcpy                        
0000026d  pow                           
0000026d  powl                          
00001e49  read16_I2C1                   
00001911  scalbn                        
00001911  scalbnl                       
00001309  sqrt                          
00001309  sqrtl                         
00001ff1  write16_I2C1                  


GLOBAL SYMBOLS: SORTED BY Symbol Address 

address   name                          
-------   ----                          
00000000  __TI_static_base__            
00000000  g_pfnVectors                  
00000200  __STACK_SIZE                  
0000026d  pow                           
0000026d  powl                          
00000c2d  GetTemp                       
00000f65  UARTvprintf                   
00001153  __aeabi_dsub                  
0000115d  __aeabi_dadd                  
00001309  sqrt                          
00001309  sqrtl                         
00001461  __aeabi_ddiv                  
00001599  main                          
000016cd  GPIOPadConfigSet              
00001801  SysCtlClockGet                
00001911  ldexp                         
00001911  ldexpl                        
00001911  scalbn                        
00001911  scalbnl                       
00001a21  __aeabi_dmul                  
00001b1d  SysCtlClockSet                
00001c11  __aeabi_memcpy                
00001c11  __aeabi_memcpy4               
00001c11  __aeabi_memcpy8               
00001c11  memcpy                        
00001cad  init_tmp006                   
00001d3d  __aeabi_cdcmpeq               
00001d3d  __aeabi_cdcmple               
00001dc3  __aeabi_cdrcmple              
00001e49  read16_I2C1                   
00001ec1  __TI_decompress_lzss          
00001f29  init_I2C1                     
00001f91  UARTStdioConfig               
00001ff1  write16_I2C1                  
00002051  ConfigureUART                 
0000209d  I2CMasterInitExpClk           
000020e9  GPIOPinConfigure              
00002131  UARTwrite                     
00002179  __aeabi_d2iz                  
000021c1  __TI_auto_init_nobinit_nopinit
00002205  __aeabi_uidiv                 
00002205  __aeabi_uidivmod              
00002245  SysCtlPeripheralEnable        
00002279  _c_int00_noargs               
000022ad  __aeabi_i2d                   
000022db  GPIODirModeSet                
00002305  __TI_zero_init_nomemset       
00002321  UARTprintf                    
0000233b  copysign                      
0000233b  copysignl                     
00002355  GPIOPinTypeI2C                
00002367  GPIOPinTypeI2CSCL             
00002379  GPIOPinTypeUART               
0000238b  __TI_decompress_none          
00002399  I2CMasterEnable               
000023a3  I2CMasterBusy                 
000023ab  I2CMasterSlaveAddrSet         
000023b5  __aeabi_errno_addr            
000023bd  ResetISR                      
000023c3  SysCtlDelay                   
000023c9  UARTClockSourceSet            
000023cf  I2CMasterControl              
000023d3  I2CMasterDataGet              
000023d7  I2CMasterDataPut              
000023db  _system_pre_init              
000023df  C$$EXIT                       
000023df  abort                         
000023e3  __aeabi_idiv0                 
000023e3  __aeabi_ldiv0                 
00002530  __TI_Handler_Table_Base       
0000253c  __TI_Handler_Table_Limit      
00002550  __TI_CINIT_Base               
00002560  __TI_CINIT_Limit              
20000000  __stack                       
20000000  __start___llvm_prf_cnts       
20000000  __stop___llvm_prf_cnts        
20000200  __STACK_END                   
20000200  __STACK_TOP                   
20000210  errno                         
20000218  Tobj                          
ffffffff  __TI_pprof_out_hndl           
ffffffff  __TI_prof_data_size           
ffffffff  __TI_prof_data_start          
ffffffff  __binit__                     
ffffffff  __c_args__                    
ffffffff  binit                         
UNDEFED   __mpu_init                    
UNDEFED   _system_post_cinit            

[88 symbols]
